12:19:58 **** Incremental Build of configuration Debug for project HeartbeatChecker ****
make -j8 all 
arm-none-eabi-size   HeartbeatChecker.elf 
   text	   data	    bss	    dec	    hex	filename
  26680	    488	   1872	  29040	   7170	HeartbeatChecker.elf
Finished building: default.size.stdout
 
12:41:20 **** Incremental Build of configuration Debug for project HeartbeatChecker ****
make -j8 all 
arm-none-eabi-gcc "../Core/Src/main.c" -mcpu=cortex-m4 -std=gnu11 -g3 -DDEBUG -DUSE_HAL_DRIVER -DSTM32F407xx -c -I../USB_HOST/App -I../USB_HOST/Target -I../Core/Inc -I../Drivers/STM32F4xx_HAL_Driver/Inc -I../Drivers/STM32F4xx_HAL_Driver/Inc/Legacy -I../Middlewares/ST/STM32_USB_Host_Library/Core/Inc -I../Middlewares/ST/STM32_USB_Host_Library/Class/CDC/Inc -I../Drivers/CMSIS/Device/ST/STM32F4xx/Include -I../Drivers/CMSIS/Include -O0 -ffunction-sections -fdata-sections -Wall -fstack-usage -MMD -MP -MF"Core/Src/main.d" -MT"Core/Src/main.o" --specs=nano.specs -mfpu=fpv4-sp-d16 -mfloat-abi=hard -mthumb -o "Core/Src/main.o"
../Core/Src/main.c: In function 'HAL_GPIO_EXTI_Callback':
../Core/Src/main.c:184:8: warning: unused variable 'Vadc' [-Wunused-variable]
  184 |  float Vadc;
      |        ^~~~
arm-none-eabi-gcc -o "HeartbeatChecker.elf" @"objects.list"   -mcpu=cortex-m4 -T"C:\Users\ASUS\Desktop\Project1\HeartbeatChecker\STM32F407VGTX_FLASH.ld" --specs=nosys.specs -Wl,-Map="HeartbeatChecker.map" -Wl,--gc-sections -static --specs=nano.specs -mfpu=fpv4-sp-d16 -mfloat-abi=hard -mthumb -u _printf_float -Wl,--start-group -lc -lm -Wl,--end-group
Finished building target: HeartbeatChecker.elf
 
arm-none-eabi-size   HeartbeatChecker.elf 
arm-none-eabi-objdump -h -S  HeartbeatChecker.elf  > "HeartbeatChecker.list"
arm-none-eabi-objcopy  -O binary  HeartbeatChecker.elf  "HeartbeatChecker.bin"
   text	   data	    bss	    dec	    hex	filename
  26688	    488	   1872	  29048	   7178	HeartbeatChecker.elf
Finished building: default.size.stdout
 
Finished building: HeartbeatChecker.bin
 
Finished building: HeartbeatChecker.list
 
12:42:59 **** Incremental Build of configuration Debug for project HeartbeatChecker ****
make -j8 all 
arm-none-eabi-gcc "../Core/Src/main.c" -mcpu=cortex-m4 -std=gnu11 -g3 -DDEBUG -DUSE_HAL_DRIVER -DSTM32F407xx -c -I../USB_HOST/App -I../USB_HOST/Target -I../Core/Inc -I../Drivers/STM32F4xx_HAL_Driver/Inc -I../Drivers/STM32F4xx_HAL_Driver/Inc/Legacy -I../Middlewares/ST/STM32_USB_Host_Library/Core/Inc -I../Middlewares/ST/STM32_USB_Host_Library/Class/CDC/Inc -I../Drivers/CMSIS/Device/ST/STM32F4xx/Include -I../Drivers/CMSIS/Include -O0 -ffunction-sections -fdata-sections -Wall -fstack-usage -MMD -MP -MF"Core/Src/main.d" -MT"Core/Src/main.o" --specs=nano.specs -mfpu=fpv4-sp-d16 -mfloat-abi=hard -mthumb -o "Core/Src/main.o"
../Core/Src/main.c: In function 'HAL_GPIO_EXTI_Callback':
../Core/Src/main.c:184:8: warning: unused variable 'Vadc' [-Wunused-variable]
  184 |  float Vadc;
      |        ^~~~
arm-none-eabi-gcc -o "HeartbeatChecker.elf" @"objects.list"   -mcpu=cortex-m4 -T"C:\Users\ASUS\Desktop\Project1\HeartbeatChecker\STM32F407VGTX_FLASH.ld" --specs=nosys.specs -Wl,-Map="HeartbeatChecker.map" -Wl,--gc-sections -static --specs=nano.specs -mfpu=fpv4-sp-d16 -mfloat-abi=hard -mthumb -u _printf_float -Wl,--start-group -lc -lm -Wl,--end-group
Finished building target: HeartbeatChecker.elf
 
arm-none-eabi-size   HeartbeatChecker.elf 
arm-none-eabi-objdump -h -S  HeartbeatChecker.elf  > "HeartbeatChecker.list"
arm-none-eabi-objcopy  -O binary  HeartbeatChecker.elf  "HeartbeatChecker.bin"
   text	   data	    bss	    dec	    hex	filename
  26688	    488	   1872	  29048	   7178	HeartbeatChecker.elf
Finished building: default.size.stdout
 
Finished building: HeartbeatChecker.bin
 
Finished building: HeartbeatChecker.list
 
12:43:27 **** Incremental Build of configuration Debug for project HeartbeatChecker ****
make -j8 all 
arm-none-eabi-size   HeartbeatChecker.elf 
   text	   data	    bss	    dec	    hex	filename
  26688	    488	   1872	  29048	   7178	HeartbeatChecker.elf
Finished building: default.size.stdout
 
12:44:26 **** Incremental Build of configuration Debug for project HeartbeatChecker ****
make -j8 all 
arm-none-eabi-gcc "../Core/Src/main.c" -mcpu=cortex-m4 -std=gnu11 -g3 -DDEBUG -DUSE_HAL_DRIVER -DSTM32F407xx -c -I../USB_HOST/App -I../USB_HOST/Target -I../Core/Inc -I../Drivers/STM32F4xx_HAL_Driver/Inc -I../Drivers/STM32F4xx_HAL_Driver/Inc/Legacy -I../Middlewares/ST/STM32_USB_Host_Library/Core/Inc -I../Middlewares/ST/STM32_USB_Host_Library/Class/CDC/Inc -I../Drivers/CMSIS/Device/ST/STM32F4xx/Include -I../Drivers/CMSIS/Include -O0 -ffunction-sections -fdata-sections -Wall -fstack-usage -MMD -MP -MF"Core/Src/main.d" -MT"Core/Src/main.o" --specs=nano.specs -mfpu=fpv4-sp-d16 -mfloat-abi=hard -mthumb -o "Core/Src/main.o"
../Core/Src/main.c: In function 'HAL_GPIO_EXTI_Callback':
../Core/Src/main.c:209:43: warning: format '%ld' expects argument of type 'long int', but argument 4 has type 'int' [-Wformat=]
  209 |   sprintf(data_buffer, "Beat: %d, test: %ld\r\n", pulse, test);
      |                                         ~~^              ~~~~
      |                                           |              |
      |                                           long int       int
      |                                         %d
../Core/Src/main.c:184:8: warning: unused variable 'Vadc' [-Wunused-variable]
  184 |  float Vadc;
      |        ^~~~
arm-none-eabi-gcc -o "HeartbeatChecker.elf" @"objects.list"   -mcpu=cortex-m4 -T"C:\Users\ASUS\Desktop\Project1\HeartbeatChecker\STM32F407VGTX_FLASH.ld" --specs=nosys.specs -Wl,-Map="HeartbeatChecker.map" -Wl,--gc-sections -static --specs=nano.specs -mfpu=fpv4-sp-d16 -mfloat-abi=hard -mthumb -u _printf_float -Wl,--start-group -lc -lm -Wl,--end-group
Finished building target: HeartbeatChecker.elf
 
arm-none-eabi-size   HeartbeatChecker.elf 
arm-none-eabi-objdump -h -S  HeartbeatChecker.elf  > "HeartbeatChecker.list"
arm-none-eabi-objcopy  -O binary  HeartbeatChecker.elf  "HeartbeatChecker.bin"
   text	   data	    bss	    dec	    hex	filename
  26704	    488	   1872	  29064	   7188	HeartbeatChecker.elf
Finished building: default.size.stdout
 
Finished building: HeartbeatChecker.bin
Finished building: HeartbeatChecker.list
 
 
12:44:37 **** Incremental Build of configuration Debug for project HeartbeatChecker ****
make -j8 all 
arm-none-eabi-gcc "../Core/Src/main.c" -mcpu=cortex-m4 -std=gnu11 -g3 -DDEBUG -DUSE_HAL_DRIVER -DSTM32F407xx -c -I../USB_HOST/App -I../USB_HOST/Target -I../Core/Inc -I../Drivers/STM32F4xx_HAL_Driver/Inc -I../Drivers/STM32F4xx_HAL_Driver/Inc/Legacy -I../Middlewares/ST/STM32_USB_Host_Library/Core/Inc -I../Middlewares/ST/STM32_USB_Host_Library/Class/CDC/Inc -I../Drivers/CMSIS/Device/ST/STM32F4xx/Include -I../Drivers/CMSIS/Include -O0 -ffunction-sections -fdata-sections -Wall -fstack-usage -MMD -MP -MF"Core/Src/main.d" -MT"Core/Src/main.o" --specs=nano.specs -mfpu=fpv4-sp-d16 -mfloat-abi=hard -mthumb -o "Core/Src/main.o"
../Core/Src/main.c: In function 'HAL_GPIO_EXTI_Callback':
../Core/Src/main.c:184:8: warning: unused variable 'Vadc' [-Wunused-variable]
  184 |  float Vadc;
      |        ^~~~
arm-none-eabi-gcc -o "HeartbeatChecker.elf" @"objects.list"   -mcpu=cortex-m4 -T"C:\Users\ASUS\Desktop\Project1\HeartbeatChecker\STM32F407VGTX_FLASH.ld" --specs=nosys.specs -Wl,-Map="HeartbeatChecker.map" -Wl,--gc-sections -static --specs=nano.specs -mfpu=fpv4-sp-d16 -mfloat-abi=hard -mthumb -u _printf_float -Wl,--start-group -lc -lm -Wl,--end-group
Finished building target: HeartbeatChecker.elf
 
arm-none-eabi-size   HeartbeatChecker.elf 
arm-none-eabi-objdump -h -S  HeartbeatChecker.elf  > "HeartbeatChecker.list"
arm-none-eabi-objcopy  -O binary  HeartbeatChecker.elf  "HeartbeatChecker.bin"
   text	   data	    bss	    dec	    hex	filename
  26704	    488	   1872	  29064	   7188	HeartbeatChecker.elf
Finished building: default.size.stdout
 
Finished building: HeartbeatChecker.bin
 
Finished building: HeartbeatChecker.list
 
12:44:45 **** Incremental Build of configuration Debug for project HeartbeatChecker ****
make -j8 all 
arm-none-eabi-size   HeartbeatChecker.elf 
   text	   data	    bss	    dec	    hex	filename
  26704	    488	   1872	  29064	   7188	HeartbeatChecker.elf
Finished building: default.size.stdout
 
12:45:37 **** Incremental Build of configuration Debug for project HeartbeatChecker ****
make -j8 all 
arm-none-eabi-gcc "../Core/Src/main.c" -mcpu=cortex-m4 -std=gnu11 -g3 -DDEBUG -DUSE_HAL_DRIVER -DSTM32F407xx -c -I../USB_HOST/App -I../USB_HOST/Target -I../Core/Inc -I../Drivers/STM32F4xx_HAL_Driver/Inc -I../Drivers/STM32F4xx_HAL_Driver/Inc/Legacy -I../Middlewares/ST/STM32_USB_Host_Library/Core/Inc -I../Middlewares/ST/STM32_USB_Host_Library/Class/CDC/Inc -I../Drivers/CMSIS/Device/ST/STM32F4xx/Include -I../Drivers/CMSIS/Include -O0 -ffunction-sections -fdata-sections -Wall -fstack-usage -MMD -MP -MF"Core/Src/main.d" -MT"Core/Src/main.o" --specs=nano.specs -mfpu=fpv4-sp-d16 -mfloat-abi=hard -mthumb -o "Core/Src/main.o"
../Core/Src/main.c: In function 'HAL_GPIO_EXTI_Callback':
../Core/Src/main.c:187:8: warning: unused variable 'Vadc' [-Wunused-variable]
  187 |  float Vadc;
      |        ^~~~
arm-none-eabi-gcc -o "HeartbeatChecker.elf" @"objects.list"   -mcpu=cortex-m4 -T"C:\Users\ASUS\Desktop\Project1\HeartbeatChecker\STM32F407VGTX_FLASH.ld" --specs=nosys.specs -Wl,-Map="HeartbeatChecker.map" -Wl,--gc-sections -static --specs=nano.specs -mfpu=fpv4-sp-d16 -mfloat-abi=hard -mthumb -u _printf_float -Wl,--start-group -lc -lm -Wl,--end-group
Finished building target: HeartbeatChecker.elf
 
arm-none-eabi-size   HeartbeatChecker.elf 
arm-none-eabi-objdump -h -S  HeartbeatChecker.elf  > "HeartbeatChecker.list"
arm-none-eabi-objcopy  -O binary  HeartbeatChecker.elf  "HeartbeatChecker.bin"
   text	   data	    bss	    dec	    hex	filename
  26712	    488	   1872	  29072	   7190	HeartbeatChecker.elf
Finished building: default.size.stdout
 
Finished building: HeartbeatChecker.bin
 
Finished building: HeartbeatChecker.list
 
12:45:44 **** Incremental Build of configuration Debug for project HeartbeatChecker ****
make -j8 all 
arm-none-eabi-size   HeartbeatChecker.elf 
   text	   data	    bss	    dec	    hex	filename
  26712	    488	   1872	  29072	   7190	HeartbeatChecker.elf
Finished building: default.size.stdout
 
12:46:56 **** Incremental Build of configuration Debug for project HeartbeatChecker ****
make -j8 all 
arm-none-eabi-gcc "../Core/Src/main.c" -mcpu=cortex-m4 -std=gnu11 -g3 -DDEBUG -DUSE_HAL_DRIVER -DSTM32F407xx -c -I../USB_HOST/App -I../USB_HOST/Target -I../Core/Inc -I../Drivers/STM32F4xx_HAL_Driver/Inc -I../Drivers/STM32F4xx_HAL_Driver/Inc/Legacy -I../Middlewares/ST/STM32_USB_Host_Library/Core/Inc -I../Middlewares/ST/STM32_USB_Host_Library/Class/CDC/Inc -I../Drivers/CMSIS/Device/ST/STM32F4xx/Include -I../Drivers/CMSIS/Include -O0 -ffunction-sections -fdata-sections -Wall -fstack-usage -MMD -MP -MF"Core/Src/main.d" -MT"Core/Src/main.o" --specs=nano.specs -mfpu=fpv4-sp-d16 -mfloat-abi=hard -mthumb -o "Core/Src/main.o"
../Core/Src/main.c: In function 'HAL_GPIO_EXTI_Callback':
../Core/Src/main.c:187:8: warning: unused variable 'Vadc' [-Wunused-variable]
  187 |  float Vadc;
      |        ^~~~
arm-none-eabi-gcc -o "HeartbeatChecker.elf" @"objects.list"   -mcpu=cortex-m4 -T"C:\Users\ASUS\Desktop\Project1\HeartbeatChecker\STM32F407VGTX_FLASH.ld" --specs=nosys.specs -Wl,-Map="HeartbeatChecker.map" -Wl,--gc-sections -static --specs=nano.specs -mfpu=fpv4-sp-d16 -mfloat-abi=hard -mthumb -u _printf_float -Wl,--start-group -lc -lm -Wl,--end-group
Finished building target: HeartbeatChecker.elf
 
arm-none-eabi-size   HeartbeatChecker.elf 
arm-none-eabi-objdump -h -S  HeartbeatChecker.elf  > "HeartbeatChecker.list"
arm-none-eabi-objcopy  -O binary  HeartbeatChecker.elf  "HeartbeatChecker.bin"
   text	   data	    bss	    dec	    hex	filename
  26712	    488	   1872	  29072	   7190	HeartbeatChecker.elf
Finished building: default.size.stdout
 
Finished building: HeartbeatChecker.bin
 
Finished building: HeartbeatChecker.list
 
12:47:33 **** Incremental Build of configuration Debug for project HeartbeatChecker ****
make -j8 all 
arm-none-eabi-gcc "../Core/Src/main.c" -mcpu=cortex-m4 -std=gnu11 -g3 -DDEBUG -DUSE_HAL_DRIVER -DSTM32F407xx -c -I../USB_HOST/App -I../USB_HOST/Target -I../Core/Inc -I../Drivers/STM32F4xx_HAL_Driver/Inc -I../Drivers/STM32F4xx_HAL_Driver/Inc/Legacy -I../Middlewares/ST/STM32_USB_Host_Library/Core/Inc -I../Middlewares/ST/STM32_USB_Host_Library/Class/CDC/Inc -I../Drivers/CMSIS/Device/ST/STM32F4xx/Include -I../Drivers/CMSIS/Include -O0 -ffunction-sections -fdata-sections -Wall -fstack-usage -MMD -MP -MF"Core/Src/main.d" -MT"Core/Src/main.o" --specs=nano.specs -mfpu=fpv4-sp-d16 -mfloat-abi=hard -mthumb -o "Core/Src/main.o"
../Core/Src/main.c: In function 'HAL_GPIO_EXTI_Callback':
../Core/Src/main.c:187:8: warning: unused variable 'Vadc' [-Wunused-variable]
  187 |  float Vadc;
      |        ^~~~
arm-none-eabi-gcc -o "HeartbeatChecker.elf" @"objects.list"   -mcpu=cortex-m4 -T"C:\Users\ASUS\Desktop\Project1\HeartbeatChecker\STM32F407VGTX_FLASH.ld" --specs=nosys.specs -Wl,-Map="HeartbeatChecker.map" -Wl,--gc-sections -static --specs=nano.specs -mfpu=fpv4-sp-d16 -mfloat-abi=hard -mthumb -u _printf_float -Wl,--start-group -lc -lm -Wl,--end-group
Finished building target: HeartbeatChecker.elf
 
arm-none-eabi-size   HeartbeatChecker.elf 
arm-none-eabi-objdump -h -S  HeartbeatChecker.elf  > "HeartbeatChecker.list"
arm-none-eabi-objcopy  -O binary  HeartbeatChecker.elf  "HeartbeatChecker.bin"
   text	   data	    bss	    dec	    hex	filename
  26712	    488	   1872	  29072	   7190	HeartbeatChecker.elf
Finished building: default.size.stdout
 
Finished building: HeartbeatChecker.bin
 
Finished building: HeartbeatChecker.list
 
12:47:56 **** Incremental Build of configuration Debug for project HeartbeatChecker ****
make -j8 all 
arm-none-eabi-size   HeartbeatChecker.elf 
   text	   data	    bss	    dec	    hex	filename
  26712	    488	   1872	  29072	   7190	HeartbeatChecker.elf
Finished building: default.size.stdout
 
12:49:48 **** Incremental Build of configuration Debug for project HeartbeatChecker ****
make -j8 all 
arm-none-eabi-gcc "../Core/Src/main.c" -mcpu=cortex-m4 -std=gnu11 -g3 -DDEBUG -DUSE_HAL_DRIVER -DSTM32F407xx -c -I../USB_HOST/App -I../USB_HOST/Target -I../Core/Inc -I../Drivers/STM32F4xx_HAL_Driver/Inc -I../Drivers/STM32F4xx_HAL_Driver/Inc/Legacy -I../Middlewares/ST/STM32_USB_Host_Library/Core/Inc -I../Middlewares/ST/STM32_USB_Host_Library/Class/CDC/Inc -I../Drivers/CMSIS/Device/ST/STM32F4xx/Include -I../Drivers/CMSIS/Include -O0 -ffunction-sections -fdata-sections -Wall -fstack-usage -MMD -MP -MF"Core/Src/main.d" -MT"Core/Src/main.o" --specs=nano.specs -mfpu=fpv4-sp-d16 -mfloat-abi=hard -mthumb -o "Core/Src/main.o"
../Core/Src/main.c: In function 'HAL_GPIO_EXTI_Callback':
../Core/Src/main.c:187:8: warning: unused variable 'Vadc' [-Wunused-variable]
  187 |  float Vadc;
      |        ^~~~
arm-none-eabi-gcc -o "HeartbeatChecker.elf" @"objects.list"   -mcpu=cortex-m4 -T"C:\Users\ASUS\Desktop\Project1\HeartbeatChecker\STM32F407VGTX_FLASH.ld" --specs=nosys.specs -Wl,-Map="HeartbeatChecker.map" -Wl,--gc-sections -static --specs=nano.specs -mfpu=fpv4-sp-d16 -mfloat-abi=hard -mthumb -u _printf_float -Wl,--start-group -lc -lm -Wl,--end-group
Finished building target: HeartbeatChecker.elf
 
arm-none-eabi-size   HeartbeatChecker.elf 
arm-none-eabi-objdump -h -S  HeartbeatChecker.elf  > "HeartbeatChecker.list"
arm-none-eabi-objcopy  -O binary  HeartbeatChecker.elf  "HeartbeatChecker.bin"
   text	   data	    bss	    dec	    hex	filename
  26664	    488	   1872	  29024	   7160	HeartbeatChecker.elf
Finished building: default.size.stdout
 
Finished building: HeartbeatChecker.bin
 
Finished building: HeartbeatChecker.list
 
12:49:59 **** Incremental Build of configuration Debug for project HeartbeatChecker ****
make -j8 all 
arm-none-eabi-size   HeartbeatChecker.elf 
   text	   data	    bss	    dec	    hex	filename
  26664	    488	   1872	  29024	   7160	HeartbeatChecker.elf
Finished building: default.size.stdout
 
12:58:32 **** Incremental Build of configuration Debug for project HeartbeatChecker ****
make -j8 all 
arm-none-eabi-gcc "../Core/Src/main.c" -mcpu=cortex-m4 -std=gnu11 -g3 -DDEBUG -DUSE_HAL_DRIVER -DSTM32F407xx -c -I../USB_HOST/App -I../USB_HOST/Target -I../Core/Inc -I../Drivers/STM32F4xx_HAL_Driver/Inc -I../Drivers/STM32F4xx_HAL_Driver/Inc/Legacy -I../Middlewares/ST/STM32_USB_Host_Library/Core/Inc -I../Middlewares/ST/STM32_USB_Host_Library/Class/CDC/Inc -I../Drivers/CMSIS/Device/ST/STM32F4xx/Include -I../Drivers/CMSIS/Include -O0 -ffunction-sections -fdata-sections -Wall -fstack-usage -MMD -MP -MF"Core/Src/main.d" -MT"Core/Src/main.o" --specs=nano.specs -mfpu=fpv4-sp-d16 -mfloat-abi=hard -mthumb -o "Core/Src/main.o"
../Core/Src/main.c: In function 'HAL_GPIO_EXTI_Callback':
../Core/Src/main.c:187:8: warning: unused variable 'Vadc' [-Wunused-variable]
  187 |  float Vadc;
      |        ^~~~
arm-none-eabi-gcc -o "HeartbeatChecker.elf" @"objects.list"   -mcpu=cortex-m4 -T"C:\Users\ASUS\Desktop\Project1\HeartbeatChecker\STM32F407VGTX_FLASH.ld" --specs=nosys.specs -Wl,-Map="HeartbeatChecker.map" -Wl,--gc-sections -static --specs=nano.specs -mfpu=fpv4-sp-d16 -mfloat-abi=hard -mthumb -u _printf_float -Wl,--start-group -lc -lm -Wl,--end-group
Finished building target: HeartbeatChecker.elf
 
arm-none-eabi-size   HeartbeatChecker.elf 
arm-none-eabi-objdump -h -S  HeartbeatChecker.elf  > "HeartbeatChecker.list"
arm-none-eabi-objcopy  -O binary  HeartbeatChecker.elf  "HeartbeatChecker.bin"
   text	   data	    bss	    dec	    hex	filename
  26664	    488	   1872	  29024	   7160	HeartbeatChecker.elf
Finished building: default.size.stdout
 
Finished building: HeartbeatChecker.bin
 
Finished building: HeartbeatChecker.list
 
12:59:40 **** Incremental Build of configuration Debug for project HeartbeatChecker ****
make -j8 all 
arm-none-eabi-gcc "../Core/Src/main.c" -mcpu=cortex-m4 -std=gnu11 -g3 -DDEBUG -DUSE_HAL_DRIVER -DSTM32F407xx -c -I../USB_HOST/App -I../USB_HOST/Target -I../Core/Inc -I../Drivers/STM32F4xx_HAL_Driver/Inc -I../Drivers/STM32F4xx_HAL_Driver/Inc/Legacy -I../Middlewares/ST/STM32_USB_Host_Library/Core/Inc -I../Middlewares/ST/STM32_USB_Host_Library/Class/CDC/Inc -I../Drivers/CMSIS/Device/ST/STM32F4xx/Include -I../Drivers/CMSIS/Include -O0 -ffunction-sections -fdata-sections -Wall -fstack-usage -MMD -MP -MF"Core/Src/main.d" -MT"Core/Src/main.o" --specs=nano.specs -mfpu=fpv4-sp-d16 -mfloat-abi=hard -mthumb -o "Core/Src/main.o"
../Core/Src/main.c: In function 'HAL_GPIO_EXTI_Callback':
../Core/Src/main.c:197:25: warning: too many arguments for format [-Wformat-extra-args]
  197 |    sprintf(data_buffer, "Range: \r\n", rawValue);
      |                         ^~~~~~~~~~~~~
../Core/Src/main.c:187:8: warning: unused variable 'Vadc' [-Wunused-variable]
  187 |  float Vadc;
      |        ^~~~
arm-none-eabi-gcc -o "HeartbeatChecker.elf" @"objects.list"   -mcpu=cortex-m4 -T"C:\Users\ASUS\Desktop\Project1\HeartbeatChecker\STM32F407VGTX_FLASH.ld" --specs=nosys.specs -Wl,-Map="HeartbeatChecker.map" -Wl,--gc-sections -static --specs=nano.specs -mfpu=fpv4-sp-d16 -mfloat-abi=hard -mthumb -u _printf_float -Wl,--start-group -lc -lm -Wl,--end-group
Finished building target: HeartbeatChecker.elf
 
arm-none-eabi-size   HeartbeatChecker.elf 
arm-none-eabi-objdump -h -S  HeartbeatChecker.elf  > "HeartbeatChecker.list"
arm-none-eabi-objcopy  -O binary  HeartbeatChecker.elf  "HeartbeatChecker.bin"
   text	   data	    bss	    dec	    hex	filename
  26768	    488	   1872	  29128	   71c8	HeartbeatChecker.elf
Finished building: default.size.stdout
 
Finished building: HeartbeatChecker.bin
 
Finished building: HeartbeatChecker.list
 
12:59:57 **** Incremental Build of configuration Debug for project HeartbeatChecker ****
make -j8 all 
arm-none-eabi-gcc "../Core/Src/main.c" -mcpu=cortex-m4 -std=gnu11 -g3 -DDEBUG -DUSE_HAL_DRIVER -DSTM32F407xx -c -I../USB_HOST/App -I../USB_HOST/Target -I../Core/Inc -I../Drivers/STM32F4xx_HAL_Driver/Inc -I../Drivers/STM32F4xx_HAL_Driver/Inc/Legacy -I../Middlewares/ST/STM32_USB_Host_Library/Core/Inc -I../Middlewares/ST/STM32_USB_Host_Library/Class/CDC/Inc -I../Drivers/CMSIS/Device/ST/STM32F4xx/Include -I../Drivers/CMSIS/Include -O0 -ffunction-sections -fdata-sections -Wall -fstack-usage -MMD -MP -MF"Core/Src/main.d" -MT"Core/Src/main.o" --specs=nano.specs -mfpu=fpv4-sp-d16 -mfloat-abi=hard -mthumb -o "Core/Src/main.o"
../Core/Src/main.c: In function 'HAL_GPIO_EXTI_Callback':
../Core/Src/main.c:187:8: warning: unused variable 'Vadc' [-Wunused-variable]
  187 |  float Vadc;
      |        ^~~~
arm-none-eabi-gcc -o "HeartbeatChecker.elf" @"objects.list"   -mcpu=cortex-m4 -T"C:\Users\ASUS\Desktop\Project1\HeartbeatChecker\STM32F407VGTX_FLASH.ld" --specs=nosys.specs -Wl,-Map="HeartbeatChecker.map" -Wl,--gc-sections -static --specs=nano.specs -mfpu=fpv4-sp-d16 -mfloat-abi=hard -mthumb -u _printf_float -Wl,--start-group -lc -lm -Wl,--end-group
Finished building target: HeartbeatChecker.elf
 
arm-none-eabi-size   HeartbeatChecker.elf 
arm-none-eabi-objdump -h -S  HeartbeatChecker.elf  > "HeartbeatChecker.list"
arm-none-eabi-objcopy  -O binary  HeartbeatChecker.elf  "HeartbeatChecker.bin"
   text	   data	    bss	    dec	    hex	filename
  26776	    488	   1872	  29136	   71d0	HeartbeatChecker.elf
Finished building: default.size.stdout
 
Finished building: HeartbeatChecker.bin
 
Finished building: HeartbeatChecker.list
 
13:00:04 **** Incremental Build of configuration Debug for project HeartbeatChecker ****
make -j8 all 
arm-none-eabi-size   HeartbeatChecker.elf 
   text	   data	    bss	    dec	    hex	filename
  26776	    488	   1872	  29136	   71d0	HeartbeatChecker.elf
Finished building: default.size.stdout
 
13:07:24 **** Incremental Build of configuration Debug for project HeartbeatChecker ****
make -j8 all 
arm-none-eabi-gcc "../Core/Src/main.c" -mcpu=cortex-m4 -std=gnu11 -g3 -DDEBUG -DUSE_HAL_DRIVER -DSTM32F407xx -c -I../USB_HOST/App -I../USB_HOST/Target -I../Core/Inc -I../Drivers/STM32F4xx_HAL_Driver/Inc -I../Drivers/STM32F4xx_HAL_Driver/Inc/Legacy -I../Middlewares/ST/STM32_USB_Host_Library/Core/Inc -I../Middlewares/ST/STM32_USB_Host_Library/Class/CDC/Inc -I../Drivers/CMSIS/Device/ST/STM32F4xx/Include -I../Drivers/CMSIS/Include -O0 -ffunction-sections -fdata-sections -Wall -fstack-usage -MMD -MP -MF"Core/Src/main.d" -MT"Core/Src/main.o" --specs=nano.specs -mfpu=fpv4-sp-d16 -mfloat-abi=hard -mthumb -o "Core/Src/main.o"
../Core/Src/main.c: In function 'HAL_GPIO_EXTI_Callback':
../Core/Src/main.c:186:8: warning: unused variable 'Vadc' [-Wunused-variable]
  186 |  float Vadc;
      |        ^~~~
arm-none-eabi-gcc -o "HeartbeatChecker.elf" @"objects.list"   -mcpu=cortex-m4 -T"C:\Users\ASUS\Desktop\Project1\HeartbeatChecker\STM32F407VGTX_FLASH.ld" --specs=nosys.specs -Wl,-Map="HeartbeatChecker.map" -Wl,--gc-sections -static --specs=nano.specs -mfpu=fpv4-sp-d16 -mfloat-abi=hard -mthumb -u _printf_float -Wl,--start-group -lc -lm -Wl,--end-group
Finished building target: HeartbeatChecker.elf
 
arm-none-eabi-size   HeartbeatChecker.elf 
arm-none-eabi-objdump -h -S  HeartbeatChecker.elf  > "HeartbeatChecker.list"
arm-none-eabi-objcopy  -O binary  HeartbeatChecker.elf  "HeartbeatChecker.bin"
   text	   data	    bss	    dec	    hex	filename
  26784	    488	   1872	  29144	   71d8	HeartbeatChecker.elf
Finished building: default.size.stdout
 
Finished building: HeartbeatChecker.bin
 
Finished building: HeartbeatChecker.list
 
13:07:35 **** Incremental Build of configuration Debug for project HeartbeatChecker ****
make -j8 all 
arm-none-eabi-size   HeartbeatChecker.elf 
   text	   data	    bss	    dec	    hex	filename
  26784	    488	   1872	  29144	   71d8	HeartbeatChecker.elf
Finished building: default.size.stdout
 
13:09:16 **** Incremental Build of configuration Debug for project HeartbeatChecker ****
make -j8 all 
arm-none-eabi-gcc "../Core/Src/main.c" -mcpu=cortex-m4 -std=gnu11 -g3 -DDEBUG -DUSE_HAL_DRIVER -DSTM32F407xx -c -I../USB_HOST/App -I../USB_HOST/Target -I../Core/Inc -I../Drivers/STM32F4xx_HAL_Driver/Inc -I../Drivers/STM32F4xx_HAL_Driver/Inc/Legacy -I../Middlewares/ST/STM32_USB_Host_Library/Core/Inc -I../Middlewares/ST/STM32_USB_Host_Library/Class/CDC/Inc -I../Drivers/CMSIS/Device/ST/STM32F4xx/Include -I../Drivers/CMSIS/Include -O0 -ffunction-sections -fdata-sections -Wall -fstack-usage -MMD -MP -MF"Core/Src/main.d" -MT"Core/Src/main.o" --specs=nano.specs -mfpu=fpv4-sp-d16 -mfloat-abi=hard -mthumb -o "Core/Src/main.o"
../Core/Src/main.c: In function 'HAL_GPIO_EXTI_Callback':
../Core/Src/main.c:186:8: warning: unused variable 'Vadc' [-Wunused-variable]
  186 |  float Vadc;
      |        ^~~~
arm-none-eabi-gcc -o "HeartbeatChecker.elf" @"objects.list"   -mcpu=cortex-m4 -T"C:\Users\ASUS\Desktop\Project1\HeartbeatChecker\STM32F407VGTX_FLASH.ld" --specs=nosys.specs -Wl,-Map="HeartbeatChecker.map" -Wl,--gc-sections -static --specs=nano.specs -mfpu=fpv4-sp-d16 -mfloat-abi=hard -mthumb -u _printf_float -Wl,--start-group -lc -lm -Wl,--end-group
Finished building target: HeartbeatChecker.elf
 
arm-none-eabi-size   HeartbeatChecker.elf 
arm-none-eabi-objdump -h -S  HeartbeatChecker.elf  > "HeartbeatChecker.list"
arm-none-eabi-objcopy  -O binary  HeartbeatChecker.elf  "HeartbeatChecker.bin"
   text	   data	    bss	    dec	    hex	filename
  26784	    488	   1872	  29144	   71d8	HeartbeatChecker.elf
Finished building: default.size.stdout
 
Finished building: HeartbeatChecker.bin
 
Finished building: HeartbeatChecker.list
 
13:09:25 **** Incremental Build of configuration Debug for project HeartbeatChecker ****
make -j8 all 
arm-none-eabi-size   HeartbeatChecker.elf 
   text	   data	    bss	    dec	    hex	filename
  26784	    488	   1872	  29144	   71d8	HeartbeatChecker.elf
Finished building: default.size.stdout
 
13:21:55 **** Incremental Build of configuration Debug for project HeartbeatChecker ****
make -j8 all 
arm-none-eabi-gcc "../Core/Src/main.c" -mcpu=cortex-m4 -std=gnu11 -g3 -DDEBUG -DUSE_HAL_DRIVER -DSTM32F407xx -c -I../USB_HOST/App -I../USB_HOST/Target -I../Core/Inc -I../Drivers/STM32F4xx_HAL_Driver/Inc -I../Drivers/STM32F4xx_HAL_Driver/Inc/Legacy -I../Middlewares/ST/STM32_USB_Host_Library/Core/Inc -I../Middlewares/ST/STM32_USB_Host_Library/Class/CDC/Inc -I../Drivers/CMSIS/Device/ST/STM32F4xx/Include -I../Drivers/CMSIS/Include -O0 -ffunction-sections -fdata-sections -Wall -fstack-usage -MMD -MP -MF"Core/Src/main.d" -MT"Core/Src/main.o" --specs=nano.specs -mfpu=fpv4-sp-d16 -mfloat-abi=hard -mthumb -o "Core/Src/main.o"
../Core/Src/main.c: In function 'HAL_GPIO_EXTI_Callback':
../Core/Src/main.c:186:8: warning: unused variable 'Vadc' [-Wunused-variable]
  186 |  float Vadc;
      |        ^~~~
arm-none-eabi-gcc -o "HeartbeatChecker.elf" @"objects.list"   -mcpu=cortex-m4 -T"C:\Users\ASUS\Desktop\Project1\HeartbeatChecker\STM32F407VGTX_FLASH.ld" --specs=nosys.specs -Wl,-Map="HeartbeatChecker.map" -Wl,--gc-sections -static --specs=nano.specs -mfpu=fpv4-sp-d16 -mfloat-abi=hard -mthumb -u _printf_float -Wl,--start-group -lc -lm -Wl,--end-group
Finished building target: HeartbeatChecker.elf
 
arm-none-eabi-size   HeartbeatChecker.elf 
arm-none-eabi-objdump -h -S  HeartbeatChecker.elf  > "HeartbeatChecker.list"
arm-none-eabi-objcopy  -O binary  HeartbeatChecker.elf  "HeartbeatChecker.bin"
   text	   data	    bss	    dec	    hex	filename
  26784	    488	   1872	  29144	   71d8	HeartbeatChecker.elf
Finished building: default.size.stdout
 
Finished building: HeartbeatChecker.bin
 
Finished building: HeartbeatChecker.list
 
13:22:06 **** Incremental Build of configuration Debug for project HeartbeatChecker ****
make -j8 all 
arm-none-eabi-size   HeartbeatChecker.elf 
   text	   data	    bss	    dec	    hex	filename
  26784	    488	   1872	  29144	   71d8	HeartbeatChecker.elf
Finished building: default.size.stdout
 
13:27:00 **** Incremental Build of configuration Debug for project HeartbeatChecker ****
make -j8 all 
arm-none-eabi-gcc "../Core/Src/main.c" -mcpu=cortex-m4 -std=gnu11 -g3 -DDEBUG -DUSE_HAL_DRIVER -DSTM32F407xx -c -I../USB_HOST/App -I../USB_HOST/Target -I../Core/Inc -I../Drivers/STM32F4xx_HAL_Driver/Inc -I../Drivers/STM32F4xx_HAL_Driver/Inc/Legacy -I../Middlewares/ST/STM32_USB_Host_Library/Core/Inc -I../Middlewares/ST/STM32_USB_Host_Library/Class/CDC/Inc -I../Drivers/CMSIS/Device/ST/STM32F4xx/Include -I../Drivers/CMSIS/Include -O0 -ffunction-sections -fdata-sections -Wall -fstack-usage -MMD -MP -MF"Core/Src/main.d" -MT"Core/Src/main.o" --specs=nano.specs -mfpu=fpv4-sp-d16 -mfloat-abi=hard -mthumb -o "Core/Src/main.o"
arm-none-eabi-gcc -o "HeartbeatChecker.elf" @"objects.list"   -mcpu=cortex-m4 -T"C:\Users\ASUS\Desktop\Project1\HeartbeatChecker\STM32F407VGTX_FLASH.ld" --specs=nosys.specs -Wl,-Map="HeartbeatChecker.map" -Wl,--gc-sections -static --specs=nano.specs -mfpu=fpv4-sp-d16 -mfloat-abi=hard -mthumb -u _printf_float -Wl,--start-group -lc -lm -Wl,--end-group
Finished building target: HeartbeatChecker.elf
 
arm-none-eabi-size   HeartbeatChecker.elf 
arm-none-eabi-objdump -h -S  HeartbeatChecker.elf  > "HeartbeatChecker.list"
arm-none-eabi-objcopy  -O binary  HeartbeatChecker.elf  "HeartbeatChecker.bin"
   text	   data	    bss	    dec	    hex	filename
  26856	    488	   1872	  29216	   7220	HeartbeatChecker.elf
Finished building: default.size.stdout
 
Finished building: HeartbeatChecker.bin
 
Finished building: HeartbeatChecker.list
 
13:27:11 **** Incremental Build of configuration Debug for project HeartbeatChecker ****
make -j8 all 
arm-none-eabi-size   HeartbeatChecker.elf 
   text	   data	    bss	    dec	    hex	filename
  26856	    488	   1872	  29216	   7220	HeartbeatChecker.elf
Finished building: default.size.stdout
 
13:27:49 **** Incremental Build of configuration Debug for project HeartbeatChecker ****
make -j8 all 
arm-none-eabi-gcc "../Core/Src/main.c" -mcpu=cortex-m4 -std=gnu11 -g3 -DDEBUG -DUSE_HAL_DRIVER -DSTM32F407xx -c -I../USB_HOST/App -I../USB_HOST/Target -I../Core/Inc -I../Drivers/STM32F4xx_HAL_Driver/Inc -I../Drivers/STM32F4xx_HAL_Driver/Inc/Legacy -I../Middlewares/ST/STM32_USB_Host_Library/Core/Inc -I../Middlewares/ST/STM32_USB_Host_Library/Class/CDC/Inc -I../Drivers/CMSIS/Device/ST/STM32F4xx/Include -I../Drivers/CMSIS/Include -O0 -ffunction-sections -fdata-sections -Wall -fstack-usage -MMD -MP -MF"Core/Src/main.d" -MT"Core/Src/main.o" --specs=nano.specs -mfpu=fpv4-sp-d16 -mfloat-abi=hard -mthumb -o "Core/Src/main.o"
arm-none-eabi-gcc -o "HeartbeatChecker.elf" @"objects.list"   -mcpu=cortex-m4 -T"C:\Users\ASUS\Desktop\Project1\HeartbeatChecker\STM32F407VGTX_FLASH.ld" --specs=nosys.specs -Wl,-Map="HeartbeatChecker.map" -Wl,--gc-sections -static --specs=nano.specs -mfpu=fpv4-sp-d16 -mfloat-abi=hard -mthumb -u _printf_float -Wl,--start-group -lc -lm -Wl,--end-group
Finished building target: HeartbeatChecker.elf
 
arm-none-eabi-size   HeartbeatChecker.elf 
arm-none-eabi-objdump -h -S  HeartbeatChecker.elf  > "HeartbeatChecker.list"
arm-none-eabi-objcopy  -O binary  HeartbeatChecker.elf  "HeartbeatChecker.bin"
   text	   data	    bss	    dec	    hex	filename
  26880	    488	   1872	  29240	   7238	HeartbeatChecker.elf
Finished building: default.size.stdout
 
Finished building: HeartbeatChecker.bin
 
Finished building: HeartbeatChecker.list
 
13:29:06 **** Incremental Build of configuration Debug for project HeartbeatChecker ****
make -j8 all 
arm-none-eabi-gcc "../Core/Src/main.c" -mcpu=cortex-m4 -std=gnu11 -g3 -DDEBUG -DUSE_HAL_DRIVER -DSTM32F407xx -c -I../USB_HOST/App -I../USB_HOST/Target -I../Core/Inc -I../Drivers/STM32F4xx_HAL_Driver/Inc -I../Drivers/STM32F4xx_HAL_Driver/Inc/Legacy -I../Middlewares/ST/STM32_USB_Host_Library/Core/Inc -I../Middlewares/ST/STM32_USB_Host_Library/Class/CDC/Inc -I../Drivers/CMSIS/Device/ST/STM32F4xx/Include -I../Drivers/CMSIS/Include -O0 -ffunction-sections -fdata-sections -Wall -fstack-usage -MMD -MP -MF"Core/Src/main.d" -MT"Core/Src/main.o" --specs=nano.specs -mfpu=fpv4-sp-d16 -mfloat-abi=hard -mthumb -o "Core/Src/main.o"
arm-none-eabi-gcc -o "HeartbeatChecker.elf" @"objects.list"   -mcpu=cortex-m4 -T"C:\Users\ASUS\Desktop\Project1\HeartbeatChecker\STM32F407VGTX_FLASH.ld" --specs=nosys.specs -Wl,-Map="HeartbeatChecker.map" -Wl,--gc-sections -static --specs=nano.specs -mfpu=fpv4-sp-d16 -mfloat-abi=hard -mthumb -u _printf_float -Wl,--start-group -lc -lm -Wl,--end-group
Finished building target: HeartbeatChecker.elf
 
arm-none-eabi-size   HeartbeatChecker.elf 
arm-none-eabi-objdump -h -S  HeartbeatChecker.elf  > "HeartbeatChecker.list"
arm-none-eabi-objcopy  -O binary  HeartbeatChecker.elf  "HeartbeatChecker.bin"
   text	   data	    bss	    dec	    hex	filename
  26848	    488	   1872	  29208	   7218	HeartbeatChecker.elf
Finished building: default.size.stdout
 
Finished building: HeartbeatChecker.bin
 
Finished building: HeartbeatChecker.list
 
13:29:20 **** Incremental Build of configuration Debug for project HeartbeatChecker ****
make -j8 all 
arm-none-eabi-size   HeartbeatChecker.elf 
   text	   data	    bss	    dec	    hex	filename
  26848	    488	   1872	  29208	   7218	HeartbeatChecker.elf
Finished building: default.size.stdout
 
13:30:52 **** Incremental Build of configuration Debug for project HeartbeatChecker ****
make -j8 all 
arm-none-eabi-gcc "../Core/Src/main.c" -mcpu=cortex-m4 -std=gnu11 -g3 -DDEBUG -DUSE_HAL_DRIVER -DSTM32F407xx -c -I../USB_HOST/App -I../USB_HOST/Target -I../Core/Inc -I../Drivers/STM32F4xx_HAL_Driver/Inc -I../Drivers/STM32F4xx_HAL_Driver/Inc/Legacy -I../Middlewares/ST/STM32_USB_Host_Library/Core/Inc -I../Middlewares/ST/STM32_USB_Host_Library/Class/CDC/Inc -I../Drivers/CMSIS/Device/ST/STM32F4xx/Include -I../Drivers/CMSIS/Include -O0 -ffunction-sections -fdata-sections -Wall -fstack-usage -MMD -MP -MF"Core/Src/main.d" -MT"Core/Src/main.o" --specs=nano.specs -mfpu=fpv4-sp-d16 -mfloat-abi=hard -mthumb -o "Core/Src/main.o"
arm-none-eabi-gcc -o "HeartbeatChecker.elf" @"objects.list"   -mcpu=cortex-m4 -T"C:\Users\ASUS\Desktop\Project1\HeartbeatChecker\STM32F407VGTX_FLASH.ld" --specs=nosys.specs -Wl,-Map="HeartbeatChecker.map" -Wl,--gc-sections -static --specs=nano.specs -mfpu=fpv4-sp-d16 -mfloat-abi=hard -mthumb -u _printf_float -Wl,--start-group -lc -lm -Wl,--end-group
Finished building target: HeartbeatChecker.elf
 
arm-none-eabi-size   HeartbeatChecker.elf 
arm-none-eabi-objdump -h -S  HeartbeatChecker.elf  > "HeartbeatChecker.list"
arm-none-eabi-objcopy  -O binary  HeartbeatChecker.elf  "HeartbeatChecker.bin"
   text	   data	    bss	    dec	    hex	filename
  26880	    488	   1872	  29240	   7238	HeartbeatChecker.elf
Finished building: default.size.stdout
 
Finished building: HeartbeatChecker.bin
 
Finished building: HeartbeatChecker.list
 
13:31:00 **** Incremental Build of configuration Debug for project HeartbeatChecker ****
make -j8 all 
arm-none-eabi-size   HeartbeatChecker.elf 
   text	   data	    bss	    dec	    hex	filename
  26880	    488	   1872	  29240	   7238	HeartbeatChecker.elf
Finished building: default.size.stdout
 
13:32:13 **** Incremental Build of configuration Debug for project HeartbeatChecker ****
make -j8 all 
arm-none-eabi-gcc "../Core/Src/main.c" -mcpu=cortex-m4 -std=gnu11 -g3 -DDEBUG -DUSE_HAL_DRIVER -DSTM32F407xx -c -I../USB_HOST/App -I../USB_HOST/Target -I../Core/Inc -I../Drivers/STM32F4xx_HAL_Driver/Inc -I../Drivers/STM32F4xx_HAL_Driver/Inc/Legacy -I../Middlewares/ST/STM32_USB_Host_Library/Core/Inc -I../Middlewares/ST/STM32_USB_Host_Library/Class/CDC/Inc -I../Drivers/CMSIS/Device/ST/STM32F4xx/Include -I../Drivers/CMSIS/Include -O0 -ffunction-sections -fdata-sections -Wall -fstack-usage -MMD -MP -MF"Core/Src/main.d" -MT"Core/Src/main.o" --specs=nano.specs -mfpu=fpv4-sp-d16 -mfloat-abi=hard -mthumb -o "Core/Src/main.o"
arm-none-eabi-gcc -o "HeartbeatChecker.elf" @"objects.list"   -mcpu=cortex-m4 -T"C:\Users\ASUS\Desktop\Project1\HeartbeatChecker\STM32F407VGTX_FLASH.ld" --specs=nosys.specs -Wl,-Map="HeartbeatChecker.map" -Wl,--gc-sections -static --specs=nano.specs -mfpu=fpv4-sp-d16 -mfloat-abi=hard -mthumb -u _printf_float -Wl,--start-group -lc -lm -Wl,--end-group
Finished building target: HeartbeatChecker.elf
 
arm-none-eabi-size   HeartbeatChecker.elf 
arm-none-eabi-objdump -h -S  HeartbeatChecker.elf  > "HeartbeatChecker.list"
arm-none-eabi-objcopy  -O binary  HeartbeatChecker.elf  "HeartbeatChecker.bin"
   text	   data	    bss	    dec	    hex	filename
  26856	    488	   1872	  29216	   7220	HeartbeatChecker.elf
Finished building: default.size.stdout
 
Finished building: HeartbeatChecker.bin
 
Finished building: HeartbeatChecker.list
 
13:32:23 **** Incremental Build of configuration Debug for project HeartbeatChecker ****
make -j8 all 
arm-none-eabi-size   HeartbeatChecker.elf 
   text	   data	    bss	    dec	    hex	filename
  26856	    488	   1872	  29216	   7220	HeartbeatChecker.elf
Finished building: default.size.stdout
 
13:32:39 **** Incremental Build of configuration Debug for project HeartbeatChecker ****
make -j8 all 
arm-none-eabi-gcc "../Core/Src/main.c" -mcpu=cortex-m4 -std=gnu11 -g3 -DDEBUG -DUSE_HAL_DRIVER -DSTM32F407xx -c -I../USB_HOST/App -I../USB_HOST/Target -I../Core/Inc -I../Drivers/STM32F4xx_HAL_Driver/Inc -I../Drivers/STM32F4xx_HAL_Driver/Inc/Legacy -I../Middlewares/ST/STM32_USB_Host_Library/Core/Inc -I../Middlewares/ST/STM32_USB_Host_Library/Class/CDC/Inc -I../Drivers/CMSIS/Device/ST/STM32F4xx/Include -I../Drivers/CMSIS/Include -O0 -ffunction-sections -fdata-sections -Wall -fstack-usage -MMD -MP -MF"Core/Src/main.d" -MT"Core/Src/main.o" --specs=nano.specs -mfpu=fpv4-sp-d16 -mfloat-abi=hard -mthumb -o "Core/Src/main.o"
arm-none-eabi-gcc -o "HeartbeatChecker.elf" @"objects.list"   -mcpu=cortex-m4 -T"C:\Users\ASUS\Desktop\Project1\HeartbeatChecker\STM32F407VGTX_FLASH.ld" --specs=nosys.specs -Wl,-Map="HeartbeatChecker.map" -Wl,--gc-sections -static --specs=nano.specs -mfpu=fpv4-sp-d16 -mfloat-abi=hard -mthumb -u _printf_float -Wl,--start-group -lc -lm -Wl,--end-group
Finished building target: HeartbeatChecker.elf
 
arm-none-eabi-size   HeartbeatChecker.elf 
arm-none-eabi-objdump -h -S  HeartbeatChecker.elf  > "HeartbeatChecker.list"
arm-none-eabi-objcopy  -O binary  HeartbeatChecker.elf  "HeartbeatChecker.bin"
   text	   data	    bss	    dec	    hex	filename
  26848	    488	   1872	  29208	   7218	HeartbeatChecker.elf
Finished building: default.size.stdout
 
Finished building: HeartbeatChecker.bin
 
Finished building: HeartbeatChecker.list
 
13:36:19 **** Incremental Build of configuration Debug for project HeartbeatChecker ****
make -j8 all 
arm-none-eabi-gcc "../Core/Src/main.c" -mcpu=cortex-m4 -std=gnu11 -g3 -DDEBUG -DUSE_HAL_DRIVER -DSTM32F407xx -c -I../USB_HOST/App -I../USB_HOST/Target -I../Core/Inc -I../Drivers/STM32F4xx_HAL_Driver/Inc -I../Drivers/STM32F4xx_HAL_Driver/Inc/Legacy -I../Middlewares/ST/STM32_USB_Host_Library/Core/Inc -I../Middlewares/ST/STM32_USB_Host_Library/Class/CDC/Inc -I../Drivers/CMSIS/Device/ST/STM32F4xx/Include -I../Drivers/CMSIS/Include -O0 -ffunction-sections -fdata-sections -Wall -fstack-usage -MMD -MP -MF"Core/Src/main.d" -MT"Core/Src/main.o" --specs=nano.specs -mfpu=fpv4-sp-d16 -mfloat-abi=hard -mthumb -o "Core/Src/main.o"
arm-none-eabi-gcc -o "HeartbeatChecker.elf" @"objects.list"   -mcpu=cortex-m4 -T"C:\Users\ASUS\Desktop\Project1\HeartbeatChecker\STM32F407VGTX_FLASH.ld" --specs=nosys.specs -Wl,-Map="HeartbeatChecker.map" -Wl,--gc-sections -static --specs=nano.specs -mfpu=fpv4-sp-d16 -mfloat-abi=hard -mthumb -u _printf_float -Wl,--start-group -lc -lm -Wl,--end-group
Finished building target: HeartbeatChecker.elf
 
arm-none-eabi-size   HeartbeatChecker.elf 
arm-none-eabi-objdump -h -S  HeartbeatChecker.elf  > "HeartbeatChecker.list"
arm-none-eabi-objcopy  -O binary  HeartbeatChecker.elf  "HeartbeatChecker.bin"
   text	   data	    bss	    dec	    hex	filename
  26848	    488	   1872	  29208	   7218	HeartbeatChecker.elf
Finished building: default.size.stdout
 
Finished building: HeartbeatChecker.bin
 
Finished building: HeartbeatChecker.list
 
13:36:25 **** Incremental Build of configuration Debug for project HeartbeatChecker ****
make -j8 all 
arm-none-eabi-size   HeartbeatChecker.elf 
   text	   data	    bss	    dec	    hex	filename
  26848	    488	   1872	  29208	   7218	HeartbeatChecker.elf
Finished building: default.size.stdout
 
13:38:03 **** Incremental Build of configuration Debug for project HeartbeatChecker ****
make -j8 all 
arm-none-eabi-gcc "../Core/Src/main.c" -mcpu=cortex-m4 -std=gnu11 -g3 -DDEBUG -DUSE_HAL_DRIVER -DSTM32F407xx -c -I../USB_HOST/App -I../USB_HOST/Target -I../Core/Inc -I../Drivers/STM32F4xx_HAL_Driver/Inc -I../Drivers/STM32F4xx_HAL_Driver/Inc/Legacy -I../Middlewares/ST/STM32_USB_Host_Library/Core/Inc -I../Middlewares/ST/STM32_USB_Host_Library/Class/CDC/Inc -I../Drivers/CMSIS/Device/ST/STM32F4xx/Include -I../Drivers/CMSIS/Include -O0 -ffunction-sections -fdata-sections -Wall -fstack-usage -MMD -MP -MF"Core/Src/main.d" -MT"Core/Src/main.o" --specs=nano.specs -mfpu=fpv4-sp-d16 -mfloat-abi=hard -mthumb -o "Core/Src/main.o"
arm-none-eabi-gcc -o "HeartbeatChecker.elf" @"objects.list"   -mcpu=cortex-m4 -T"C:\Users\ASUS\Desktop\Project1\HeartbeatChecker\STM32F407VGTX_FLASH.ld" --specs=nosys.specs -Wl,-Map="HeartbeatChecker.map" -Wl,--gc-sections -static --specs=nano.specs -mfpu=fpv4-sp-d16 -mfloat-abi=hard -mthumb -u _printf_float -Wl,--start-group -lc -lm -Wl,--end-group
Finished building target: HeartbeatChecker.elf
 
arm-none-eabi-size   HeartbeatChecker.elf 
arm-none-eabi-objdump -h -S  HeartbeatChecker.elf  > "HeartbeatChecker.list"
arm-none-eabi-objcopy  -O binary  HeartbeatChecker.elf  "HeartbeatChecker.bin"
   text	   data	    bss	    dec	    hex	filename
  26848	    488	   1872	  29208	   7218	HeartbeatChecker.elf
Finished building: default.size.stdout
 
Finished building: HeartbeatChecker.bin
 
Finished building: HeartbeatChecker.list
 
13:38:12 **** Incremental Build of configuration Debug for project HeartbeatChecker ****
make -j8 all 
arm-none-eabi-size   HeartbeatChecker.elf 
   text	   data	    bss	    dec	    hex	filename
  26848	    488	   1872	  29208	   7218	HeartbeatChecker.elf
Finished building: default.size.stdout
 
13:43:49 **** Incremental Build of configuration Debug for project HeartbeatChecker ****
make -j8 all 
arm-none-eabi-gcc "../Core/Src/main.c" -mcpu=cortex-m4 -std=gnu11 -g3 -DDEBUG -DUSE_HAL_DRIVER -DSTM32F407xx -c -I../USB_HOST/App -I../USB_HOST/Target -I../Core/Inc -I../Drivers/STM32F4xx_HAL_Driver/Inc -I../Drivers/STM32F4xx_HAL_Driver/Inc/Legacy -I../Middlewares/ST/STM32_USB_Host_Library/Core/Inc -I../Middlewares/ST/STM32_USB_Host_Library/Class/CDC/Inc -I../Drivers/CMSIS/Device/ST/STM32F4xx/Include -I../Drivers/CMSIS/Include -O0 -ffunction-sections -fdata-sections -Wall -fstack-usage -MMD -MP -MF"Core/Src/main.d" -MT"Core/Src/main.o" --specs=nano.specs -mfpu=fpv4-sp-d16 -mfloat-abi=hard -mthumb -o "Core/Src/main.o"
../Core/Src/main.c: In function 'HAL_GPIO_EXTI_Callback':
../Core/Src/main.c:187:2: error: 'test' undeclared (first use in this function)
  187 |  test = 0;
      |  ^~~~
../Core/Src/main.c:187:2: note: each undeclared identifier is reported only once for each function it appears in
make: *** [Core/Src/subdir.mk:34: Core/Src/main.o] Error 1
"make -j8 all" terminated with exit code 2. Build might be incomplete.
13:44:29 **** Incremental Build of configuration Debug for project HeartbeatChecker ****
make -j8 all 
arm-none-eabi-gcc "../Core/Src/main.c" -mcpu=cortex-m4 -std=gnu11 -g3 -DDEBUG -DUSE_HAL_DRIVER -DSTM32F407xx -c -I../USB_HOST/App -I../USB_HOST/Target -I../Core/Inc -I../Drivers/STM32F4xx_HAL_Driver/Inc -I../Drivers/STM32F4xx_HAL_Driver/Inc/Legacy -I../Middlewares/ST/STM32_USB_Host_Library/Core/Inc -I../Middlewares/ST/STM32_USB_Host_Library/Class/CDC/Inc -I../Drivers/CMSIS/Device/ST/STM32F4xx/Include -I../Drivers/CMSIS/Include -O0 -ffunction-sections -fdata-sections -Wall -fstack-usage -MMD -MP -MF"Core/Src/main.d" -MT"Core/Src/main.o" --specs=nano.specs -mfpu=fpv4-sp-d16 -mfloat-abi=hard -mthumb -o "Core/Src/main.o"
arm-none-eabi-gcc -o "HeartbeatChecker.elf" @"objects.list"   -mcpu=cortex-m4 -T"C:\Users\ASUS\Desktop\Project1\HeartbeatChecker\STM32F407VGTX_FLASH.ld" --specs=nosys.specs -Wl,-Map="HeartbeatChecker.map" -Wl,--gc-sections -static --specs=nano.specs -mfpu=fpv4-sp-d16 -mfloat-abi=hard -mthumb -u _printf_float -Wl,--start-group -lc -lm -Wl,--end-group
Finished building target: HeartbeatChecker.elf
 
arm-none-eabi-size   HeartbeatChecker.elf 
arm-none-eabi-objdump -h -S  HeartbeatChecker.elf  > "HeartbeatChecker.list"
arm-none-eabi-objcopy  -O binary  HeartbeatChecker.elf  "HeartbeatChecker.bin"
   text	   data	    bss	    dec	    hex	filename
  26776	    488	   1872	  29136	   71d0	HeartbeatChecker.elf
Finished building: default.size.stdout
 
Finished building: HeartbeatChecker.bin
 
Finished building: HeartbeatChecker.list
 
13:46:04 **** Incremental Build of configuration Debug for project HeartbeatChecker ****
make -j8 all 
arm-none-eabi-gcc "../Core/Src/main.c" -mcpu=cortex-m4 -std=gnu11 -g3 -DDEBUG -DUSE_HAL_DRIVER -DSTM32F407xx -c -I../USB_HOST/App -I../USB_HOST/Target -I../Core/Inc -I../Drivers/STM32F4xx_HAL_Driver/Inc -I../Drivers/STM32F4xx_HAL_Driver/Inc/Legacy -I../Middlewares/ST/STM32_USB_Host_Library/Core/Inc -I../Middlewares/ST/STM32_USB_Host_Library/Class/CDC/Inc -I../Drivers/CMSIS/Device/ST/STM32F4xx/Include -I../Drivers/CMSIS/Include -O0 -ffunction-sections -fdata-sections -Wall -fstack-usage -MMD -MP -MF"Core/Src/main.d" -MT"Core/Src/main.o" --specs=nano.specs -mfpu=fpv4-sp-d16 -mfloat-abi=hard -mthumb -o "Core/Src/main.o"
arm-none-eabi-gcc -o "HeartbeatChecker.elf" @"objects.list"   -mcpu=cortex-m4 -T"C:\Users\ASUS\Desktop\Project1\HeartbeatChecker\STM32F407VGTX_FLASH.ld" --specs=nosys.specs -Wl,-Map="HeartbeatChecker.map" -Wl,--gc-sections -static --specs=nano.specs -mfpu=fpv4-sp-d16 -mfloat-abi=hard -mthumb -u _printf_float -Wl,--start-group -lc -lm -Wl,--end-group
Finished building target: HeartbeatChecker.elf
 
arm-none-eabi-size   HeartbeatChecker.elf 
arm-none-eabi-objdump -h -S  HeartbeatChecker.elf  > "HeartbeatChecker.list"
arm-none-eabi-objcopy  -O binary  HeartbeatChecker.elf  "HeartbeatChecker.bin"
   text	   data	    bss	    dec	    hex	filename
  26776	    488	   1872	  29136	   71d0	HeartbeatChecker.elf
Finished building: default.size.stdout
 
Finished building: HeartbeatChecker.bin
 
Finished building: HeartbeatChecker.list
 
13:46:29 **** Incremental Build of configuration Debug for project HeartbeatChecker ****
make -j8 all 
arm-none-eabi-gcc "../Core/Src/main.c" -mcpu=cortex-m4 -std=gnu11 -g3 -DDEBUG -DUSE_HAL_DRIVER -DSTM32F407xx -c -I../USB_HOST/App -I../USB_HOST/Target -I../Core/Inc -I../Drivers/STM32F4xx_HAL_Driver/Inc -I../Drivers/STM32F4xx_HAL_Driver/Inc/Legacy -I../Middlewares/ST/STM32_USB_Host_Library/Core/Inc -I../Middlewares/ST/STM32_USB_Host_Library/Class/CDC/Inc -I../Drivers/CMSIS/Device/ST/STM32F4xx/Include -I../Drivers/CMSIS/Include -O0 -ffunction-sections -fdata-sections -Wall -fstack-usage -MMD -MP -MF"Core/Src/main.d" -MT"Core/Src/main.o" --specs=nano.specs -mfpu=fpv4-sp-d16 -mfloat-abi=hard -mthumb -o "Core/Src/main.o"
arm-none-eabi-gcc -o "HeartbeatChecker.elf" @"objects.list"   -mcpu=cortex-m4 -T"C:\Users\ASUS\Desktop\Project1\HeartbeatChecker\STM32F407VGTX_FLASH.ld" --specs=nosys.specs -Wl,-Map="HeartbeatChecker.map" -Wl,--gc-sections -static --specs=nano.specs -mfpu=fpv4-sp-d16 -mfloat-abi=hard -mthumb -u _printf_float -Wl,--start-group -lc -lm -Wl,--end-group
Finished building target: HeartbeatChecker.elf
 
arm-none-eabi-size   HeartbeatChecker.elf 
arm-none-eabi-objdump -h -S  HeartbeatChecker.elf  > "HeartbeatChecker.list"
arm-none-eabi-objcopy  -O binary  HeartbeatChecker.elf  "HeartbeatChecker.bin"
   text	   data	    bss	    dec	    hex	filename
  26776	    488	   1872	  29136	   71d0	HeartbeatChecker.elf
Finished building: default.size.stdout
 
Finished building: HeartbeatChecker.bin
 
Finished building: HeartbeatChecker.list
 
13:47:06 **** Incremental Build of configuration Debug for project HeartbeatChecker ****
make -j8 all 
arm-none-eabi-gcc "../Core/Src/it.c" -mcpu=cortex-m4 -std=gnu11 -g3 -DDEBUG -DUSE_HAL_DRIVER -DSTM32F407xx -c -I../USB_HOST/App -I../USB_HOST/Target -I../Core/Inc -I../Drivers/STM32F4xx_HAL_Driver/Inc -I../Drivers/STM32F4xx_HAL_Driver/Inc/Legacy -I../Middlewares/ST/STM32_USB_Host_Library/Core/Inc -I../Middlewares/ST/STM32_USB_Host_Library/Class/CDC/Inc -I../Drivers/CMSIS/Device/ST/STM32F4xx/Include -I../Drivers/CMSIS/Include -O0 -ffunction-sections -fdata-sections -Wall -fstack-usage -MMD -MP -MF"Core/Src/it.d" -MT"Core/Src/it.o" --specs=nano.specs -mfpu=fpv4-sp-d16 -mfloat-abi=hard -mthumb -o "Core/Src/it.o"
arm-none-eabi-gcc "../Core/Src/msp.c" -mcpu=cortex-m4 -std=gnu11 -g3 -DDEBUG -DUSE_HAL_DRIVER -DSTM32F407xx -c -I../USB_HOST/App -I../USB_HOST/Target -I../Core/Inc -I../Drivers/STM32F4xx_HAL_Driver/Inc -I../Drivers/STM32F4xx_HAL_Driver/Inc/Legacy -I../Middlewares/ST/STM32_USB_Host_Library/Core/Inc -I../Middlewares/ST/STM32_USB_Host_Library/Class/CDC/Inc -I../Drivers/CMSIS/Device/ST/STM32F4xx/Include -I../Drivers/CMSIS/Include -O0 -ffunction-sections -fdata-sections -Wall -fstack-usage -MMD -MP -MF"Core/Src/msp.d" -MT"Core/Src/msp.o" --specs=nano.specs -mfpu=fpv4-sp-d16 -mfloat-abi=hard -mthumb -o "Core/Src/msp.o"
arm-none-eabi-gcc -o "HeartbeatChecker.elf" @"objects.list"   -mcpu=cortex-m4 -T"C:\Users\ASUS\Desktop\Project1\HeartbeatChecker\STM32F407VGTX_FLASH.ld" --specs=nosys.specs -Wl,-Map="HeartbeatChecker.map" -Wl,--gc-sections -static --specs=nano.specs -mfpu=fpv4-sp-d16 -mfloat-abi=hard -mthumb -u _printf_float -Wl,--start-group -lc -lm -Wl,--end-group
Finished building target: HeartbeatChecker.elf
 
arm-none-eabi-size   HeartbeatChecker.elf 
arm-none-eabi-objdump -h -S  HeartbeatChecker.elf  > "HeartbeatChecker.list"
arm-none-eabi-objcopy  -O binary  HeartbeatChecker.elf  "HeartbeatChecker.bin"
   text	   data	    bss	    dec	    hex	filename
  26776	    488	   1872	  29136	   71d0	HeartbeatChecker.elf
Finished building: default.size.stdout
 
Finished building: HeartbeatChecker.bin
 
Finished building: HeartbeatChecker.list
 
13:47:15 **** Incremental Build of configuration Debug for project HeartbeatChecker ****
make -j8 all 
arm-none-eabi-gcc "../Core/Src/msp.c" -mcpu=cortex-m4 -std=gnu11 -g3 -DDEBUG -DUSE_HAL_DRIVER -DSTM32F407xx -c -I../USB_HOST/App -I../USB_HOST/Target -I../Core/Inc -I../Drivers/STM32F4xx_HAL_Driver/Inc -I../Drivers/STM32F4xx_HAL_Driver/Inc/Legacy -I../Middlewares/ST/STM32_USB_Host_Library/Core/Inc -I../Middlewares/ST/STM32_USB_Host_Library/Class/CDC/Inc -I../Drivers/CMSIS/Device/ST/STM32F4xx/Include -I../Drivers/CMSIS/Include -O0 -ffunction-sections -fdata-sections -Wall -fstack-usage -MMD -MP -MF"Core/Src/msp.d" -MT"Core/Src/msp.o" --specs=nano.specs -mfpu=fpv4-sp-d16 -mfloat-abi=hard -mthumb -o "Core/Src/msp.o"
arm-none-eabi-gcc -o "HeartbeatChecker.elf" @"objects.list"   -mcpu=cortex-m4 -T"C:\Users\ASUS\Desktop\Project1\HeartbeatChecker\STM32F407VGTX_FLASH.ld" --specs=nosys.specs -Wl,-Map="HeartbeatChecker.map" -Wl,--gc-sections -static --specs=nano.specs -mfpu=fpv4-sp-d16 -mfloat-abi=hard -mthumb -u _printf_float -Wl,--start-group -lc -lm -Wl,--end-group
Finished building target: HeartbeatChecker.elf
 
arm-none-eabi-size   HeartbeatChecker.elf 
arm-none-eabi-objdump -h -S  HeartbeatChecker.elf  > "HeartbeatChecker.list"
arm-none-eabi-objcopy  -O binary  HeartbeatChecker.elf  "HeartbeatChecker.bin"
   text	   data	    bss	    dec	    hex	filename
  26776	    488	   1872	  29136	   71d0	HeartbeatChecker.elf
Finished building: default.size.stdout
 
Finished building: HeartbeatChecker.bin
 
Finished building: HeartbeatChecker.list
 
13:48:20 **** Incremental Build of configuration Debug for project HeartbeatChecker ****
make -j8 all 
arm-none-eabi-gcc "../Core/Src/msp.c" -mcpu=cortex-m4 -std=gnu11 -g3 -DDEBUG -DUSE_HAL_DRIVER -DSTM32F407xx -c -I../USB_HOST/App -I../USB_HOST/Target -I../Core/Inc -I../Drivers/STM32F4xx_HAL_Driver/Inc -I../Drivers/STM32F4xx_HAL_Driver/Inc/Legacy -I../Middlewares/ST/STM32_USB_Host_Library/Core/Inc -I../Middlewares/ST/STM32_USB_Host_Library/Class/CDC/Inc -I../Drivers/CMSIS/Device/ST/STM32F4xx/Include -I../Drivers/CMSIS/Include -O0 -ffunction-sections -fdata-sections -Wall -fstack-usage -MMD -MP -MF"Core/Src/msp.d" -MT"Core/Src/msp.o" --specs=nano.specs -mfpu=fpv4-sp-d16 -mfloat-abi=hard -mthumb -o "Core/Src/msp.o"
arm-none-eabi-gcc -o "HeartbeatChecker.elf" @"objects.list"   -mcpu=cortex-m4 -T"C:\Users\ASUS\Desktop\Project1\HeartbeatChecker\STM32F407VGTX_FLASH.ld" --specs=nosys.specs -Wl,-Map="HeartbeatChecker.map" -Wl,--gc-sections -static --specs=nano.specs -mfpu=fpv4-sp-d16 -mfloat-abi=hard -mthumb -u _printf_float -Wl,--start-group -lc -lm -Wl,--end-group
Finished building target: HeartbeatChecker.elf
 
arm-none-eabi-size   HeartbeatChecker.elf 
arm-none-eabi-objdump -h -S  HeartbeatChecker.elf  > "HeartbeatChecker.list"
arm-none-eabi-objcopy  -O binary  HeartbeatChecker.elf  "HeartbeatChecker.bin"
   text	   data	    bss	    dec	    hex	filename
  26776	    488	   1872	  29136	   71d0	HeartbeatChecker.elf
Finished building: default.size.stdout
 
Finished building: HeartbeatChecker.bin
Finished building: HeartbeatChecker.list
 
 
13:48:33 **** Incremental Build of configuration Debug for project HeartbeatChecker ****
make -j8 all 
arm-none-eabi-gcc "../Core/Src/it.c" -mcpu=cortex-m4 -std=gnu11 -g3 -DDEBUG -DUSE_HAL_DRIVER -DSTM32F407xx -c -I../USB_HOST/App -I../USB_HOST/Target -I../Core/Inc -I../Drivers/STM32F4xx_HAL_Driver/Inc -I../Drivers/STM32F4xx_HAL_Driver/Inc/Legacy -I../Middlewares/ST/STM32_USB_Host_Library/Core/Inc -I../Middlewares/ST/STM32_USB_Host_Library/Class/CDC/Inc -I../Drivers/CMSIS/Device/ST/STM32F4xx/Include -I../Drivers/CMSIS/Include -O0 -ffunction-sections -fdata-sections -Wall -fstack-usage -MMD -MP -MF"Core/Src/it.d" -MT"Core/Src/it.o" --specs=nano.specs -mfpu=fpv4-sp-d16 -mfloat-abi=hard -mthumb -o "Core/Src/it.o"
arm-none-eabi-gcc -o "HeartbeatChecker.elf" @"objects.list"   -mcpu=cortex-m4 -T"C:\Users\ASUS\Desktop\Project1\HeartbeatChecker\STM32F407VGTX_FLASH.ld" --specs=nosys.specs -Wl,-Map="HeartbeatChecker.map" -Wl,--gc-sections -static --specs=nano.specs -mfpu=fpv4-sp-d16 -mfloat-abi=hard -mthumb -u _printf_float -Wl,--start-group -lc -lm -Wl,--end-group
Finished building target: HeartbeatChecker.elf
 
arm-none-eabi-size   HeartbeatChecker.elf 
arm-none-eabi-objdump -h -S  HeartbeatChecker.elf  > "HeartbeatChecker.list"
arm-none-eabi-objcopy  -O binary  HeartbeatChecker.elf  "HeartbeatChecker.bin"
   text	   data	    bss	    dec	    hex	filename
  26776	    488	   1872	  29136	   71d0	HeartbeatChecker.elf
Finished building: default.size.stdout
 
Finished building: HeartbeatChecker.bin
Finished building: HeartbeatChecker.list
 
 
13:48:56 **** Incremental Build of configuration Debug for project HeartbeatChecker ****
make -j8 all 
arm-none-eabi-size   HeartbeatChecker.elf 
   text	   data	    bss	    dec	    hex	filename
  26776	    488	   1872	  29136	   71d0	HeartbeatChecker.elf
Finished building: default.size.stdout
 
13:49:06 **** Incremental Build of configuration Debug for project HeartbeatChecker ****
make -j8 all 
arm-none-eabi-gcc "../Core/Src/main.c" -mcpu=cortex-m4 -std=gnu11 -g3 -DDEBUG -DUSE_HAL_DRIVER -DSTM32F407xx -c -I../USB_HOST/App -I../USB_HOST/Target -I../Core/Inc -I../Drivers/STM32F4xx_HAL_Driver/Inc -I../Drivers/STM32F4xx_HAL_Driver/Inc/Legacy -I../Middlewares/ST/STM32_USB_Host_Library/Core/Inc -I../Middlewares/ST/STM32_USB_Host_Library/Class/CDC/Inc -I../Drivers/CMSIS/Device/ST/STM32F4xx/Include -I../Drivers/CMSIS/Include -O0 -ffunction-sections -fdata-sections -Wall -fstack-usage -MMD -MP -MF"Core/Src/main.d" -MT"Core/Src/main.o" --specs=nano.specs -mfpu=fpv4-sp-d16 -mfloat-abi=hard -mthumb -o "Core/Src/main.o"
arm-none-eabi-gcc -o "HeartbeatChecker.elf" @"objects.list"   -mcpu=cortex-m4 -T"C:\Users\ASUS\Desktop\Project1\HeartbeatChecker\STM32F407VGTX_FLASH.ld" --specs=nosys.specs -Wl,-Map="HeartbeatChecker.map" -Wl,--gc-sections -static --specs=nano.specs -mfpu=fpv4-sp-d16 -mfloat-abi=hard -mthumb -u _printf_float -Wl,--start-group -lc -lm -Wl,--end-group
Finished building target: HeartbeatChecker.elf
 
arm-none-eabi-size   HeartbeatChecker.elf 
arm-none-eabi-objdump -h -S  HeartbeatChecker.elf  > "HeartbeatChecker.list"
arm-none-eabi-objcopy  -O binary  HeartbeatChecker.elf  "HeartbeatChecker.bin"
   text	   data	    bss	    dec	    hex	filename
  26776	    488	   1872	  29136	   71d0	HeartbeatChecker.elf
Finished building: default.size.stdout
 
Finished building: HeartbeatChecker.bin
 
Finished building: HeartbeatChecker.list
 
13:49:12 **** Incremental Build of configuration Debug for project HeartbeatChecker ****
make -j8 all 
arm-none-eabi-gcc "../Core/Src/main.c" -mcpu=cortex-m4 -std=gnu11 -g3 -DDEBUG -DUSE_HAL_DRIVER -DSTM32F407xx -c -I../USB_HOST/App -I../USB_HOST/Target -I../Core/Inc -I../Drivers/STM32F4xx_HAL_Driver/Inc -I../Drivers/STM32F4xx_HAL_Driver/Inc/Legacy -I../Middlewares/ST/STM32_USB_Host_Library/Core/Inc -I../Middlewares/ST/STM32_USB_Host_Library/Class/CDC/Inc -I../Drivers/CMSIS/Device/ST/STM32F4xx/Include -I../Drivers/CMSIS/Include -O0 -ffunction-sections -fdata-sections -Wall -fstack-usage -MMD -MP -MF"Core/Src/main.d" -MT"Core/Src/main.o" --specs=nano.specs -mfpu=fpv4-sp-d16 -mfloat-abi=hard -mthumb -o "Core/Src/main.o"
arm-none-eabi-gcc -o "HeartbeatChecker.elf" @"objects.list"   -mcpu=cortex-m4 -T"C:\Users\ASUS\Desktop\Project1\HeartbeatChecker\STM32F407VGTX_FLASH.ld" --specs=nosys.specs -Wl,-Map="HeartbeatChecker.map" -Wl,--gc-sections -static --specs=nano.specs -mfpu=fpv4-sp-d16 -mfloat-abi=hard -mthumb -u _printf_float -Wl,--start-group -lc -lm -Wl,--end-group
Finished building target: HeartbeatChecker.elf
 
arm-none-eabi-size   HeartbeatChecker.elf 
arm-none-eabi-objdump -h -S  HeartbeatChecker.elf  > "HeartbeatChecker.list"
arm-none-eabi-objcopy  -O binary  HeartbeatChecker.elf  "HeartbeatChecker.bin"
   text	   data	    bss	    dec	    hex	filename
  26776	    488	   1872	  29136	   71d0	HeartbeatChecker.elf
Finished building: default.size.stdout
 
Finished building: HeartbeatChecker.bin
 
Finished building: HeartbeatChecker.list
 
13:49:20 **** Incremental Build of configuration Debug for project HeartbeatChecker ****
make -j8 all 
arm-none-eabi-gcc "../Core/Src/main.c" -mcpu=cortex-m4 -std=gnu11 -g3 -DDEBUG -DUSE_HAL_DRIVER -DSTM32F407xx -c -I../USB_HOST/App -I../USB_HOST/Target -I../Core/Inc -I../Drivers/STM32F4xx_HAL_Driver/Inc -I../Drivers/STM32F4xx_HAL_Driver/Inc/Legacy -I../Middlewares/ST/STM32_USB_Host_Library/Core/Inc -I../Middlewares/ST/STM32_USB_Host_Library/Class/CDC/Inc -I../Drivers/CMSIS/Device/ST/STM32F4xx/Include -I../Drivers/CMSIS/Include -O0 -ffunction-sections -fdata-sections -Wall -fstack-usage -MMD -MP -MF"Core/Src/main.d" -MT"Core/Src/main.o" --specs=nano.specs -mfpu=fpv4-sp-d16 -mfloat-abi=hard -mthumb -o "Core/Src/main.o"
arm-none-eabi-gcc -o "HeartbeatChecker.elf" @"objects.list"   -mcpu=cortex-m4 -T"C:\Users\ASUS\Desktop\Project1\HeartbeatChecker\STM32F407VGTX_FLASH.ld" --specs=nosys.specs -Wl,-Map="HeartbeatChecker.map" -Wl,--gc-sections -static --specs=nano.specs -mfpu=fpv4-sp-d16 -mfloat-abi=hard -mthumb -u _printf_float -Wl,--start-group -lc -lm -Wl,--end-group
Finished building target: HeartbeatChecker.elf
 
arm-none-eabi-size   HeartbeatChecker.elf 
arm-none-eabi-objdump -h -S  HeartbeatChecker.elf  > "HeartbeatChecker.list"
arm-none-eabi-objcopy  -O binary  HeartbeatChecker.elf  "HeartbeatChecker.bin"
   text	   data	    bss	    dec	    hex	filename
  26776	    488	   1872	  29136	   71d0	HeartbeatChecker.elf
Finished building: default.size.stdout
 
Finished building: HeartbeatChecker.bin
 
Finished building: HeartbeatChecker.list
 
13:49:28 **** Incremental Build of configuration Debug for project HeartbeatChecker ****
make -j8 all 
arm-none-eabi-gcc "../Core/Src/main.c" -mcpu=cortex-m4 -std=gnu11 -g3 -DDEBUG -DUSE_HAL_DRIVER -DSTM32F407xx -c -I../USB_HOST/App -I../USB_HOST/Target -I../Core/Inc -I../Drivers/STM32F4xx_HAL_Driver/Inc -I../Drivers/STM32F4xx_HAL_Driver/Inc/Legacy -I../Middlewares/ST/STM32_USB_Host_Library/Core/Inc -I../Middlewares/ST/STM32_USB_Host_Library/Class/CDC/Inc -I../Drivers/CMSIS/Device/ST/STM32F4xx/Include -I../Drivers/CMSIS/Include -O0 -ffunction-sections -fdata-sections -Wall -fstack-usage -MMD -MP -MF"Core/Src/main.d" -MT"Core/Src/main.o" --specs=nano.specs -mfpu=fpv4-sp-d16 -mfloat-abi=hard -mthumb -o "Core/Src/main.o"
arm-none-eabi-gcc -o "HeartbeatChecker.elf" @"objects.list"   -mcpu=cortex-m4 -T"C:\Users\ASUS\Desktop\Project1\HeartbeatChecker\STM32F407VGTX_FLASH.ld" --specs=nosys.specs -Wl,-Map="HeartbeatChecker.map" -Wl,--gc-sections -static --specs=nano.specs -mfpu=fpv4-sp-d16 -mfloat-abi=hard -mthumb -u _printf_float -Wl,--start-group -lc -lm -Wl,--end-group
Finished building target: HeartbeatChecker.elf
 
arm-none-eabi-size   HeartbeatChecker.elf 
arm-none-eabi-objdump -h -S  HeartbeatChecker.elf  > "HeartbeatChecker.list"
arm-none-eabi-objcopy  -O binary  HeartbeatChecker.elf  "HeartbeatChecker.bin"
   text	   data	    bss	    dec	    hex	filename
  26776	    488	   1872	  29136	   71d0	HeartbeatChecker.elf
Finished building: default.size.stdout
 
Finished building: HeartbeatChecker.bin
 
Finished building: HeartbeatChecker.list
 
13:49:41 **** Incremental Build of configuration Debug for project HeartbeatChecker ****
make -j8 all 
arm-none-eabi-size   HeartbeatChecker.elf 
   text	   data	    bss	    dec	    hex	filename
  26776	    488	   1872	  29136	   71d0	HeartbeatChecker.elf
Finished building: default.size.stdout
 
13:49:58 **** Incremental Build of configuration Debug for project HeartbeatChecker ****
make -j8 all 
arm-none-eabi-gcc "../Core/Src/main.c" -mcpu=cortex-m4 -std=gnu11 -g3 -DDEBUG -DUSE_HAL_DRIVER -DSTM32F407xx -c -I../USB_HOST/App -I../USB_HOST/Target -I../Core/Inc -I../Drivers/STM32F4xx_HAL_Driver/Inc -I../Drivers/STM32F4xx_HAL_Driver/Inc/Legacy -I../Middlewares/ST/STM32_USB_Host_Library/Core/Inc -I../Middlewares/ST/STM32_USB_Host_Library/Class/CDC/Inc -I../Drivers/CMSIS/Device/ST/STM32F4xx/Include -I../Drivers/CMSIS/Include -O0 -ffunction-sections -fdata-sections -Wall -fstack-usage -MMD -MP -MF"Core/Src/main.d" -MT"Core/Src/main.o" --specs=nano.specs -mfpu=fpv4-sp-d16 -mfloat-abi=hard -mthumb -o "Core/Src/main.o"
../Core/Src/main.c: In function 'HAL_GPIO_EXTI_Callback':
../Core/Src/main.c:191:3: warning: implicit declaration of function 'sprintf' [-Wimplicit-function-declaration]
  191 |   sprintf(data_buffer, "Beat: %d\r\n", pulse );
      |   ^~~~~~~
../Core/Src/main.c:191:3: warning: incompatible implicit declaration of built-in function 'sprintf'
../Core/Src/main.c:10:1: note: include '<stdio.h>' or provide a declaration of 'sprintf'
    9 | #include <string.h>
  +++ |+#include <stdio.h>
   10 | 
arm-none-eabi-gcc -o "HeartbeatChecker.elf" @"objects.list"   -mcpu=cortex-m4 -T"C:\Users\ASUS\Desktop\Project1\HeartbeatChecker\STM32F407VGTX_FLASH.ld" --specs=nosys.specs -Wl,-Map="HeartbeatChecker.map" -Wl,--gc-sections -static --specs=nano.specs -mfpu=fpv4-sp-d16 -mfloat-abi=hard -mthumb -u _printf_float -Wl,--start-group -lc -lm -Wl,--end-group
Finished building target: HeartbeatChecker.elf
 
arm-none-eabi-size   HeartbeatChecker.elf 
arm-none-eabi-objdump -h -S  HeartbeatChecker.elf  > "HeartbeatChecker.list"
arm-none-eabi-objcopy  -O binary  HeartbeatChecker.elf  "HeartbeatChecker.bin"
   text	   data	    bss	    dec	    hex	filename
  26776	    488	   1872	  29136	   71d0	HeartbeatChecker.elf
Finished building: default.size.stdout
 
Finished building: HeartbeatChecker.bin
 
Finished building: HeartbeatChecker.list
 
13:50:03 **** Incremental Build of configuration Debug for project HeartbeatChecker ****
make -j8 all 
arm-none-eabi-gcc "../Core/Src/main.c" -mcpu=cortex-m4 -std=gnu11 -g3 -DDEBUG -DUSE_HAL_DRIVER -DSTM32F407xx -c -I../USB_HOST/App -I../USB_HOST/Target -I../Core/Inc -I../Drivers/STM32F4xx_HAL_Driver/Inc -I../Drivers/STM32F4xx_HAL_Driver/Inc/Legacy -I../Middlewares/ST/STM32_USB_Host_Library/Core/Inc -I../Middlewares/ST/STM32_USB_Host_Library/Class/CDC/Inc -I../Drivers/CMSIS/Device/ST/STM32F4xx/Include -I../Drivers/CMSIS/Include -O0 -ffunction-sections -fdata-sections -Wall -fstack-usage -MMD -MP -MF"Core/Src/main.d" -MT"Core/Src/main.o" --specs=nano.specs -mfpu=fpv4-sp-d16 -mfloat-abi=hard -mthumb -o "Core/Src/main.o"
arm-none-eabi-gcc -o "HeartbeatChecker.elf" @"objects.list"   -mcpu=cortex-m4 -T"C:\Users\ASUS\Desktop\Project1\HeartbeatChecker\STM32F407VGTX_FLASH.ld" --specs=nosys.specs -Wl,-Map="HeartbeatChecker.map" -Wl,--gc-sections -static --specs=nano.specs -mfpu=fpv4-sp-d16 -mfloat-abi=hard -mthumb -u _printf_float -Wl,--start-group -lc -lm -Wl,--end-group
Finished building target: HeartbeatChecker.elf
 
arm-none-eabi-size   HeartbeatChecker.elf 
arm-none-eabi-objdump -h -S  HeartbeatChecker.elf  > "HeartbeatChecker.list"
arm-none-eabi-objcopy  -O binary  HeartbeatChecker.elf  "HeartbeatChecker.bin"
   text	   data	    bss	    dec	    hex	filename
  26776	    488	   1872	  29136	   71d0	HeartbeatChecker.elf
Finished building: default.size.stdout
 
Finished building: HeartbeatChecker.bin
 
Finished building: HeartbeatChecker.list
 
13:50:56 **** Incremental Build of configuration Debug for project HeartbeatChecker ****
make -j8 all 
arm-none-eabi-gcc "../Core/Src/main.c" -mcpu=cortex-m4 -std=gnu11 -g3 -DDEBUG -DUSE_HAL_DRIVER -DSTM32F407xx -c -I../USB_HOST/App -I../USB_HOST/Target -I../Core/Inc -I../Drivers/STM32F4xx_HAL_Driver/Inc -I../Drivers/STM32F4xx_HAL_Driver/Inc/Legacy -I../Middlewares/ST/STM32_USB_Host_Library/Core/Inc -I../Middlewares/ST/STM32_USB_Host_Library/Class/CDC/Inc -I../Drivers/CMSIS/Device/ST/STM32F4xx/Include -I../Drivers/CMSIS/Include -O0 -ffunction-sections -fdata-sections -Wall -fstack-usage -MMD -MP -MF"Core/Src/main.d" -MT"Core/Src/main.o" --specs=nano.specs -mfpu=fpv4-sp-d16 -mfloat-abi=hard -mthumb -o "Core/Src/main.o"
arm-none-eabi-gcc -o "HeartbeatChecker.elf" @"objects.list"   -mcpu=cortex-m4 -T"C:\Users\ASUS\Desktop\Project1\HeartbeatChecker\STM32F407VGTX_FLASH.ld" --specs=nosys.specs -Wl,-Map="HeartbeatChecker.map" -Wl,--gc-sections -static --specs=nano.specs -mfpu=fpv4-sp-d16 -mfloat-abi=hard -mthumb -u _printf_float -Wl,--start-group -lc -lm -Wl,--end-group
Finished building target: HeartbeatChecker.elf
 
arm-none-eabi-size   HeartbeatChecker.elf 
arm-none-eabi-objdump -h -S  HeartbeatChecker.elf  > "HeartbeatChecker.list"
arm-none-eabi-objcopy  -O binary  HeartbeatChecker.elf  "HeartbeatChecker.bin"
   text	   data	    bss	    dec	    hex	filename
  26784	    488	   1872	  29144	   71d8	HeartbeatChecker.elf
Finished building: default.size.stdout
 
Finished building: HeartbeatChecker.bin
 
Finished building: HeartbeatChecker.list
 
13:51:03 **** Incremental Build of configuration Debug for project HeartbeatChecker ****
make -j8 all 
arm-none-eabi-size   HeartbeatChecker.elf 
   text	   data	    bss	    dec	    hex	filename
  26784	    488	   1872	  29144	   71d8	HeartbeatChecker.elf
Finished building: default.size.stdout
 
13:51:53 **** Incremental Build of configuration Debug for project HeartbeatChecker ****
make -j8 all 
arm-none-eabi-gcc "../Core/Src/main.c" -mcpu=cortex-m4 -std=gnu11 -g3 -DDEBUG -DUSE_HAL_DRIVER -DSTM32F407xx -c -I../USB_HOST/App -I../USB_HOST/Target -I../Core/Inc -I../Drivers/STM32F4xx_HAL_Driver/Inc -I../Drivers/STM32F4xx_HAL_Driver/Inc/Legacy -I../Middlewares/ST/STM32_USB_Host_Library/Core/Inc -I../Middlewares/ST/STM32_USB_Host_Library/Class/CDC/Inc -I../Drivers/CMSIS/Device/ST/STM32F4xx/Include -I../Drivers/CMSIS/Include -O0 -ffunction-sections -fdata-sections -Wall -fstack-usage -MMD -MP -MF"Core/Src/main.d" -MT"Core/Src/main.o" --specs=nano.specs -mfpu=fpv4-sp-d16 -mfloat-abi=hard -mthumb -o "Core/Src/main.o"
arm-none-eabi-gcc -o "HeartbeatChecker.elf" @"objects.list"   -mcpu=cortex-m4 -T"C:\Users\ASUS\Desktop\Project1\HeartbeatChecker\STM32F407VGTX_FLASH.ld" --specs=nosys.specs -Wl,-Map="HeartbeatChecker.map" -Wl,--gc-sections -static --specs=nano.specs -mfpu=fpv4-sp-d16 -mfloat-abi=hard -mthumb -u _printf_float -Wl,--start-group -lc -lm -Wl,--end-group
Finished building target: HeartbeatChecker.elf
 
arm-none-eabi-size   HeartbeatChecker.elf 
arm-none-eabi-objdump -h -S  HeartbeatChecker.elf  > "HeartbeatChecker.list"
arm-none-eabi-objcopy  -O binary  HeartbeatChecker.elf  "HeartbeatChecker.bin"
   text	   data	    bss	    dec	    hex	filename
  26808	    488	   1872	  29168	   71f0	HeartbeatChecker.elf
Finished building: default.size.stdout
 
Finished building: HeartbeatChecker.bin
 
Finished building: HeartbeatChecker.list
 
13:52:02 **** Incremental Build of configuration Debug for project HeartbeatChecker ****
make -j8 all 
arm-none-eabi-size   HeartbeatChecker.elf 
   text	   data	    bss	    dec	    hex	filename
  26808	    488	   1872	  29168	   71f0	HeartbeatChecker.elf
Finished building: default.size.stdout
 
