12:55:03 **** Build of configuration Debug for project HeartbeatChecker ****
make -j8 all 
arm-none-eabi-gcc "../Drivers/STM32F4xx_HAL_Driver/Src/stm32f4xx_hal.c" -mcpu=cortex-m4 -std=gnu11 -g3 -DDEBUG -DUSE_HAL_DRIVER -DSTM32F407xx -c -I../USB_HOST/App -I../USB_HOST/Target -I../Core/Inc -I../Drivers/STM32F4xx_HAL_Driver/Inc -I../Drivers/STM32F4xx_HAL_Driver/Inc/Legacy -I../Middlewares/ST/STM32_USB_Host_Library/Core/Inc -I../Middlewares/ST/STM32_USB_Host_Library/Class/CDC/Inc -I../Drivers/CMSIS/Device/ST/STM32F4xx/Include -I../Drivers/CMSIS/Include -O0 -ffunction-sections -fdata-sections -Wall -fstack-usage -MMD -MP -MF"Drivers/STM32F4xx_HAL_Driver/Src/stm32f4xx_hal.d" -MT"Drivers/STM32F4xx_HAL_Driver/Src/stm32f4xx_hal.o" --specs=nano.specs -mfloat-abi=soft -mthumb -o "Drivers/STM32F4xx_HAL_Driver/Src/stm32f4xx_hal.o"
arm-none-eabi-gcc "../Drivers/STM32F4xx_HAL_Driver/Src/stm32f4xx_hal_adc.c" -mcpu=cortex-m4 -std=gnu11 -g3 -DDEBUG -DUSE_HAL_DRIVER -DSTM32F407xx -c -I../USB_HOST/App -I../USB_HOST/Target -I../Core/Inc -I../Drivers/STM32F4xx_HAL_Driver/Inc -I../Drivers/STM32F4xx_HAL_Driver/Inc/Legacy -I../Middlewares/ST/STM32_USB_Host_Library/Core/Inc -I../Middlewares/ST/STM32_USB_Host_Library/Class/CDC/Inc -I../Drivers/CMSIS/Device/ST/STM32F4xx/Include -I../Drivers/CMSIS/Include -O0 -ffunction-sections -fdata-sections -Wall -fstack-usage -MMD -MP -MF"Drivers/STM32F4xx_HAL_Driver/Src/stm32f4xx_hal_adc.d" -MT"Drivers/STM32F4xx_HAL_Driver/Src/stm32f4xx_hal_adc.o" --specs=nano.specs -mfloat-abi=soft -mthumb -o "Drivers/STM32F4xx_HAL_Driver/Src/stm32f4xx_hal_adc.o"
arm-none-eabi-gcc "../Drivers/STM32F4xx_HAL_Driver/Src/stm32f4xx_hal_adc_ex.c" -mcpu=cortex-m4 -std=gnu11 -g3 -DDEBUG -DUSE_HAL_DRIVER -DSTM32F407xx -c -I../USB_HOST/App -I../USB_HOST/Target -I../Core/Inc -I../Drivers/STM32F4xx_HAL_Driver/Inc -I../Drivers/STM32F4xx_HAL_Driver/Inc/Legacy -I../Middlewares/ST/STM32_USB_Host_Library/Core/Inc -I../Middlewares/ST/STM32_USB_Host_Library/Class/CDC/Inc -I../Drivers/CMSIS/Device/ST/STM32F4xx/Include -I../Drivers/CMSIS/Include -O0 -ffunction-sections -fdata-sections -Wall -fstack-usage -MMD -MP -MF"Drivers/STM32F4xx_HAL_Driver/Src/stm32f4xx_hal_adc_ex.d" -MT"Drivers/STM32F4xx_HAL_Driver/Src/stm32f4xx_hal_adc_ex.o" --specs=nano.specs -mfloat-abi=soft -mthumb -o "Drivers/STM32F4xx_HAL_Driver/Src/stm32f4xx_hal_adc_ex.o"
arm-none-eabi-gcc "../Drivers/STM32F4xx_HAL_Driver/Src/stm32f4xx_hal_cortex.c" -mcpu=cortex-m4 -std=gnu11 -g3 -DDEBUG -DUSE_HAL_DRIVER -DSTM32F407xx -c -I../USB_HOST/App -I../USB_HOST/Target -I../Core/Inc -I../Drivers/STM32F4xx_HAL_Driver/Inc -I../Drivers/STM32F4xx_HAL_Driver/Inc/Legacy -I../Middlewares/ST/STM32_USB_Host_Library/Core/Inc -I../Middlewares/ST/STM32_USB_Host_Library/Class/CDC/Inc -I../Drivers/CMSIS/Device/ST/STM32F4xx/Include -I../Drivers/CMSIS/Include -O0 -ffunction-sections -fdata-sections -Wall -fstack-usage -MMD -MP -MF"Drivers/STM32F4xx_HAL_Driver/Src/stm32f4xx_hal_cortex.d" -MT"Drivers/STM32F4xx_HAL_Driver/Src/stm32f4xx_hal_cortex.o" --specs=nano.specs -mfloat-abi=soft -mthumb -o "Drivers/STM32F4xx_HAL_Driver/Src/stm32f4xx_hal_cortex.o"
arm-none-eabi-gcc "../Drivers/STM32F4xx_HAL_Driver/Src/stm32f4xx_hal_dma.c" -mcpu=cortex-m4 -std=gnu11 -g3 -DDEBUG -DUSE_HAL_DRIVER -DSTM32F407xx -c -I../USB_HOST/App -I../USB_HOST/Target -I../Core/Inc -I../Drivers/STM32F4xx_HAL_Driver/Inc -I../Drivers/STM32F4xx_HAL_Driver/Inc/Legacy -I../Middlewares/ST/STM32_USB_Host_Library/Core/Inc -I../Middlewares/ST/STM32_USB_Host_Library/Class/CDC/Inc -I../Drivers/CMSIS/Device/ST/STM32F4xx/Include -I../Drivers/CMSIS/Include -O0 -ffunction-sections -fdata-sections -Wall -fstack-usage -MMD -MP -MF"Drivers/STM32F4xx_HAL_Driver/Src/stm32f4xx_hal_dma.d" -MT"Drivers/STM32F4xx_HAL_Driver/Src/stm32f4xx_hal_dma.o" --specs=nano.specs -mfloat-abi=soft -mthumb -o "Drivers/STM32F4xx_HAL_Driver/Src/stm32f4xx_hal_dma.o"
arm-none-eabi-gcc "../Drivers/STM32F4xx_HAL_Driver/Src/stm32f4xx_hal_dma_ex.c" -mcpu=cortex-m4 -std=gnu11 -g3 -DDEBUG -DUSE_HAL_DRIVER -DSTM32F407xx -c -I../USB_HOST/App -I../USB_HOST/Target -I../Core/Inc -I../Drivers/STM32F4xx_HAL_Driver/Inc -I../Drivers/STM32F4xx_HAL_Driver/Inc/Legacy -I../Middlewares/ST/STM32_USB_Host_Library/Core/Inc -I../Middlewares/ST/STM32_USB_Host_Library/Class/CDC/Inc -I../Drivers/CMSIS/Device/ST/STM32F4xx/Include -I../Drivers/CMSIS/Include -O0 -ffunction-sections -fdata-sections -Wall -fstack-usage -MMD -MP -MF"Drivers/STM32F4xx_HAL_Driver/Src/stm32f4xx_hal_dma_ex.d" -MT"Drivers/STM32F4xx_HAL_Driver/Src/stm32f4xx_hal_dma_ex.o" --specs=nano.specs -mfloat-abi=soft -mthumb -o "Drivers/STM32F4xx_HAL_Driver/Src/stm32f4xx_hal_dma_ex.o"
arm-none-eabi-gcc "../Drivers/STM32F4xx_HAL_Driver/Src/stm32f4xx_hal_exti.c" -mcpu=cortex-m4 -std=gnu11 -g3 -DDEBUG -DUSE_HAL_DRIVER -DSTM32F407xx -c -I../USB_HOST/App -I../USB_HOST/Target -I../Core/Inc -I../Drivers/STM32F4xx_HAL_Driver/Inc -I../Drivers/STM32F4xx_HAL_Driver/Inc/Legacy -I../Middlewares/ST/STM32_USB_Host_Library/Core/Inc -I../Middlewares/ST/STM32_USB_Host_Library/Class/CDC/Inc -I../Drivers/CMSIS/Device/ST/STM32F4xx/Include -I../Drivers/CMSIS/Include -O0 -ffunction-sections -fdata-sections -Wall -fstack-usage -MMD -MP -MF"Drivers/STM32F4xx_HAL_Driver/Src/stm32f4xx_hal_exti.d" -MT"Drivers/STM32F4xx_HAL_Driver/Src/stm32f4xx_hal_exti.o" --specs=nano.specs -mfloat-abi=soft -mthumb -o "Drivers/STM32F4xx_HAL_Driver/Src/stm32f4xx_hal_exti.o"
arm-none-eabi-gcc "../Drivers/STM32F4xx_HAL_Driver/Src/stm32f4xx_hal_flash.c" -mcpu=cortex-m4 -std=gnu11 -g3 -DDEBUG -DUSE_HAL_DRIVER -DSTM32F407xx -c -I../USB_HOST/App -I../USB_HOST/Target -I../Core/Inc -I../Drivers/STM32F4xx_HAL_Driver/Inc -I../Drivers/STM32F4xx_HAL_Driver/Inc/Legacy -I../Middlewares/ST/STM32_USB_Host_Library/Core/Inc -I../Middlewares/ST/STM32_USB_Host_Library/Class/CDC/Inc -I../Drivers/CMSIS/Device/ST/STM32F4xx/Include -I../Drivers/CMSIS/Include -O0 -ffunction-sections -fdata-sections -Wall -fstack-usage -MMD -MP -MF"Drivers/STM32F4xx_HAL_Driver/Src/stm32f4xx_hal_flash.d" -MT"Drivers/STM32F4xx_HAL_Driver/Src/stm32f4xx_hal_flash.o" --specs=nano.specs -mfloat-abi=soft -mthumb -o "Drivers/STM32F4xx_HAL_Driver/Src/stm32f4xx_hal_flash.o"
arm-none-eabi-gcc "../Drivers/STM32F4xx_HAL_Driver/Src/stm32f4xx_hal_flash_ex.c" -mcpu=cortex-m4 -std=gnu11 -g3 -DDEBUG -DUSE_HAL_DRIVER -DSTM32F407xx -c -I../USB_HOST/App -I../USB_HOST/Target -I../Core/Inc -I../Drivers/STM32F4xx_HAL_Driver/Inc -I../Drivers/STM32F4xx_HAL_Driver/Inc/Legacy -I../Middlewares/ST/STM32_USB_Host_Library/Core/Inc -I../Middlewares/ST/STM32_USB_Host_Library/Class/CDC/Inc -I../Drivers/CMSIS/Device/ST/STM32F4xx/Include -I../Drivers/CMSIS/Include -O0 -ffunction-sections -fdata-sections -Wall -fstack-usage -MMD -MP -MF"Drivers/STM32F4xx_HAL_Driver/Src/stm32f4xx_hal_flash_ex.d" -MT"Drivers/STM32F4xx_HAL_Driver/Src/stm32f4xx_hal_flash_ex.o" --specs=nano.specs -mfloat-abi=soft -mthumb -o "Drivers/STM32F4xx_HAL_Driver/Src/stm32f4xx_hal_flash_ex.o"
arm-none-eabi-gcc "../Drivers/STM32F4xx_HAL_Driver/Src/stm32f4xx_hal_flash_ramfunc.c" -mcpu=cortex-m4 -std=gnu11 -g3 -DDEBUG -DUSE_HAL_DRIVER -DSTM32F407xx -c -I../USB_HOST/App -I../USB_HOST/Target -I../Core/Inc -I../Drivers/STM32F4xx_HAL_Driver/Inc -I../Drivers/STM32F4xx_HAL_Driver/Inc/Legacy -I../Middlewares/ST/STM32_USB_Host_Library/Core/Inc -I../Middlewares/ST/STM32_USB_Host_Library/Class/CDC/Inc -I../Drivers/CMSIS/Device/ST/STM32F4xx/Include -I../Drivers/CMSIS/Include -O0 -ffunction-sections -fdata-sections -Wall -fstack-usage -MMD -MP -MF"Drivers/STM32F4xx_HAL_Driver/Src/stm32f4xx_hal_flash_ramfunc.d" -MT"Drivers/STM32F4xx_HAL_Driver/Src/stm32f4xx_hal_flash_ramfunc.o" --specs=nano.specs -mfloat-abi=soft -mthumb -o "Drivers/STM32F4xx_HAL_Driver/Src/stm32f4xx_hal_flash_ramfunc.o"
arm-none-eabi-gcc "../Drivers/STM32F4xx_HAL_Driver/Src/stm32f4xx_hal_gpio.c" -mcpu=cortex-m4 -std=gnu11 -g3 -DDEBUG -DUSE_HAL_DRIVER -DSTM32F407xx -c -I../USB_HOST/App -I../USB_HOST/Target -I../Core/Inc -I../Drivers/STM32F4xx_HAL_Driver/Inc -I../Drivers/STM32F4xx_HAL_Driver/Inc/Legacy -I../Middlewares/ST/STM32_USB_Host_Library/Core/Inc -I../Middlewares/ST/STM32_USB_Host_Library/Class/CDC/Inc -I../Drivers/CMSIS/Device/ST/STM32F4xx/Include -I../Drivers/CMSIS/Include -O0 -ffunction-sections -fdata-sections -Wall -fstack-usage -MMD -MP -MF"Drivers/STM32F4xx_HAL_Driver/Src/stm32f4xx_hal_gpio.d" -MT"Drivers/STM32F4xx_HAL_Driver/Src/stm32f4xx_hal_gpio.o" --specs=nano.specs -mfloat-abi=soft -mthumb -o "Drivers/STM32F4xx_HAL_Driver/Src/stm32f4xx_hal_gpio.o"
arm-none-eabi-gcc "../Drivers/STM32F4xx_HAL_Driver/Src/stm32f4xx_hal_i2c.c" -mcpu=cortex-m4 -std=gnu11 -g3 -DDEBUG -DUSE_HAL_DRIVER -DSTM32F407xx -c -I../USB_HOST/App -I../USB_HOST/Target -I../Core/Inc -I../Drivers/STM32F4xx_HAL_Driver/Inc -I../Drivers/STM32F4xx_HAL_Driver/Inc/Legacy -I../Middlewares/ST/STM32_USB_Host_Library/Core/Inc -I../Middlewares/ST/STM32_USB_Host_Library/Class/CDC/Inc -I../Drivers/CMSIS/Device/ST/STM32F4xx/Include -I../Drivers/CMSIS/Include -O0 -ffunction-sections -fdata-sections -Wall -fstack-usage -MMD -MP -MF"Drivers/STM32F4xx_HAL_Driver/Src/stm32f4xx_hal_i2c.d" -MT"Drivers/STM32F4xx_HAL_Driver/Src/stm32f4xx_hal_i2c.o" --specs=nano.specs -mfloat-abi=soft -mthumb -o "Drivers/STM32F4xx_HAL_Driver/Src/stm32f4xx_hal_i2c.o"
arm-none-eabi-gcc "../Drivers/STM32F4xx_HAL_Driver/Src/stm32f4xx_hal_i2c_ex.c" -mcpu=cortex-m4 -std=gnu11 -g3 -DDEBUG -DUSE_HAL_DRIVER -DSTM32F407xx -c -I../USB_HOST/App -I../USB_HOST/Target -I../Core/Inc -I../Drivers/STM32F4xx_HAL_Driver/Inc -I../Drivers/STM32F4xx_HAL_Driver/Inc/Legacy -I../Middlewares/ST/STM32_USB_Host_Library/Core/Inc -I../Middlewares/ST/STM32_USB_Host_Library/Class/CDC/Inc -I../Drivers/CMSIS/Device/ST/STM32F4xx/Include -I../Drivers/CMSIS/Include -O0 -ffunction-sections -fdata-sections -Wall -fstack-usage -MMD -MP -MF"Drivers/STM32F4xx_HAL_Driver/Src/stm32f4xx_hal_i2c_ex.d" -MT"Drivers/STM32F4xx_HAL_Driver/Src/stm32f4xx_hal_i2c_ex.o" --specs=nano.specs -mfloat-abi=soft -mthumb -o "Drivers/STM32F4xx_HAL_Driver/Src/stm32f4xx_hal_i2c_ex.o"
arm-none-eabi-gcc "../Drivers/STM32F4xx_HAL_Driver/Src/stm32f4xx_hal_i2s.c" -mcpu=cortex-m4 -std=gnu11 -g3 -DDEBUG -DUSE_HAL_DRIVER -DSTM32F407xx -c -I../USB_HOST/App -I../USB_HOST/Target -I../Core/Inc -I../Drivers/STM32F4xx_HAL_Driver/Inc -I../Drivers/STM32F4xx_HAL_Driver/Inc/Legacy -I../Middlewares/ST/STM32_USB_Host_Library/Core/Inc -I../Middlewares/ST/STM32_USB_Host_Library/Class/CDC/Inc -I../Drivers/CMSIS/Device/ST/STM32F4xx/Include -I../Drivers/CMSIS/Include -O0 -ffunction-sections -fdata-sections -Wall -fstack-usage -MMD -MP -MF"Drivers/STM32F4xx_HAL_Driver/Src/stm32f4xx_hal_i2s.d" -MT"Drivers/STM32F4xx_HAL_Driver/Src/stm32f4xx_hal_i2s.o" --specs=nano.specs -mfloat-abi=soft -mthumb -o "Drivers/STM32F4xx_HAL_Driver/Src/stm32f4xx_hal_i2s.o"
arm-none-eabi-gcc "../Drivers/STM32F4xx_HAL_Driver/Src/stm32f4xx_hal_i2s_ex.c" -mcpu=cortex-m4 -std=gnu11 -g3 -DDEBUG -DUSE_HAL_DRIVER -DSTM32F407xx -c -I../USB_HOST/App -I../USB_HOST/Target -I../Core/Inc -I../Drivers/STM32F4xx_HAL_Driver/Inc -I../Drivers/STM32F4xx_HAL_Driver/Inc/Legacy -I../Middlewares/ST/STM32_USB_Host_Library/Core/Inc -I../Middlewares/ST/STM32_USB_Host_Library/Class/CDC/Inc -I../Drivers/CMSIS/Device/ST/STM32F4xx/Include -I../Drivers/CMSIS/Include -O0 -ffunction-sections -fdata-sections -Wall -fstack-usage -MMD -MP -MF"Drivers/STM32F4xx_HAL_Driver/Src/stm32f4xx_hal_i2s_ex.d" -MT"Drivers/STM32F4xx_HAL_Driver/Src/stm32f4xx_hal_i2s_ex.o" --specs=nano.specs -mfloat-abi=soft -mthumb -o "Drivers/STM32F4xx_HAL_Driver/Src/stm32f4xx_hal_i2s_ex.o"
arm-none-eabi-gcc "../Drivers/STM32F4xx_HAL_Driver/Src/stm32f4xx_hal_pwr.c" -mcpu=cortex-m4 -std=gnu11 -g3 -DDEBUG -DUSE_HAL_DRIVER -DSTM32F407xx -c -I../USB_HOST/App -I../USB_HOST/Target -I../Core/Inc -I../Drivers/STM32F4xx_HAL_Driver/Inc -I../Drivers/STM32F4xx_HAL_Driver/Inc/Legacy -I../Middlewares/ST/STM32_USB_Host_Library/Core/Inc -I../Middlewares/ST/STM32_USB_Host_Library/Class/CDC/Inc -I../Drivers/CMSIS/Device/ST/STM32F4xx/Include -I../Drivers/CMSIS/Include -O0 -ffunction-sections -fdata-sections -Wall -fstack-usage -MMD -MP -MF"Drivers/STM32F4xx_HAL_Driver/Src/stm32f4xx_hal_pwr.d" -MT"Drivers/STM32F4xx_HAL_Driver/Src/stm32f4xx_hal_pwr.o" --specs=nano.specs -mfloat-abi=soft -mthumb -o "Drivers/STM32F4xx_HAL_Driver/Src/stm32f4xx_hal_pwr.o"
arm-none-eabi-gcc "../Drivers/STM32F4xx_HAL_Driver/Src/stm32f4xx_hal_pwr_ex.c" -mcpu=cortex-m4 -std=gnu11 -g3 -DDEBUG -DUSE_HAL_DRIVER -DSTM32F407xx -c -I../USB_HOST/App -I../USB_HOST/Target -I../Core/Inc -I../Drivers/STM32F4xx_HAL_Driver/Inc -I../Drivers/STM32F4xx_HAL_Driver/Inc/Legacy -I../Middlewares/ST/STM32_USB_Host_Library/Core/Inc -I../Middlewares/ST/STM32_USB_Host_Library/Class/CDC/Inc -I../Drivers/CMSIS/Device/ST/STM32F4xx/Include -I../Drivers/CMSIS/Include -O0 -ffunction-sections -fdata-sections -Wall -fstack-usage -MMD -MP -MF"Drivers/STM32F4xx_HAL_Driver/Src/stm32f4xx_hal_pwr_ex.d" -MT"Drivers/STM32F4xx_HAL_Driver/Src/stm32f4xx_hal_pwr_ex.o" --specs=nano.specs -mfloat-abi=soft -mthumb -o "Drivers/STM32F4xx_HAL_Driver/Src/stm32f4xx_hal_pwr_ex.o"
arm-none-eabi-gcc "../Drivers/STM32F4xx_HAL_Driver/Src/stm32f4xx_hal_rcc.c" -mcpu=cortex-m4 -std=gnu11 -g3 -DDEBUG -DUSE_HAL_DRIVER -DSTM32F407xx -c -I../USB_HOST/App -I../USB_HOST/Target -I../Core/Inc -I../Drivers/STM32F4xx_HAL_Driver/Inc -I../Drivers/STM32F4xx_HAL_Driver/Inc/Legacy -I../Middlewares/ST/STM32_USB_Host_Library/Core/Inc -I../Middlewares/ST/STM32_USB_Host_Library/Class/CDC/Inc -I../Drivers/CMSIS/Device/ST/STM32F4xx/Include -I../Drivers/CMSIS/Include -O0 -ffunction-sections -fdata-sections -Wall -fstack-usage -MMD -MP -MF"Drivers/STM32F4xx_HAL_Driver/Src/stm32f4xx_hal_rcc.d" -MT"Drivers/STM32F4xx_HAL_Driver/Src/stm32f4xx_hal_rcc.o" --specs=nano.specs -mfloat-abi=soft -mthumb -o "Drivers/STM32F4xx_HAL_Driver/Src/stm32f4xx_hal_rcc.o"
arm-none-eabi-gcc "../Drivers/STM32F4xx_HAL_Driver/Src/stm32f4xx_hal_rcc_ex.c" -mcpu=cortex-m4 -std=gnu11 -g3 -DDEBUG -DUSE_HAL_DRIVER -DSTM32F407xx -c -I../USB_HOST/App -I../USB_HOST/Target -I../Core/Inc -I../Drivers/STM32F4xx_HAL_Driver/Inc -I../Drivers/STM32F4xx_HAL_Driver/Inc/Legacy -I../Middlewares/ST/STM32_USB_Host_Library/Core/Inc -I../Middlewares/ST/STM32_USB_Host_Library/Class/CDC/Inc -I../Drivers/CMSIS/Device/ST/STM32F4xx/Include -I../Drivers/CMSIS/Include -O0 -ffunction-sections -fdata-sections -Wall -fstack-usage -MMD -MP -MF"Drivers/STM32F4xx_HAL_Driver/Src/stm32f4xx_hal_rcc_ex.d" -MT"Drivers/STM32F4xx_HAL_Driver/Src/stm32f4xx_hal_rcc_ex.o" --specs=nano.specs -mfloat-abi=soft -mthumb -o "Drivers/STM32F4xx_HAL_Driver/Src/stm32f4xx_hal_rcc_ex.o"
arm-none-eabi-gcc "../Drivers/STM32F4xx_HAL_Driver/Src/stm32f4xx_hal_spi.c" -mcpu=cortex-m4 -std=gnu11 -g3 -DDEBUG -DUSE_HAL_DRIVER -DSTM32F407xx -c -I../USB_HOST/App -I../USB_HOST/Target -I../Core/Inc -I../Drivers/STM32F4xx_HAL_Driver/Inc -I../Drivers/STM32F4xx_HAL_Driver/Inc/Legacy -I../Middlewares/ST/STM32_USB_Host_Library/Core/Inc -I../Middlewares/ST/STM32_USB_Host_Library/Class/CDC/Inc -I../Drivers/CMSIS/Device/ST/STM32F4xx/Include -I../Drivers/CMSIS/Include -O0 -ffunction-sections -fdata-sections -Wall -fstack-usage -MMD -MP -MF"Drivers/STM32F4xx_HAL_Driver/Src/stm32f4xx_hal_spi.d" -MT"Drivers/STM32F4xx_HAL_Driver/Src/stm32f4xx_hal_spi.o" --specs=nano.specs -mfloat-abi=soft -mthumb -o "Drivers/STM32F4xx_HAL_Driver/Src/stm32f4xx_hal_spi.o"
arm-none-eabi-gcc "../Drivers/STM32F4xx_HAL_Driver/Src/stm32f4xx_hal_tim.c" -mcpu=cortex-m4 -std=gnu11 -g3 -DDEBUG -DUSE_HAL_DRIVER -DSTM32F407xx -c -I../USB_HOST/App -I../USB_HOST/Target -I../Core/Inc -I../Drivers/STM32F4xx_HAL_Driver/Inc -I../Drivers/STM32F4xx_HAL_Driver/Inc/Legacy -I../Middlewares/ST/STM32_USB_Host_Library/Core/Inc -I../Middlewares/ST/STM32_USB_Host_Library/Class/CDC/Inc -I../Drivers/CMSIS/Device/ST/STM32F4xx/Include -I../Drivers/CMSIS/Include -O0 -ffunction-sections -fdata-sections -Wall -fstack-usage -MMD -MP -MF"Drivers/STM32F4xx_HAL_Driver/Src/stm32f4xx_hal_tim.d" -MT"Drivers/STM32F4xx_HAL_Driver/Src/stm32f4xx_hal_tim.o" --specs=nano.specs -mfloat-abi=soft -mthumb -o "Drivers/STM32F4xx_HAL_Driver/Src/stm32f4xx_hal_tim.o"
arm-none-eabi-gcc "../Drivers/STM32F4xx_HAL_Driver/Src/stm32f4xx_hal_tim_ex.c" -mcpu=cortex-m4 -std=gnu11 -g3 -DDEBUG -DUSE_HAL_DRIVER -DSTM32F407xx -c -I../USB_HOST/App -I../USB_HOST/Target -I../Core/Inc -I../Drivers/STM32F4xx_HAL_Driver/Inc -I../Drivers/STM32F4xx_HAL_Driver/Inc/Legacy -I../Middlewares/ST/STM32_USB_Host_Library/Core/Inc -I../Middlewares/ST/STM32_USB_Host_Library/Class/CDC/Inc -I../Drivers/CMSIS/Device/ST/STM32F4xx/Include -I../Drivers/CMSIS/Include -O0 -ffunction-sections -fdata-sections -Wall -fstack-usage -MMD -MP -MF"Drivers/STM32F4xx_HAL_Driver/Src/stm32f4xx_hal_tim_ex.d" -MT"Drivers/STM32F4xx_HAL_Driver/Src/stm32f4xx_hal_tim_ex.o" --specs=nano.specs -mfloat-abi=soft -mthumb -o "Drivers/STM32F4xx_HAL_Driver/Src/stm32f4xx_hal_tim_ex.o"
arm-none-eabi-gcc "../Drivers/STM32F4xx_HAL_Driver/Src/stm32f4xx_hal_uart.c" -mcpu=cortex-m4 -std=gnu11 -g3 -DDEBUG -DUSE_HAL_DRIVER -DSTM32F407xx -c -I../USB_HOST/App -I../USB_HOST/Target -I../Core/Inc -I../Drivers/STM32F4xx_HAL_Driver/Inc -I../Drivers/STM32F4xx_HAL_Driver/Inc/Legacy -I../Middlewares/ST/STM32_USB_Host_Library/Core/Inc -I../Middlewares/ST/STM32_USB_Host_Library/Class/CDC/Inc -I../Drivers/CMSIS/Device/ST/STM32F4xx/Include -I../Drivers/CMSIS/Include -O0 -ffunction-sections -fdata-sections -Wall -fstack-usage -MMD -MP -MF"Drivers/STM32F4xx_HAL_Driver/Src/stm32f4xx_hal_uart.d" -MT"Drivers/STM32F4xx_HAL_Driver/Src/stm32f4xx_hal_uart.o" --specs=nano.specs -mfloat-abi=soft -mthumb -o "Drivers/STM32F4xx_HAL_Driver/Src/stm32f4xx_hal_uart.o"
arm-none-eabi-gcc "../Drivers/STM32F4xx_HAL_Driver/Src/stm32f4xx_ll_adc.c" -mcpu=cortex-m4 -std=gnu11 -g3 -DDEBUG -DUSE_HAL_DRIVER -DSTM32F407xx -c -I../USB_HOST/App -I../USB_HOST/Target -I../Core/Inc -I../Drivers/STM32F4xx_HAL_Driver/Inc -I../Drivers/STM32F4xx_HAL_Driver/Inc/Legacy -I../Middlewares/ST/STM32_USB_Host_Library/Core/Inc -I../Middlewares/ST/STM32_USB_Host_Library/Class/CDC/Inc -I../Drivers/CMSIS/Device/ST/STM32F4xx/Include -I../Drivers/CMSIS/Include -O0 -ffunction-sections -fdata-sections -Wall -fstack-usage -MMD -MP -MF"Drivers/STM32F4xx_HAL_Driver/Src/stm32f4xx_ll_adc.d" -MT"Drivers/STM32F4xx_HAL_Driver/Src/stm32f4xx_ll_adc.o" --specs=nano.specs -mfloat-abi=soft -mthumb -o "Drivers/STM32F4xx_HAL_Driver/Src/stm32f4xx_ll_adc.o"
arm-none-eabi-gcc -mcpu=cortex-m4 -g3 -DDEBUG -c -x assembler-with-cpp -MMD -MP -MF"Core/Startup/startup_stm32f407vgtx.d" -MT"Core/Startup/startup_stm32f407vgtx.o" --specs=nano.specs -mfloat-abi=soft -mthumb -o "Core/Startup/startup_stm32f407vgtx.o" "../Core/Startup/startup_stm32f407vgtx.s"
arm-none-eabi-gcc "../Core/Src/it.c" -mcpu=cortex-m4 -std=gnu11 -g3 -DDEBUG -DUSE_HAL_DRIVER -DSTM32F407xx -c -I../USB_HOST/App -I../USB_HOST/Target -I../Core/Inc -I../Drivers/STM32F4xx_HAL_Driver/Inc -I../Drivers/STM32F4xx_HAL_Driver/Inc/Legacy -I../Middlewares/ST/STM32_USB_Host_Library/Core/Inc -I../Middlewares/ST/STM32_USB_Host_Library/Class/CDC/Inc -I../Drivers/CMSIS/Device/ST/STM32F4xx/Include -I../Drivers/CMSIS/Include -O0 -ffunction-sections -fdata-sections -Wall -fstack-usage -MMD -MP -MF"Core/Src/it.d" -MT"Core/Src/it.o" --specs=nano.specs -mfloat-abi=soft -mthumb -o "Core/Src/it.o"
arm-none-eabi-gcc "../Core/Src/main.c" -mcpu=cortex-m4 -std=gnu11 -g3 -DDEBUG -DUSE_HAL_DRIVER -DSTM32F407xx -c -I../USB_HOST/App -I../USB_HOST/Target -I../Core/Inc -I../Drivers/STM32F4xx_HAL_Driver/Inc -I../Drivers/STM32F4xx_HAL_Driver/Inc/Legacy -I../Middlewares/ST/STM32_USB_Host_Library/Core/Inc -I../Middlewares/ST/STM32_USB_Host_Library/Class/CDC/Inc -I../Drivers/CMSIS/Device/ST/STM32F4xx/Include -I../Drivers/CMSIS/Include -O0 -ffunction-sections -fdata-sections -Wall -fstack-usage -MMD -MP -MF"Core/Src/main.d" -MT"Core/Src/main.o" --specs=nano.specs -mfloat-abi=soft -mthumb -o "Core/Src/main.o"
arm-none-eabi-gcc "../Core/Src/msp.c" -mcpu=cortex-m4 -std=gnu11 -g3 -DDEBUG -DUSE_HAL_DRIVER -DSTM32F407xx -c -I../USB_HOST/App -I../USB_HOST/Target -I../Core/Inc -I../Drivers/STM32F4xx_HAL_Driver/Inc -I../Drivers/STM32F4xx_HAL_Driver/Inc/Legacy -I../Middlewares/ST/STM32_USB_Host_Library/Core/Inc -I../Middlewares/ST/STM32_USB_Host_Library/Class/CDC/Inc -I../Drivers/CMSIS/Device/ST/STM32F4xx/Include -I../Drivers/CMSIS/Include -O0 -ffunction-sections -fdata-sections -Wall -fstack-usage -MMD -MP -MF"Core/Src/msp.d" -MT"Core/Src/msp.o" --specs=nano.specs -mfloat-abi=soft -mthumb -o "Core/Src/msp.o"
arm-none-eabi-gcc "../Core/Src/syscalls.c" -mcpu=cortex-m4 -std=gnu11 -g3 -DDEBUG -DUSE_HAL_DRIVER -DSTM32F407xx -c -I../USB_HOST/App -I../USB_HOST/Target -I../Core/Inc -I../Drivers/STM32F4xx_HAL_Driver/Inc -I../Drivers/STM32F4xx_HAL_Driver/Inc/Legacy -I../Middlewares/ST/STM32_USB_Host_Library/Core/Inc -I../Middlewares/ST/STM32_USB_Host_Library/Class/CDC/Inc -I../Drivers/CMSIS/Device/ST/STM32F4xx/Include -I../Drivers/CMSIS/Include -O0 -ffunction-sections -fdata-sections -Wall -fstack-usage -MMD -MP -MF"Core/Src/syscalls.d" -MT"Core/Src/syscalls.o" --specs=nano.specs -mfloat-abi=soft -mthumb -o "Core/Src/syscalls.o"
arm-none-eabi-gcc "../Core/Src/sysmem.c" -mcpu=cortex-m4 -std=gnu11 -g3 -DDEBUG -DUSE_HAL_DRIVER -DSTM32F407xx -c -I../USB_HOST/App -I../USB_HOST/Target -I../Core/Inc -I../Drivers/STM32F4xx_HAL_Driver/Inc -I../Drivers/STM32F4xx_HAL_Driver/Inc/Legacy -I../Middlewares/ST/STM32_USB_Host_Library/Core/Inc -I../Middlewares/ST/STM32_USB_Host_Library/Class/CDC/Inc -I../Drivers/CMSIS/Device/ST/STM32F4xx/Include -I../Drivers/CMSIS/Include -O0 -ffunction-sections -fdata-sections -Wall -fstack-usage -MMD -MP -MF"Core/Src/sysmem.d" -MT"Core/Src/sysmem.o" --specs=nano.specs -mfloat-abi=soft -mthumb -o "Core/Src/sysmem.o"
arm-none-eabi-gcc "../Core/Src/system_stm32f4xx.c" -mcpu=cortex-m4 -std=gnu11 -g3 -DDEBUG -DUSE_HAL_DRIVER -DSTM32F407xx -c -I../USB_HOST/App -I../USB_HOST/Target -I../Core/Inc -I../Drivers/STM32F4xx_HAL_Driver/Inc -I../Drivers/STM32F4xx_HAL_Driver/Inc/Legacy -I../Middlewares/ST/STM32_USB_Host_Library/Core/Inc -I../Middlewares/ST/STM32_USB_Host_Library/Class/CDC/Inc -I../Drivers/CMSIS/Device/ST/STM32F4xx/Include -I../Drivers/CMSIS/Include -O0 -ffunction-sections -fdata-sections -Wall -fstack-usage -MMD -MP -MF"Core/Src/system_stm32f4xx.d" -MT"Core/Src/system_stm32f4xx.o" --specs=nano.specs -mfloat-abi=soft -mthumb -o "Core/Src/system_stm32f4xx.o"
arm-none-eabi-gcc -o "HeartbeatChecker.elf" @"objects.list"   -mcpu=cortex-m4 -T"C:\Users\ASUS\Desktop\Project1\HeartbeatChecker\STM32F407VGTX_FLASH.ld" --specs=nosys.specs -Wl,-Map="HeartbeatChecker.map" -Wl,--gc-sections -static --specs=nano.specs -mfloat-abi=soft -mthumb -Wl,--start-group -lc -lm -Wl,--end-group
Finished building target: HeartbeatChecker.elf
 
arm-none-eabi-size   HeartbeatChecker.elf 
arm-none-eabi-objdump -h -S  HeartbeatChecker.elf  > "HeartbeatChecker.list"
arm-none-eabi-objcopy  -O binary  HeartbeatChecker.elf  "HeartbeatChecker.bin"
   text	   data	    bss	    dec	    hex	filename
  11484	    120	   1888	  13492	   34b4	HeartbeatChecker.elf
Finished building: default.size.stdout
 
Finished building: HeartbeatChecker.list
Finished building: HeartbeatChecker.bin
 
 
12:55:30 **** Incremental Build of configuration Debug for project HeartbeatChecker ****
make -j8 all 
arm-none-eabi-size   HeartbeatChecker.elf 
   text	   data	    bss	    dec	    hex	filename
  11484	    120	   1888	  13492	   34b4	HeartbeatChecker.elf
Finished building: default.size.stdout
 
13:16:29 **** Incremental Build of configuration Debug for project HeartbeatChecker ****
make -j8 all 
arm-none-eabi-size   HeartbeatChecker.elf 
   text	   data	    bss	    dec	    hex	filename
  11484	    120	   1888	  13492	   34b4	HeartbeatChecker.elf
Finished building: default.size.stdout
 
13:17:28 **** Incremental Build of configuration Debug for project HeartbeatChecker ****
make -j8 all 
arm-none-eabi-size   HeartbeatChecker.elf 
   text	   data	    bss	    dec	    hex	filename
  11484	    120	   1888	  13492	   34b4	HeartbeatChecker.elf
Finished building: default.size.stdout
 
13:21:50 **** Incremental Build of configuration Debug for project HeartbeatChecker ****
make -j8 all 
arm-none-eabi-size   HeartbeatChecker.elf 
   text	   data	    bss	    dec	    hex	filename
  11484	    120	   1888	  13492	   34b4	HeartbeatChecker.elf
Finished building: default.size.stdout
 
13:22:40 **** Incremental Build of configuration Debug for project HeartbeatChecker ****
make -j8 all 
arm-none-eabi-gcc "../Core/Src/main.c" -mcpu=cortex-m4 -std=gnu11 -g3 -DDEBUG -DUSE_HAL_DRIVER -DSTM32F407xx -c -I../USB_HOST/App -I../USB_HOST/Target -I../Core/Inc -I../Drivers/STM32F4xx_HAL_Driver/Inc -I../Drivers/STM32F4xx_HAL_Driver/Inc/Legacy -I../Middlewares/ST/STM32_USB_Host_Library/Core/Inc -I../Middlewares/ST/STM32_USB_Host_Library/Class/CDC/Inc -I../Drivers/CMSIS/Device/ST/STM32F4xx/Include -I../Drivers/CMSIS/Include -O0 -ffunction-sections -fdata-sections -Wall -fstack-usage -MMD -MP -MF"Core/Src/main.d" -MT"Core/Src/main.o" --specs=nano.specs -mfloat-abi=soft -mthumb -o "Core/Src/main.o"
arm-none-eabi-gcc -o "HeartbeatChecker.elf" @"objects.list"   -mcpu=cortex-m4 -T"C:\Users\ASUS\Desktop\Project1\HeartbeatChecker\STM32F407VGTX_FLASH.ld" --specs=nosys.specs -Wl,-Map="HeartbeatChecker.map" -Wl,--gc-sections -static --specs=nano.specs -mfloat-abi=soft -mthumb -Wl,--start-group -lc -lm -Wl,--end-group
Finished building target: HeartbeatChecker.elf
 
arm-none-eabi-size   HeartbeatChecker.elf 
arm-none-eabi-objdump -h -S  HeartbeatChecker.elf  > "HeartbeatChecker.list"
arm-none-eabi-objcopy  -O binary  HeartbeatChecker.elf  "HeartbeatChecker.bin"
   text	   data	    bss	    dec	    hex	filename
  11548	    120	   1888	  13556	   34f4	HeartbeatChecker.elf
Finished building: default.size.stdout
 
Finished building: HeartbeatChecker.bin
Finished building: HeartbeatChecker.list
 
 
13:22:47 **** Incremental Build of configuration Debug for project HeartbeatChecker ****
make -j8 all 
arm-none-eabi-size   HeartbeatChecker.elf 
   text	   data	    bss	    dec	    hex	filename
  11548	    120	   1888	  13556	   34f4	HeartbeatChecker.elf
Finished building: default.size.stdout
 
13:24:54 **** Incremental Build of configuration Debug for project HeartbeatChecker ****
make -j8 all 
arm-none-eabi-gcc "../Core/Src/msp.c" -mcpu=cortex-m4 -std=gnu11 -g3 -DDEBUG -DUSE_HAL_DRIVER -DSTM32F407xx -c -I../USB_HOST/App -I../USB_HOST/Target -I../Core/Inc -I../Drivers/STM32F4xx_HAL_Driver/Inc -I../Drivers/STM32F4xx_HAL_Driver/Inc/Legacy -I../Middlewares/ST/STM32_USB_Host_Library/Core/Inc -I../Middlewares/ST/STM32_USB_Host_Library/Class/CDC/Inc -I../Drivers/CMSIS/Device/ST/STM32F4xx/Include -I../Drivers/CMSIS/Include -O0 -ffunction-sections -fdata-sections -Wall -fstack-usage -MMD -MP -MF"Core/Src/msp.d" -MT"Core/Src/msp.o" --specs=nano.specs -mfloat-abi=soft -mthumb -o "Core/Src/msp.o"
arm-none-eabi-gcc -o "HeartbeatChecker.elf" @"objects.list"   -mcpu=cortex-m4 -T"C:\Users\ASUS\Desktop\Project1\HeartbeatChecker\STM32F407VGTX_FLASH.ld" --specs=nosys.specs -Wl,-Map="HeartbeatChecker.map" -Wl,--gc-sections -static --specs=nano.specs -mfloat-abi=soft -mthumb -Wl,--start-group -lc -lm -Wl,--end-group
Finished building target: HeartbeatChecker.elf
 
arm-none-eabi-size   HeartbeatChecker.elf 
arm-none-eabi-objdump -h -S  HeartbeatChecker.elf  > "HeartbeatChecker.list"
arm-none-eabi-objcopy  -O binary  HeartbeatChecker.elf  "HeartbeatChecker.bin"
   text	   data	    bss	    dec	    hex	filename
  11448	    120	   1888	  13456	   3490	HeartbeatChecker.elf
Finished building: default.size.stdout
 
Finished building: HeartbeatChecker.list
Finished building: HeartbeatChecker.bin
 
 
13:25:31 **** Incremental Build of configuration Debug for project HeartbeatChecker ****
make -j8 all 
arm-none-eabi-size   HeartbeatChecker.elf 
   text	   data	    bss	    dec	    hex	filename
  11448	    120	   1888	  13456	   3490	HeartbeatChecker.elf
Finished building: default.size.stdout
 
13:29:40 **** Incremental Build of configuration Debug for project HeartbeatChecker ****
make -j8 all 
arm-none-eabi-gcc "../Core/Src/main.c" -mcpu=cortex-m4 -std=gnu11 -g3 -DDEBUG -DUSE_HAL_DRIVER -DSTM32F407xx -c -I../USB_HOST/App -I../USB_HOST/Target -I../Core/Inc -I../Drivers/STM32F4xx_HAL_Driver/Inc -I../Drivers/STM32F4xx_HAL_Driver/Inc/Legacy -I../Middlewares/ST/STM32_USB_Host_Library/Core/Inc -I../Middlewares/ST/STM32_USB_Host_Library/Class/CDC/Inc -I../Drivers/CMSIS/Device/ST/STM32F4xx/Include -I../Drivers/CMSIS/Include -O0 -ffunction-sections -fdata-sections -Wall -fstack-usage -MMD -MP -MF"Core/Src/main.d" -MT"Core/Src/main.o" --specs=nano.specs -mfloat-abi=soft -mthumb -o "Core/Src/main.o"
arm-none-eabi-gcc -o "HeartbeatChecker.elf" @"objects.list"   -mcpu=cortex-m4 -T"C:\Users\ASUS\Desktop\Project1\HeartbeatChecker\STM32F407VGTX_FLASH.ld" --specs=nosys.specs -Wl,-Map="HeartbeatChecker.map" -Wl,--gc-sections -static --specs=nano.specs -mfloat-abi=soft -mthumb -Wl,--start-group -lc -lm -Wl,--end-group
Finished building target: HeartbeatChecker.elf
 
arm-none-eabi-size   HeartbeatChecker.elf 
arm-none-eabi-objdump -h -S  HeartbeatChecker.elf  > "HeartbeatChecker.list"
arm-none-eabi-objcopy  -O binary  HeartbeatChecker.elf  "HeartbeatChecker.bin"
   text	   data	    bss	    dec	    hex	filename
  11448	    120	   1888	  13456	   3490	HeartbeatChecker.elf
Finished building: default.size.stdout
 
Finished building: HeartbeatChecker.list
Finished building: HeartbeatChecker.bin
 
 
13:29:47 **** Incremental Build of configuration Debug for project HeartbeatChecker ****
make -j8 all 
arm-none-eabi-size   HeartbeatChecker.elf 
   text	   data	    bss	    dec	    hex	filename
  11448	    120	   1888	  13456	   3490	HeartbeatChecker.elf
Finished building: default.size.stdout
 
13:30:57 **** Incremental Build of configuration Debug for project HeartbeatChecker ****
make -j8 all 
arm-none-eabi-size   HeartbeatChecker.elf 
   text	   data	    bss	    dec	    hex	filename
  11448	    120	   1888	  13456	   3490	HeartbeatChecker.elf
Finished building: default.size.stdout
 
13:32:59 **** Incremental Build of configuration Debug for project HeartbeatChecker ****
make -j8 all 
arm-none-eabi-gcc "../Core/Src/main.c" -mcpu=cortex-m4 -std=gnu11 -g3 -DDEBUG -DUSE_HAL_DRIVER -DSTM32F407xx -c -I../USB_HOST/App -I../USB_HOST/Target -I../Core/Inc -I../Drivers/STM32F4xx_HAL_Driver/Inc -I../Drivers/STM32F4xx_HAL_Driver/Inc/Legacy -I../Middlewares/ST/STM32_USB_Host_Library/Core/Inc -I../Middlewares/ST/STM32_USB_Host_Library/Class/CDC/Inc -I../Drivers/CMSIS/Device/ST/STM32F4xx/Include -I../Drivers/CMSIS/Include -O0 -ffunction-sections -fdata-sections -Wall -fstack-usage -MMD -MP -MF"Core/Src/main.d" -MT"Core/Src/main.o" --specs=nano.specs -mfloat-abi=soft -mthumb -o "Core/Src/main.o"
../Core/Src/main.c: In function 'main':
../Core/Src/main.c:36:4: warning: implicit declaration of function 'Error_handler'; did you mean 'Error_Handler'? [-Wimplicit-function-declaration]
   36 |    Error_handler();
      |    ^~~~~~~~~~~~~
      |    Error_Handler
../Core/Src/main.c: In function 'HAL_GPIO_EXTI_Callback':
../Core/Src/main.c:140:2: warning: implicit declaration of function 'printmsg'; did you mean 'printf'? [-Wimplicit-function-declaration]
  140 |  printmsg("%d\n", rate);
      |  ^~~~~~~~
      |  printf
arm-none-eabi-gcc -o "HeartbeatChecker.elf" @"objects.list"   -mcpu=cortex-m4 -T"C:\Users\ASUS\Desktop\Project1\HeartbeatChecker\STM32F407VGTX_FLASH.ld" --specs=nosys.specs -Wl,-Map="HeartbeatChecker.map" -Wl,--gc-sections -static --specs=nano.specs -mfloat-abi=soft -mthumb -Wl,--start-group -lc -lm -Wl,--end-group
c:\st\stm32cubeide_1.8.0\stm32cubeide\plugins\com.st.stm32cube.ide.mcu.externaltools.gnu-tools-for-stm32.9-2020-q2-update.win32_2.0.0.202105311346\tools\arm-none-eabi\bin\ld.exe: ./Core/Src/main.o: in function `main':
C:/Users/ASUS/Desktop/Project1/HeartbeatChecker/Debug/../Core/Src/main.c:36: undefined reference to `Error_handler'
c:\st\stm32cubeide_1.8.0\stm32cubeide\plugins\com.st.stm32cube.ide.mcu.externaltools.gnu-tools-for-stm32.9-2020-q2-update.win32_2.0.0.202105311346\tools\arm-none-eabi\bin\ld.exe: ./Core/Src/main.o: in function `HAL_GPIO_EXTI_Callback':
C:/Users/ASUS/Desktop/Project1/HeartbeatChecker/Debug/../Core/Src/main.c:140: undefined reference to `printmsg'
collect2.exe: error: ld returned 1 exit status
make: *** [makefile:64: HeartbeatChecker.elf] Error 1
"make -j8 all" terminated with exit code 2. Build might be incomplete.
13:35:20 **** Incremental Build of configuration Debug for project HeartbeatChecker ****
make -j8 all 
arm-none-eabi-gcc "../Core/Src/main.c" -mcpu=cortex-m4 -std=gnu11 -g3 -DDEBUG -DUSE_HAL_DRIVER -DSTM32F407xx -c -I../USB_HOST/App -I../USB_HOST/Target -I../Core/Inc -I../Drivers/STM32F4xx_HAL_Driver/Inc -I../Drivers/STM32F4xx_HAL_Driver/Inc/Legacy -I../Middlewares/ST/STM32_USB_Host_Library/Core/Inc -I../Middlewares/ST/STM32_USB_Host_Library/Class/CDC/Inc -I../Drivers/CMSIS/Device/ST/STM32F4xx/Include -I../Drivers/CMSIS/Include -O0 -ffunction-sections -fdata-sections -Wall -fstack-usage -MMD -MP -MF"Core/Src/main.d" -MT"Core/Src/main.o" --specs=nano.specs -mfloat-abi=soft -mthumb -o "Core/Src/main.o"
../Core/Src/main.c: In function 'main':
../Core/Src/main.c:36:4: warning: implicit declaration of function 'Error_handler'; did you mean 'Error_Handler'? [-Wimplicit-function-declaration]
   36 |    Error_handler();
      |    ^~~~~~~~~~~~~
      |    Error_Handler
../Core/Src/main.c: In function 'HAL_GPIO_EXTI_Callback':
../Core/Src/main.c:138:18: warning: unused variable 'rate' [-Wunused-variable]
  138 |  static uint16_t rate;
      |                  ^~~~
At top level:
../Core/Src/main.c:138:18: warning: 'rate' defined but not used [-Wunused-variable]
arm-none-eabi-gcc -o "HeartbeatChecker.elf" @"objects.list"   -mcpu=cortex-m4 -T"C:\Users\ASUS\Desktop\Project1\HeartbeatChecker\STM32F407VGTX_FLASH.ld" --specs=nosys.specs -Wl,-Map="HeartbeatChecker.map" -Wl,--gc-sections -static --specs=nano.specs -mfloat-abi=soft -mthumb -Wl,--start-group -lc -lm -Wl,--end-group
c:\st\stm32cubeide_1.8.0\stm32cubeide\plugins\com.st.stm32cube.ide.mcu.externaltools.gnu-tools-for-stm32.9-2020-q2-update.win32_2.0.0.202105311346\tools\arm-none-eabi\bin\ld.exe: ./Core/Src/main.o: in function `main':
C:/Users/ASUS/Desktop/Project1/HeartbeatChecker/Debug/../Core/Src/main.c:36: undefined reference to `Error_handler'
c:\st\stm32cubeide_1.8.0\stm32cubeide\plugins\com.st.stm32cube.ide.mcu.externaltools.gnu-tools-for-stm32.9-2020-q2-update.win32_2.0.0.202105311346\tools\arm-none-eabi\bin\ld.exe: ./Core/Src/main.o: in function `HAL_GPIO_EXTI_Callback':
C:/Users/ASUS/Desktop/Project1/HeartbeatChecker/Debug/../Core/Src/main.c:144: undefined reference to `Error_handler'
collect2.exe: error: ld returned 1 exit status
make: *** [makefile:64: HeartbeatChecker.elf] Error 1
"make -j8 all" terminated with exit code 2. Build might be incomplete.
13:35:28 **** Incremental Build of configuration Debug for project HeartbeatChecker ****
make -j8 all 
arm-none-eabi-gcc "../Core/Src/main.c" -mcpu=cortex-m4 -std=gnu11 -g3 -DDEBUG -DUSE_HAL_DRIVER -DSTM32F407xx -c -I../USB_HOST/App -I../USB_HOST/Target -I../Core/Inc -I../Drivers/STM32F4xx_HAL_Driver/Inc -I../Drivers/STM32F4xx_HAL_Driver/Inc/Legacy -I../Middlewares/ST/STM32_USB_Host_Library/Core/Inc -I../Middlewares/ST/STM32_USB_Host_Library/Class/CDC/Inc -I../Drivers/CMSIS/Device/ST/STM32F4xx/Include -I../Drivers/CMSIS/Include -O0 -ffunction-sections -fdata-sections -Wall -fstack-usage -MMD -MP -MF"Core/Src/main.d" -MT"Core/Src/main.o" --specs=nano.specs -mfloat-abi=soft -mthumb -o "Core/Src/main.o"
../Core/Src/main.c: In function 'main':
../Core/Src/main.c:36:4: warning: implicit declaration of function 'Error_handler'; did you mean 'Error_Handler'? [-Wimplicit-function-declaration]
   36 |    Error_handler();
      |    ^~~~~~~~~~~~~
      |    Error_Handler
arm-none-eabi-gcc -o "HeartbeatChecker.elf" @"objects.list"   -mcpu=cortex-m4 -T"C:\Users\ASUS\Desktop\Project1\HeartbeatChecker\STM32F407VGTX_FLASH.ld" --specs=nosys.specs -Wl,-Map="HeartbeatChecker.map" -Wl,--gc-sections -static --specs=nano.specs -mfloat-abi=soft -mthumb -Wl,--start-group -lc -lm -Wl,--end-group
c:\st\stm32cubeide_1.8.0\stm32cubeide\plugins\com.st.stm32cube.ide.mcu.externaltools.gnu-tools-for-stm32.9-2020-q2-update.win32_2.0.0.202105311346\tools\arm-none-eabi\bin\ld.exe: ./Core/Src/main.o: in function `main':
C:/Users/ASUS/Desktop/Project1/HeartbeatChecker/Debug/../Core/Src/main.c:36: undefined reference to `Error_handler'
c:\st\stm32cubeide_1.8.0\stm32cubeide\plugins\com.st.stm32cube.ide.mcu.externaltools.gnu-tools-for-stm32.9-2020-q2-update.win32_2.0.0.202105311346\tools\arm-none-eabi\bin\ld.exe: ./Core/Src/main.o: in function `HAL_GPIO_EXTI_Callback':
C:/Users/ASUS/Desktop/Project1/HeartbeatChecker/Debug/../Core/Src/main.c:144: undefined reference to `Error_handler'
collect2.exe: error: ld returned 1 exit status
make: *** [makefile:64: HeartbeatChecker.elf] Error 1
"make -j8 all" terminated with exit code 2. Build might be incomplete.
13:35:32 **** Incremental Build of configuration Debug for project HeartbeatChecker ****
make -j8 all 
arm-none-eabi-gcc "../Core/Src/main.c" -mcpu=cortex-m4 -std=gnu11 -g3 -DDEBUG -DUSE_HAL_DRIVER -DSTM32F407xx -c -I../USB_HOST/App -I../USB_HOST/Target -I../Core/Inc -I../Drivers/STM32F4xx_HAL_Driver/Inc -I../Drivers/STM32F4xx_HAL_Driver/Inc/Legacy -I../Middlewares/ST/STM32_USB_Host_Library/Core/Inc -I../Middlewares/ST/STM32_USB_Host_Library/Class/CDC/Inc -I../Drivers/CMSIS/Device/ST/STM32F4xx/Include -I../Drivers/CMSIS/Include -O0 -ffunction-sections -fdata-sections -Wall -fstack-usage -MMD -MP -MF"Core/Src/main.d" -MT"Core/Src/main.o" --specs=nano.specs -mfloat-abi=soft -mthumb -o "Core/Src/main.o"
../Core/Src/main.c: In function 'main':
../Core/Src/main.c:36:4: warning: implicit declaration of function 'Error_handler'; did you mean 'Error_Handler'? [-Wimplicit-function-declaration]
   36 |    Error_handler();
      |    ^~~~~~~~~~~~~
      |    Error_Handler
arm-none-eabi-gcc -o "HeartbeatChecker.elf" @"objects.list"   -mcpu=cortex-m4 -T"C:\Users\ASUS\Desktop\Project1\HeartbeatChecker\STM32F407VGTX_FLASH.ld" --specs=nosys.specs -Wl,-Map="HeartbeatChecker.map" -Wl,--gc-sections -static --specs=nano.specs -mfloat-abi=soft -mthumb -Wl,--start-group -lc -lm -Wl,--end-group
c:\st\stm32cubeide_1.8.0\stm32cubeide\plugins\com.st.stm32cube.ide.mcu.externaltools.gnu-tools-for-stm32.9-2020-q2-update.win32_2.0.0.202105311346\tools\arm-none-eabi\bin\ld.exe: ./Core/Src/main.o: in function `main':
C:/Users/ASUS/Desktop/Project1/HeartbeatChecker/Debug/../Core/Src/main.c:36: undefined reference to `Error_handler'
collect2.exe: error: ld returned 1 exit status
make: *** [makefile:64: HeartbeatChecker.elf] Error 1
"make -j8 all" terminated with exit code 2. Build might be incomplete.
13:35:46 **** Incremental Build of configuration Debug for project HeartbeatChecker ****
make -j8 all 
arm-none-eabi-gcc "../Core/Src/main.c" -mcpu=cortex-m4 -std=gnu11 -g3 -DDEBUG -DUSE_HAL_DRIVER -DSTM32F407xx -c -I../USB_HOST/App -I../USB_HOST/Target -I../Core/Inc -I../Drivers/STM32F4xx_HAL_Driver/Inc -I../Drivers/STM32F4xx_HAL_Driver/Inc/Legacy -I../Middlewares/ST/STM32_USB_Host_Library/Core/Inc -I../Middlewares/ST/STM32_USB_Host_Library/Class/CDC/Inc -I../Drivers/CMSIS/Device/ST/STM32F4xx/Include -I../Drivers/CMSIS/Include -O0 -ffunction-sections -fdata-sections -Wall -fstack-usage -MMD -MP -MF"Core/Src/main.d" -MT"Core/Src/main.o" --specs=nano.specs -mfloat-abi=soft -mthumb -o "Core/Src/main.o"
arm-none-eabi-gcc -o "HeartbeatChecker.elf" @"objects.list"   -mcpu=cortex-m4 -T"C:\Users\ASUS\Desktop\Project1\HeartbeatChecker\STM32F407VGTX_FLASH.ld" --specs=nosys.specs -Wl,-Map="HeartbeatChecker.map" -Wl,--gc-sections -static --specs=nano.specs -mfloat-abi=soft -mthumb -Wl,--start-group -lc -lm -Wl,--end-group
Finished building target: HeartbeatChecker.elf
 
arm-none-eabi-size   HeartbeatChecker.elf 
arm-none-eabi-objdump -h -S  HeartbeatChecker.elf  > "HeartbeatChecker.list"
arm-none-eabi-objcopy  -O binary  HeartbeatChecker.elf  "HeartbeatChecker.bin"
   text	   data	    bss	    dec	    hex	filename
   8980	     24	   1712	  10716	   29dc	HeartbeatChecker.elf
Finished building: default.size.stdout
 
Finished building: HeartbeatChecker.list
Finished building: HeartbeatChecker.bin
 
 
13:35:52 **** Incremental Build of configuration Debug for project HeartbeatChecker ****
make -j8 all 
arm-none-eabi-size   HeartbeatChecker.elf 
   text	   data	    bss	    dec	    hex	filename
   8980	     24	   1712	  10716	   29dc	HeartbeatChecker.elf
Finished building: default.size.stdout
 
13:36:16 **** Incremental Build of configuration Debug for project HeartbeatChecker ****
make -j8 all 
arm-none-eabi-size   HeartbeatChecker.elf 
   text	   data	    bss	    dec	    hex	filename
   8980	     24	   1712	  10716	   29dc	HeartbeatChecker.elf
Finished building: default.size.stdout
 
13:37:55 **** Incremental Build of configuration Debug for project HeartbeatChecker ****
make -j8 all 
arm-none-eabi-gcc "../Core/Src/msp.c" -mcpu=cortex-m4 -std=gnu11 -g3 -DDEBUG -DUSE_HAL_DRIVER -DSTM32F407xx -c -I../USB_HOST/App -I../USB_HOST/Target -I../Core/Inc -I../Drivers/STM32F4xx_HAL_Driver/Inc -I../Drivers/STM32F4xx_HAL_Driver/Inc/Legacy -I../Middlewares/ST/STM32_USB_Host_Library/Core/Inc -I../Middlewares/ST/STM32_USB_Host_Library/Class/CDC/Inc -I../Drivers/CMSIS/Device/ST/STM32F4xx/Include -I../Drivers/CMSIS/Include -O0 -ffunction-sections -fdata-sections -Wall -fstack-usage -MMD -MP -MF"Core/Src/msp.d" -MT"Core/Src/msp.o" --specs=nano.specs -mfloat-abi=soft -mthumb -o "Core/Src/msp.o"
arm-none-eabi-gcc -o "HeartbeatChecker.elf" @"objects.list"   -mcpu=cortex-m4 -T"C:\Users\ASUS\Desktop\Project1\HeartbeatChecker\STM32F407VGTX_FLASH.ld" --specs=nosys.specs -Wl,-Map="HeartbeatChecker.map" -Wl,--gc-sections -static --specs=nano.specs -mfloat-abi=soft -mthumb -Wl,--start-group -lc -lm -Wl,--end-group
Finished building target: HeartbeatChecker.elf
 
arm-none-eabi-size   HeartbeatChecker.elf 
arm-none-eabi-objdump -h -S  HeartbeatChecker.elf  > "HeartbeatChecker.list"
arm-none-eabi-objcopy  -O binary  HeartbeatChecker.elf  "HeartbeatChecker.bin"
   text	   data	    bss	    dec	    hex	filename
   9080	     24	   1712	  10816	   2a40	HeartbeatChecker.elf
Finished building: default.size.stdout
 
Finished building: HeartbeatChecker.bin
Finished building: HeartbeatChecker.list
 
 
13:38:02 **** Incremental Build of configuration Debug for project HeartbeatChecker ****
make -j8 all 
arm-none-eabi-size   HeartbeatChecker.elf 
   text	   data	    bss	    dec	    hex	filename
   9080	     24	   1712	  10816	   2a40	HeartbeatChecker.elf
Finished building: default.size.stdout
 
13:40:14 **** Incremental Build of configuration Debug for project HeartbeatChecker ****
make -j8 all 
arm-none-eabi-gcc "../Core/Src/main.c" -mcpu=cortex-m4 -std=gnu11 -g3 -DDEBUG -DUSE_HAL_DRIVER -DSTM32F407xx -c -I../USB_HOST/App -I../USB_HOST/Target -I../Core/Inc -I../Drivers/STM32F4xx_HAL_Driver/Inc -I../Drivers/STM32F4xx_HAL_Driver/Inc/Legacy -I../Middlewares/ST/STM32_USB_Host_Library/Core/Inc -I../Middlewares/ST/STM32_USB_Host_Library/Class/CDC/Inc -I../Drivers/CMSIS/Device/ST/STM32F4xx/Include -I../Drivers/CMSIS/Include -O0 -ffunction-sections -fdata-sections -Wall -fstack-usage -MMD -MP -MF"Core/Src/main.d" -MT"Core/Src/main.o" --specs=nano.specs -mfloat-abi=soft -mthumb -o "Core/Src/main.o"
arm-none-eabi-gcc -o "HeartbeatChecker.elf" @"objects.list"   -mcpu=cortex-m4 -T"C:\Users\ASUS\Desktop\Project1\HeartbeatChecker\STM32F407VGTX_FLASH.ld" --specs=nosys.specs -Wl,-Map="HeartbeatChecker.map" -Wl,--gc-sections -static --specs=nano.specs -mfloat-abi=soft -mthumb -Wl,--start-group -lc -lm -Wl,--end-group
Finished building target: HeartbeatChecker.elf
 
arm-none-eabi-size   HeartbeatChecker.elf 
arm-none-eabi-objdump -h -S  HeartbeatChecker.elf  > "HeartbeatChecker.list"
arm-none-eabi-objcopy  -O binary  HeartbeatChecker.elf  "HeartbeatChecker.bin"
   text	   data	    bss	    dec	    hex	filename
   9088	     24	   1712	  10824	   2a48	HeartbeatChecker.elf
Finished building: default.size.stdout
 
Finished building: HeartbeatChecker.bin
Finished building: HeartbeatChecker.list
 
 
13:40:21 **** Incremental Build of configuration Debug for project HeartbeatChecker ****
make -j8 all 
arm-none-eabi-size   HeartbeatChecker.elf 
   text	   data	    bss	    dec	    hex	filename
   9088	     24	   1712	  10824	   2a48	HeartbeatChecker.elf
Finished building: default.size.stdout
 
13:42:21 **** Incremental Build of configuration Debug for project HeartbeatChecker ****
make -j8 all 
arm-none-eabi-gcc "../Core/Src/main.c" -mcpu=cortex-m4 -std=gnu11 -g3 -DDEBUG -DUSE_HAL_DRIVER -DSTM32F407xx -c -I../USB_HOST/App -I../USB_HOST/Target -I../Core/Inc -I../Drivers/STM32F4xx_HAL_Driver/Inc -I../Drivers/STM32F4xx_HAL_Driver/Inc/Legacy -I../Middlewares/ST/STM32_USB_Host_Library/Core/Inc -I../Middlewares/ST/STM32_USB_Host_Library/Class/CDC/Inc -I../Drivers/CMSIS/Device/ST/STM32F4xx/Include -I../Drivers/CMSIS/Include -O0 -ffunction-sections -fdata-sections -Wall -fstack-usage -MMD -MP -MF"Core/Src/main.d" -MT"Core/Src/main.o" --specs=nano.specs -mfloat-abi=soft -mthumb -o "Core/Src/main.o"
arm-none-eabi-gcc -o "HeartbeatChecker.elf" @"objects.list"   -mcpu=cortex-m4 -T"C:\Users\ASUS\Desktop\Project1\HeartbeatChecker\STM32F407VGTX_FLASH.ld" --specs=nosys.specs -Wl,-Map="HeartbeatChecker.map" -Wl,--gc-sections -static --specs=nano.specs -mfloat-abi=soft -mthumb -Wl,--start-group -lc -lm -Wl,--end-group
Finished building target: HeartbeatChecker.elf
 
arm-none-eabi-size   HeartbeatChecker.elf 
arm-none-eabi-objdump -h -S  HeartbeatChecker.elf  > "HeartbeatChecker.list"
arm-none-eabi-objcopy  -O binary  HeartbeatChecker.elf  "HeartbeatChecker.bin"
   text	   data	    bss	    dec	    hex	filename
   9148	     24	   1712	  10884	   2a84	HeartbeatChecker.elf
Finished building: default.size.stdout
 
Finished building: HeartbeatChecker.bin
Finished building: HeartbeatChecker.list
 
 
13:43:23 **** Incremental Build of configuration Debug for project HeartbeatChecker ****
make -j8 all 
arm-none-eabi-gcc "../Core/Src/main.c" -mcpu=cortex-m4 -std=gnu11 -g3 -DDEBUG -DUSE_HAL_DRIVER -DSTM32F407xx -c -I../USB_HOST/App -I../USB_HOST/Target -I../Core/Inc -I../Drivers/STM32F4xx_HAL_Driver/Inc -I../Drivers/STM32F4xx_HAL_Driver/Inc/Legacy -I../Middlewares/ST/STM32_USB_Host_Library/Core/Inc -I../Middlewares/ST/STM32_USB_Host_Library/Class/CDC/Inc -I../Drivers/CMSIS/Device/ST/STM32F4xx/Include -I../Drivers/CMSIS/Include -O0 -ffunction-sections -fdata-sections -Wall -fstack-usage -MMD -MP -MF"Core/Src/main.d" -MT"Core/Src/main.o" --specs=nano.specs -mfloat-abi=soft -mthumb -o "Core/Src/main.o"
../Core/Src/main.c:139:1: error: expected ',' or ';' before 'void'
  139 | void HAL_GPIO_EXTI_Callback(uint16_t GPIO_Pin)
      | ^~~~
make: *** [Core/Src/subdir.mk:34: Core/Src/main.o] Error 1
"make -j8 all" terminated with exit code 2. Build might be incomplete.
13:43:27 **** Incremental Build of configuration Debug for project HeartbeatChecker ****
make -j8 all 
arm-none-eabi-gcc "../Core/Src/main.c" -mcpu=cortex-m4 -std=gnu11 -g3 -DDEBUG -DUSE_HAL_DRIVER -DSTM32F407xx -c -I../USB_HOST/App -I../USB_HOST/Target -I../Core/Inc -I../Drivers/STM32F4xx_HAL_Driver/Inc -I../Drivers/STM32F4xx_HAL_Driver/Inc/Legacy -I../Middlewares/ST/STM32_USB_Host_Library/Core/Inc -I../Middlewares/ST/STM32_USB_Host_Library/Class/CDC/Inc -I../Drivers/CMSIS/Device/ST/STM32F4xx/Include -I../Drivers/CMSIS/Include -O0 -ffunction-sections -fdata-sections -Wall -fstack-usage -MMD -MP -MF"Core/Src/main.d" -MT"Core/Src/main.o" --specs=nano.specs -mfloat-abi=soft -mthumb -o "Core/Src/main.o"
arm-none-eabi-gcc -o "HeartbeatChecker.elf" @"objects.list"   -mcpu=cortex-m4 -T"C:\Users\ASUS\Desktop\Project1\HeartbeatChecker\STM32F407VGTX_FLASH.ld" --specs=nosys.specs -Wl,-Map="HeartbeatChecker.map" -Wl,--gc-sections -static --specs=nano.specs -mfloat-abi=soft -mthumb -Wl,--start-group -lc -lm -Wl,--end-group
Finished building target: HeartbeatChecker.elf
 
arm-none-eabi-size   HeartbeatChecker.elf 
arm-none-eabi-objdump -h -S  HeartbeatChecker.elf  > "HeartbeatChecker.list"
arm-none-eabi-objcopy  -O binary  HeartbeatChecker.elf  "HeartbeatChecker.bin"
   text	   data	    bss	    dec	    hex	filename
   9216	     24	   1712	  10952	   2ac8	HeartbeatChecker.elf
Finished building: default.size.stdout
 
Finished building: HeartbeatChecker.list
Finished building: HeartbeatChecker.bin
 
 
13:43:45 **** Incremental Build of configuration Debug for project HeartbeatChecker ****
make -j8 all 
arm-none-eabi-gcc "../Core/Src/main.c" -mcpu=cortex-m4 -std=gnu11 -g3 -DDEBUG -DUSE_HAL_DRIVER -DSTM32F407xx -c -I../USB_HOST/App -I../USB_HOST/Target -I../Core/Inc -I../Drivers/STM32F4xx_HAL_Driver/Inc -I../Drivers/STM32F4xx_HAL_Driver/Inc/Legacy -I../Middlewares/ST/STM32_USB_Host_Library/Core/Inc -I../Middlewares/ST/STM32_USB_Host_Library/Class/CDC/Inc -I../Drivers/CMSIS/Device/ST/STM32F4xx/Include -I../Drivers/CMSIS/Include -O0 -ffunction-sections -fdata-sections -Wall -fstack-usage -MMD -MP -MF"Core/Src/main.d" -MT"Core/Src/main.o" --specs=nano.specs -mfloat-abi=soft -mthumb -o "Core/Src/main.o"
arm-none-eabi-gcc -o "HeartbeatChecker.elf" @"objects.list"   -mcpu=cortex-m4 -T"C:\Users\ASUS\Desktop\Project1\HeartbeatChecker\STM32F407VGTX_FLASH.ld" --specs=nosys.specs -Wl,-Map="HeartbeatChecker.map" -Wl,--gc-sections -static --specs=nano.specs -mfloat-abi=soft -mthumb -Wl,--start-group -lc -lm -Wl,--end-group
Finished building target: HeartbeatChecker.elf
 
arm-none-eabi-size   HeartbeatChecker.elf 
arm-none-eabi-objdump -h -S  HeartbeatChecker.elf  > "HeartbeatChecker.list"
   text	   data	    bss	    dec	    hex	filename
   9228	     28	   1716	  10972	   2adc	HeartbeatChecker.elf
arm-none-eabi-objcopy  -O binary  HeartbeatChecker.elf  "HeartbeatChecker.bin"
Finished building: default.size.stdout
 
Finished building: HeartbeatChecker.list
Finished building: HeartbeatChecker.bin
 
 
13:43:52 **** Incremental Build of configuration Debug for project HeartbeatChecker ****
make -j8 all 
arm-none-eabi-size   HeartbeatChecker.elf 
   text	   data	    bss	    dec	    hex	filename
   9228	     28	   1716	  10972	   2adc	HeartbeatChecker.elf
Finished building: default.size.stdout
 
13:45:00 **** Incremental Build of configuration Debug for project HeartbeatChecker ****
make -j8 all 
arm-none-eabi-gcc "../Core/Src/main.c" -mcpu=cortex-m4 -std=gnu11 -g3 -DDEBUG -DUSE_HAL_DRIVER -DSTM32F407xx -c -I../USB_HOST/App -I../USB_HOST/Target -I../Core/Inc -I../Drivers/STM32F4xx_HAL_Driver/Inc -I../Drivers/STM32F4xx_HAL_Driver/Inc/Legacy -I../Middlewares/ST/STM32_USB_Host_Library/Core/Inc -I../Middlewares/ST/STM32_USB_Host_Library/Class/CDC/Inc -I../Drivers/CMSIS/Device/ST/STM32F4xx/Include -I../Drivers/CMSIS/Include -O0 -ffunction-sections -fdata-sections -Wall -fstack-usage -MMD -MP -MF"Core/Src/main.d" -MT"Core/Src/main.o" --specs=nano.specs -mfloat-abi=soft -mthumb -o "Core/Src/main.o"
arm-none-eabi-gcc -o "HeartbeatChecker.elf" @"objects.list"   -mcpu=cortex-m4 -T"C:\Users\ASUS\Desktop\Project1\HeartbeatChecker\STM32F407VGTX_FLASH.ld" --specs=nosys.specs -Wl,-Map="HeartbeatChecker.map" -Wl,--gc-sections -static --specs=nano.specs -mfloat-abi=soft -mthumb -Wl,--start-group -lc -lm -Wl,--end-group
Finished building target: HeartbeatChecker.elf
 
arm-none-eabi-size   HeartbeatChecker.elf 
arm-none-eabi-objdump -h -S  HeartbeatChecker.elf  > "HeartbeatChecker.list"
arm-none-eabi-objcopy  -O binary  HeartbeatChecker.elf  "HeartbeatChecker.bin"
   text	   data	    bss	    dec	    hex	filename
   9228	     28	   1716	  10972	   2adc	HeartbeatChecker.elf
Finished building: default.size.stdout
 
Finished building: HeartbeatChecker.bin
Finished building: HeartbeatChecker.list
 
 
13:45:05 **** Incremental Build of configuration Debug for project HeartbeatChecker ****
make -j8 all 
arm-none-eabi-gcc "../Core/Src/main.c" -mcpu=cortex-m4 -std=gnu11 -g3 -DDEBUG -DUSE_HAL_DRIVER -DSTM32F407xx -c -I../USB_HOST/App -I../USB_HOST/Target -I../Core/Inc -I../Drivers/STM32F4xx_HAL_Driver/Inc -I../Drivers/STM32F4xx_HAL_Driver/Inc/Legacy -I../Middlewares/ST/STM32_USB_Host_Library/Core/Inc -I../Middlewares/ST/STM32_USB_Host_Library/Class/CDC/Inc -I../Drivers/CMSIS/Device/ST/STM32F4xx/Include -I../Drivers/CMSIS/Include -O0 -ffunction-sections -fdata-sections -Wall -fstack-usage -MMD -MP -MF"Core/Src/main.d" -MT"Core/Src/main.o" --specs=nano.specs -mfloat-abi=soft -mthumb -o "Core/Src/main.o"
arm-none-eabi-gcc -o "HeartbeatChecker.elf" @"objects.list"   -mcpu=cortex-m4 -T"C:\Users\ASUS\Desktop\Project1\HeartbeatChecker\STM32F407VGTX_FLASH.ld" --specs=nosys.specs -Wl,-Map="HeartbeatChecker.map" -Wl,--gc-sections -static --specs=nano.specs -mfloat-abi=soft -mthumb -Wl,--start-group -lc -lm -Wl,--end-group
Finished building target: HeartbeatChecker.elf
 
arm-none-eabi-size   HeartbeatChecker.elf 
arm-none-eabi-objdump -h -S  HeartbeatChecker.elf  > "HeartbeatChecker.list"
arm-none-eabi-objcopy  -O binary  HeartbeatChecker.elf  "HeartbeatChecker.bin"
   text	   data	    bss	    dec	    hex	filename
   9228	     28	   1716	  10972	   2adc	HeartbeatChecker.elf
Finished building: default.size.stdout
 
Finished building: HeartbeatChecker.bin
Finished building: HeartbeatChecker.list
 
 
13:46:06 **** Incremental Build of configuration Debug for project HeartbeatChecker ****
make -j8 all 
arm-none-eabi-size   HeartbeatChecker.elf 
   text	   data	    bss	    dec	    hex	filename
   9228	     28	   1716	  10972	   2adc	HeartbeatChecker.elf
Finished building: default.size.stdout
 
13:46:22 **** Incremental Build of configuration Debug for project HeartbeatChecker ****
make -j8 all 
arm-none-eabi-size   HeartbeatChecker.elf 
   text	   data	    bss	    dec	    hex	filename
   9228	     28	   1716	  10972	   2adc	HeartbeatChecker.elf
Finished building: default.size.stdout
 
13:47:04 **** Incremental Build of configuration Debug for project HeartbeatChecker ****
make -j8 all 
arm-none-eabi-size   HeartbeatChecker.elf 
   text	   data	    bss	    dec	    hex	filename
   9228	     28	   1716	  10972	   2adc	HeartbeatChecker.elf
Finished building: default.size.stdout
 
13:51:43 **** Incremental Build of configuration Debug for project HeartbeatChecker ****
make -j8 all 
arm-none-eabi-gcc "../Core/Src/main.c" -mcpu=cortex-m4 -std=gnu11 -g3 -DDEBUG -DUSE_HAL_DRIVER -DSTM32F407xx -c -I../USB_HOST/App -I../USB_HOST/Target -I../Core/Inc -I../Drivers/STM32F4xx_HAL_Driver/Inc -I../Drivers/STM32F4xx_HAL_Driver/Inc/Legacy -I../Middlewares/ST/STM32_USB_Host_Library/Core/Inc -I../Middlewares/ST/STM32_USB_Host_Library/Class/CDC/Inc -I../Drivers/CMSIS/Device/ST/STM32F4xx/Include -I../Drivers/CMSIS/Include -O0 -ffunction-sections -fdata-sections -Wall -fstack-usage -MMD -MP -MF"Core/Src/main.d" -MT"Core/Src/main.o" --specs=nano.specs -mfloat-abi=soft -mthumb -o "Core/Src/main.o"
arm-none-eabi-gcc -o "HeartbeatChecker.elf" @"objects.list"   -mcpu=cortex-m4 -T"C:\Users\ASUS\Desktop\Project1\HeartbeatChecker\STM32F407VGTX_FLASH.ld" --specs=nosys.specs -Wl,-Map="HeartbeatChecker.map" -Wl,--gc-sections -static --specs=nano.specs -mfloat-abi=soft -mthumb -Wl,--start-group -lc -lm -Wl,--end-group
Finished building target: HeartbeatChecker.elf
 
arm-none-eabi-size   HeartbeatChecker.elf 
arm-none-eabi-objdump -h -S  HeartbeatChecker.elf  > "HeartbeatChecker.list"
arm-none-eabi-objcopy  -O binary  HeartbeatChecker.elf  "HeartbeatChecker.bin"
   text	   data	    bss	    dec	    hex	filename
   9228	     28	   1716	  10972	   2adc	HeartbeatChecker.elf
Finished building: default.size.stdout
 
Finished building: HeartbeatChecker.list
Finished building: HeartbeatChecker.bin
 
 
13:58:50 **** Incremental Build of configuration Debug for project HeartbeatChecker ****
make -j8 all 
arm-none-eabi-gcc "../Core/Src/main.c" -mcpu=cortex-m4 -std=gnu11 -g3 -DDEBUG -DUSE_HAL_DRIVER -DSTM32F407xx -c -I../USB_HOST/App -I../USB_HOST/Target -I../Core/Inc -I../Drivers/STM32F4xx_HAL_Driver/Inc -I../Drivers/STM32F4xx_HAL_Driver/Inc/Legacy -I../Middlewares/ST/STM32_USB_Host_Library/Core/Inc -I../Middlewares/ST/STM32_USB_Host_Library/Class/CDC/Inc -I../Drivers/CMSIS/Device/ST/STM32F4xx/Include -I../Drivers/CMSIS/Include -O0 -ffunction-sections -fdata-sections -Wall -fstack-usage -MMD -MP -MF"Core/Src/main.d" -MT"Core/Src/main.o" --specs=nano.specs -mfloat-abi=soft -mthumb -o "Core/Src/main.o"
arm-none-eabi-gcc -o "HeartbeatChecker.elf" @"objects.list"   -mcpu=cortex-m4 -T"C:\Users\ASUS\Desktop\Project1\HeartbeatChecker\STM32F407VGTX_FLASH.ld" --specs=nosys.specs -Wl,-Map="HeartbeatChecker.map" -Wl,--gc-sections -static --specs=nano.specs -mfloat-abi=soft -mthumb -Wl,--start-group -lc -lm -Wl,--end-group
Finished building target: HeartbeatChecker.elf
 
arm-none-eabi-size   HeartbeatChecker.elf 
arm-none-eabi-objdump -h -S  HeartbeatChecker.elf  > "HeartbeatChecker.list"
arm-none-eabi-objcopy  -O binary  HeartbeatChecker.elf  "HeartbeatChecker.bin"
   text	   data	    bss	    dec	    hex	filename
   9244	     28	   1716	  10988	   2aec	HeartbeatChecker.elf
Finished building: default.size.stdout
 
Finished building: HeartbeatChecker.bin
Finished building: HeartbeatChecker.list
 
 
13:59:00 **** Incremental Build of configuration Debug for project HeartbeatChecker ****
make -j8 all 
arm-none-eabi-size   HeartbeatChecker.elf 
   text	   data	    bss	    dec	    hex	filename
   9244	     28	   1716	  10988	   2aec	HeartbeatChecker.elf
Finished building: default.size.stdout
 
14:01:54 **** Incremental Build of configuration Debug for project HeartbeatChecker ****
make -j8 all 
arm-none-eabi-size   HeartbeatChecker.elf 
   text	   data	    bss	    dec	    hex	filename
   9244	     28	   1716	  10988	   2aec	HeartbeatChecker.elf
Finished building: default.size.stdout
 
14:05:35 **** Incremental Build of configuration Debug for project HeartbeatChecker ****
make -j8 all 
arm-none-eabi-gcc "../Core/Src/main.c" -mcpu=cortex-m4 -std=gnu11 -g3 -DDEBUG -DUSE_HAL_DRIVER -DSTM32F407xx -c -I../USB_HOST/App -I../USB_HOST/Target -I../Core/Inc -I../Drivers/STM32F4xx_HAL_Driver/Inc -I../Drivers/STM32F4xx_HAL_Driver/Inc/Legacy -I../Middlewares/ST/STM32_USB_Host_Library/Core/Inc -I../Middlewares/ST/STM32_USB_Host_Library/Class/CDC/Inc -I../Drivers/CMSIS/Device/ST/STM32F4xx/Include -I../Drivers/CMSIS/Include -O0 -ffunction-sections -fdata-sections -Wall -fstack-usage -MMD -MP -MF"Core/Src/main.d" -MT"Core/Src/main.o" --specs=nano.specs -mfloat-abi=soft -mthumb -o "Core/Src/main.o"
../Core/Src/main.c: In function 'HAL_GPIO_EXTI_Callback':
../Core/Src/main.c:147:13: warning: 'data_buffer' is used uninitialized in this function [-Wuninitialized]
  147 |  data_buffer[count++] = HAL_ADC_GetValue(&adc);
      |             ^
arm-none-eabi-gcc -o "HeartbeatChecker.elf" @"objects.list"   -mcpu=cortex-m4 -T"C:\Users\ASUS\Desktop\Project1\HeartbeatChecker\STM32F407VGTX_FLASH.ld" --specs=nosys.specs -Wl,-Map="HeartbeatChecker.map" -Wl,--gc-sections -static --specs=nano.specs -mfloat-abi=soft -mthumb -Wl,--start-group -lc -lm -Wl,--end-group
Finished building target: HeartbeatChecker.elf
 
arm-none-eabi-size   HeartbeatChecker.elf 
arm-none-eabi-objdump -h -S  HeartbeatChecker.elf  > "HeartbeatChecker.list"
   text	   data	    bss	    dec	    hex	filename
   9240	     28	   1716	  10984	   2ae8	HeartbeatChecker.elf
arm-none-eabi-objcopy  -O binary  HeartbeatChecker.elf  "HeartbeatChecker.bin"
Finished building: default.size.stdout
 
Finished building: HeartbeatChecker.list
Finished building: HeartbeatChecker.bin
 
 
14:05:56 **** Incremental Build of configuration Debug for project HeartbeatChecker ****
make -j8 all 
arm-none-eabi-gcc "../Core/Src/main.c" -mcpu=cortex-m4 -std=gnu11 -g3 -DDEBUG -DUSE_HAL_DRIVER -DSTM32F407xx -c -I../USB_HOST/App -I../USB_HOST/Target -I../Core/Inc -I../Drivers/STM32F4xx_HAL_Driver/Inc -I../Drivers/STM32F4xx_HAL_Driver/Inc/Legacy -I../Middlewares/ST/STM32_USB_Host_Library/Core/Inc -I../Middlewares/ST/STM32_USB_Host_Library/Class/CDC/Inc -I../Drivers/CMSIS/Device/ST/STM32F4xx/Include -I../Drivers/CMSIS/Include -O0 -ffunction-sections -fdata-sections -Wall -fstack-usage -MMD -MP -MF"Core/Src/main.d" -MT"Core/Src/main.o" --specs=nano.specs -mfloat-abi=soft -mthumb -o "Core/Src/main.o"
../Core/Src/main.c: In function 'HAL_GPIO_EXTI_Callback':
../Core/Src/main.c:146:25: warning: initialization of 'uint8_t *' {aka 'unsigned char *'} from 'int' makes pointer from integer without a cast [-Wint-conversion]
  146 |  uint8_t* data_buffer = '0';
      |                         ^~~
arm-none-eabi-gcc -o "HeartbeatChecker.elf" @"objects.list"   -mcpu=cortex-m4 -T"C:\Users\ASUS\Desktop\Project1\HeartbeatChecker\STM32F407VGTX_FLASH.ld" --specs=nosys.specs -Wl,-Map="HeartbeatChecker.map" -Wl,--gc-sections -static --specs=nano.specs -mfloat-abi=soft -mthumb -Wl,--start-group -lc -lm -Wl,--end-group
Finished building target: HeartbeatChecker.elf
 
arm-none-eabi-size   HeartbeatChecker.elf 
arm-none-eabi-objdump -h -S  HeartbeatChecker.elf  > "HeartbeatChecker.list"
arm-none-eabi-objcopy  -O binary  HeartbeatChecker.elf  "HeartbeatChecker.bin"
   text	   data	    bss	    dec	    hex	filename
   9244	     28	   1716	  10988	   2aec	HeartbeatChecker.elf
Finished building: default.size.stdout
 
Finished building: HeartbeatChecker.list
Finished building: HeartbeatChecker.bin
 
 
14:06:09 **** Incremental Build of configuration Debug for project HeartbeatChecker ****
make -j8 all 
arm-none-eabi-gcc "../Core/Src/main.c" -mcpu=cortex-m4 -std=gnu11 -g3 -DDEBUG -DUSE_HAL_DRIVER -DSTM32F407xx -c -I../USB_HOST/App -I../USB_HOST/Target -I../Core/Inc -I../Drivers/STM32F4xx_HAL_Driver/Inc -I../Drivers/STM32F4xx_HAL_Driver/Inc/Legacy -I../Middlewares/ST/STM32_USB_Host_Library/Core/Inc -I../Middlewares/ST/STM32_USB_Host_Library/Class/CDC/Inc -I../Drivers/CMSIS/Device/ST/STM32F4xx/Include -I../Drivers/CMSIS/Include -O0 -ffunction-sections -fdata-sections -Wall -fstack-usage -MMD -MP -MF"Core/Src/main.d" -MT"Core/Src/main.o" --specs=nano.specs -mfloat-abi=soft -mthumb -o "Core/Src/main.o"
../Core/Src/main.c: In function 'HAL_GPIO_EXTI_Callback':
../Core/Src/main.c:147:13: warning: 'data_buffer' is used uninitialized in this function [-Wuninitialized]
  147 |  data_buffer[count++] = HAL_ADC_GetValue(&adc);
      |             ^
arm-none-eabi-gcc -o "HeartbeatChecker.elf" @"objects.list"   -mcpu=cortex-m4 -T"C:\Users\ASUS\Desktop\Project1\HeartbeatChecker\STM32F407VGTX_FLASH.ld" --specs=nosys.specs -Wl,-Map="HeartbeatChecker.map" -Wl,--gc-sections -static --specs=nano.specs -mfloat-abi=soft -mthumb -Wl,--start-group -lc -lm -Wl,--end-group
Finished building target: HeartbeatChecker.elf
 
arm-none-eabi-size   HeartbeatChecker.elf 
arm-none-eabi-objdump -h -S  HeartbeatChecker.elf  > "HeartbeatChecker.list"
arm-none-eabi-objcopy  -O binary  HeartbeatChecker.elf  "HeartbeatChecker.bin"
   text	   data	    bss	    dec	    hex	filename
   9240	     28	   1716	  10984	   2ae8	HeartbeatChecker.elf
Finished building: default.size.stdout
 
Finished building: HeartbeatChecker.bin
Finished building: HeartbeatChecker.list
 
 
14:06:41 **** Incremental Build of configuration Debug for project HeartbeatChecker ****
make -j8 all 
arm-none-eabi-gcc "../Core/Src/main.c" -mcpu=cortex-m4 -std=gnu11 -g3 -DDEBUG -DUSE_HAL_DRIVER -DSTM32F407xx -c -I../USB_HOST/App -I../USB_HOST/Target -I../Core/Inc -I../Drivers/STM32F4xx_HAL_Driver/Inc -I../Drivers/STM32F4xx_HAL_Driver/Inc/Legacy -I../Middlewares/ST/STM32_USB_Host_Library/Core/Inc -I../Middlewares/ST/STM32_USB_Host_Library/Class/CDC/Inc -I../Drivers/CMSIS/Device/ST/STM32F4xx/Include -I../Drivers/CMSIS/Include -O0 -ffunction-sections -fdata-sections -Wall -fstack-usage -MMD -MP -MF"Core/Src/main.d" -MT"Core/Src/main.o" --specs=nano.specs -mfloat-abi=soft -mthumb -o "Core/Src/main.o"
../Core/Src/main.c: In function 'HAL_GPIO_EXTI_Callback':
../Core/Src/main.c:152:33: warning: passing argument 2 of 'HAL_UART_Transmit' from incompatible pointer type [-Wincompatible-pointer-types]
  152 |   if(HAL_UART_Transmit(&huart2, &data_buffer,count, HAL_MAX_DELAY) != HAL_OK)
      |                                 ^~~~~~~~~~~~
      |                                 |
      |                                 uint8_t ** {aka unsigned char **}
In file included from ../Core/Inc/stm32f4xx_hal_conf.h:407,
                 from ../Drivers/STM32F4xx_HAL_Driver/Inc/stm32f4xx_hal.h:29,
                 from ../Core/Inc/main.h:11,
                 from ../Core/Src/main.c:8:
../Drivers/STM32F4xx_HAL_Driver/Inc/stm32f4xx_hal_uart.h:722:79: note: expected 'const uint8_t *' {aka 'const unsigned char *'} but argument is of type 'uint8_t **' {aka 'unsigned char **'}
  722 | HAL_StatusTypeDef HAL_UART_Transmit(UART_HandleTypeDef *huart, const uint8_t *pData, uint16_t Size, uint32_t Timeout);
      |                                                                ~~~~~~~~~~~~~~~^~~~~
arm-none-eabi-gcc -o "HeartbeatChecker.elf" @"objects.list"   -mcpu=cortex-m4 -T"C:\Users\ASUS\Desktop\Project1\HeartbeatChecker\STM32F407VGTX_FLASH.ld" --specs=nosys.specs -Wl,-Map="HeartbeatChecker.map" -Wl,--gc-sections -static --specs=nano.specs -mfloat-abi=soft -mthumb -Wl,--start-group -lc -lm -Wl,--end-group
Finished building target: HeartbeatChecker.elf
 
arm-none-eabi-size   HeartbeatChecker.elf 
arm-none-eabi-objdump -h -S  HeartbeatChecker.elf  > "HeartbeatChecker.list"
   text	   data	    bss	    dec	    hex	filename
   9244	     28	   1716	  10988	   2aec	HeartbeatChecker.elf
arm-none-eabi-objcopy  -O binary  HeartbeatChecker.elf  "HeartbeatChecker.bin"
Finished building: default.size.stdout
 
Finished building: HeartbeatChecker.list
Finished building: HeartbeatChecker.bin
 
 
14:06:53 **** Incremental Build of configuration Debug for project HeartbeatChecker ****
make -j8 all 
arm-none-eabi-gcc "../Core/Src/main.c" -mcpu=cortex-m4 -std=gnu11 -g3 -DDEBUG -DUSE_HAL_DRIVER -DSTM32F407xx -c -I../USB_HOST/App -I../USB_HOST/Target -I../Core/Inc -I../Drivers/STM32F4xx_HAL_Driver/Inc -I../Drivers/STM32F4xx_HAL_Driver/Inc/Legacy -I../Middlewares/ST/STM32_USB_Host_Library/Core/Inc -I../Middlewares/ST/STM32_USB_Host_Library/Class/CDC/Inc -I../Drivers/CMSIS/Device/ST/STM32F4xx/Include -I../Drivers/CMSIS/Include -O0 -ffunction-sections -fdata-sections -Wall -fstack-usage -MMD -MP -MF"Core/Src/main.d" -MT"Core/Src/main.o" --specs=nano.specs -mfloat-abi=soft -mthumb -o "Core/Src/main.o"
../Core/Src/main.c: In function 'HAL_GPIO_EXTI_Callback':
../Core/Src/main.c:147:13: warning: 'data_buffer' is used uninitialized in this function [-Wuninitialized]
  147 |  data_buffer[count++] = HAL_ADC_GetValue(&adc);
      |             ^
arm-none-eabi-gcc -o "HeartbeatChecker.elf" @"objects.list"   -mcpu=cortex-m4 -T"C:\Users\ASUS\Desktop\Project1\HeartbeatChecker\STM32F407VGTX_FLASH.ld" --specs=nosys.specs -Wl,-Map="HeartbeatChecker.map" -Wl,--gc-sections -static --specs=nano.specs -mfloat-abi=soft -mthumb -Wl,--start-group -lc -lm -Wl,--end-group
Finished building target: HeartbeatChecker.elf
 
arm-none-eabi-size   HeartbeatChecker.elf 
arm-none-eabi-objdump -h -S  HeartbeatChecker.elf  > "HeartbeatChecker.list"
arm-none-eabi-objcopy  -O binary  HeartbeatChecker.elf  "HeartbeatChecker.bin"
   text	   data	    bss	    dec	    hex	filename
   9240	     28	   1716	  10984	   2ae8	HeartbeatChecker.elf
Finished building: default.size.stdout
 
Finished building: HeartbeatChecker.bin
Finished building: HeartbeatChecker.list
 
 
14:07:07 **** Incremental Build of configuration Debug for project HeartbeatChecker ****
make -j8 all 
arm-none-eabi-size   HeartbeatChecker.elf 
   text	   data	    bss	    dec	    hex	filename
   9240	     28	   1716	  10984	   2ae8	HeartbeatChecker.elf
Finished building: default.size.stdout
 
14:07:10 **** Incremental Build of configuration Debug for project HeartbeatChecker ****
make -j8 all 
arm-none-eabi-size   HeartbeatChecker.elf 
   text	   data	    bss	    dec	    hex	filename
   9240	     28	   1716	  10984	   2ae8	HeartbeatChecker.elf
Finished building: default.size.stdout
 
14:07:15 **** Incremental Build of configuration Debug for project HeartbeatChecker ****
make -j8 all 
arm-none-eabi-size   HeartbeatChecker.elf 
   text	   data	    bss	    dec	    hex	filename
   9240	     28	   1716	  10984	   2ae8	HeartbeatChecker.elf
Finished building: default.size.stdout
 
14:08:40 **** Incremental Build of configuration Debug for project HeartbeatChecker ****
make -j8 all 
arm-none-eabi-gcc "../Core/Src/main.c" -mcpu=cortex-m4 -std=gnu11 -g3 -DDEBUG -DUSE_HAL_DRIVER -DSTM32F407xx -c -I../USB_HOST/App -I../USB_HOST/Target -I../Core/Inc -I../Drivers/STM32F4xx_HAL_Driver/Inc -I../Drivers/STM32F4xx_HAL_Driver/Inc/Legacy -I../Middlewares/ST/STM32_USB_Host_Library/Core/Inc -I../Middlewares/ST/STM32_USB_Host_Library/Class/CDC/Inc -I../Drivers/CMSIS/Device/ST/STM32F4xx/Include -I../Drivers/CMSIS/Include -O0 -ffunction-sections -fdata-sections -Wall -fstack-usage -MMD -MP -MF"Core/Src/main.d" -MT"Core/Src/main.o" --specs=nano.specs -mfloat-abi=soft -mthumb -o "Core/Src/main.o"
arm-none-eabi-gcc -o "HeartbeatChecker.elf" @"objects.list"   -mcpu=cortex-m4 -T"C:\Users\ASUS\Desktop\Project1\HeartbeatChecker\STM32F407VGTX_FLASH.ld" --specs=nosys.specs -Wl,-Map="HeartbeatChecker.map" -Wl,--gc-sections -static --specs=nano.specs -mfloat-abi=soft -mthumb -Wl,--start-group -lc -lm -Wl,--end-group
Finished building target: HeartbeatChecker.elf
 
arm-none-eabi-size   HeartbeatChecker.elf 
arm-none-eabi-objdump -h -S  HeartbeatChecker.elf  > "HeartbeatChecker.list"
arm-none-eabi-objcopy  -O binary  HeartbeatChecker.elf  "HeartbeatChecker.bin"
   text	   data	    bss	    dec	    hex	filename
   9244	     28	   1716	  10988	   2aec	HeartbeatChecker.elf
Finished building: default.size.stdout
 
Finished building: HeartbeatChecker.bin
Finished building: HeartbeatChecker.list
 
 
14:08:46 **** Incremental Build of configuration Debug for project HeartbeatChecker ****
make -j8 all 
arm-none-eabi-size   HeartbeatChecker.elf 
   text	   data	    bss	    dec	    hex	filename
   9244	     28	   1716	  10988	   2aec	HeartbeatChecker.elf
Finished building: default.size.stdout
 
14:10:38 **** Incremental Build of configuration Debug for project HeartbeatChecker ****
make -j8 all 
arm-none-eabi-gcc "../Core/Src/main.c" -mcpu=cortex-m4 -std=gnu11 -g3 -DDEBUG -DUSE_HAL_DRIVER -DSTM32F407xx -c -I../USB_HOST/App -I../USB_HOST/Target -I../Core/Inc -I../Drivers/STM32F4xx_HAL_Driver/Inc -I../Drivers/STM32F4xx_HAL_Driver/Inc/Legacy -I../Middlewares/ST/STM32_USB_Host_Library/Core/Inc -I../Middlewares/ST/STM32_USB_Host_Library/Class/CDC/Inc -I../Drivers/CMSIS/Device/ST/STM32F4xx/Include -I../Drivers/CMSIS/Include -O0 -ffunction-sections -fdata-sections -Wall -fstack-usage -MMD -MP -MF"Core/Src/main.d" -MT"Core/Src/main.o" --specs=nano.specs -mfloat-abi=soft -mthumb -o "Core/Src/main.o"
arm-none-eabi-gcc -o "HeartbeatChecker.elf" @"objects.list"   -mcpu=cortex-m4 -T"C:\Users\ASUS\Desktop\Project1\HeartbeatChecker\STM32F407VGTX_FLASH.ld" --specs=nosys.specs -Wl,-Map="HeartbeatChecker.map" -Wl,--gc-sections -static --specs=nano.specs -mfloat-abi=soft -mthumb -Wl,--start-group -lc -lm -Wl,--end-group
Finished building target: HeartbeatChecker.elf
 
arm-none-eabi-size   HeartbeatChecker.elf 
arm-none-eabi-objdump -h -S  HeartbeatChecker.elf  > "HeartbeatChecker.list"
arm-none-eabi-objcopy  -O binary  HeartbeatChecker.elf  "HeartbeatChecker.bin"
   text	   data	    bss	    dec	    hex	filename
   9240	     28	   1812	  11080	   2b48	HeartbeatChecker.elf
Finished building: default.size.stdout
 
Finished building: HeartbeatChecker.bin
Finished building: HeartbeatChecker.list
 
 
14:10:48 **** Incremental Build of configuration Debug for project HeartbeatChecker ****
make -j8 all 
arm-none-eabi-size   HeartbeatChecker.elf 
   text	   data	    bss	    dec	    hex	filename
   9240	     28	   1812	  11080	   2b48	HeartbeatChecker.elf
Finished building: default.size.stdout
 
14:12:12 **** Incremental Build of configuration Debug for project HeartbeatChecker ****
make -j8 all 
arm-none-eabi-gcc "../Core/Src/main.c" -mcpu=cortex-m4 -std=gnu11 -g3 -DDEBUG -DUSE_HAL_DRIVER -DSTM32F407xx -c -I../USB_HOST/App -I../USB_HOST/Target -I../Core/Inc -I../Drivers/STM32F4xx_HAL_Driver/Inc -I../Drivers/STM32F4xx_HAL_Driver/Inc/Legacy -I../Middlewares/ST/STM32_USB_Host_Library/Core/Inc -I../Middlewares/ST/STM32_USB_Host_Library/Class/CDC/Inc -I../Drivers/CMSIS/Device/ST/STM32F4xx/Include -I../Drivers/CMSIS/Include -O0 -ffunction-sections -fdata-sections -Wall -fstack-usage -MMD -MP -MF"Core/Src/main.d" -MT"Core/Src/main.o" --specs=nano.specs -mfloat-abi=soft -mthumb -o "Core/Src/main.o"
../Core/Src/main.c: In function 'HAL_GPIO_EXTI_Callback':
../Core/Src/main.c:153:33: warning: passing argument 2 of 'HAL_UART_Transmit' from incompatible pointer type [-Wincompatible-pointer-types]
  153 |   if(HAL_UART_Transmit(&huart2, &data_buffer,count, HAL_MAX_DELAY) != HAL_OK)
      |                                 ^~~~~~~~~~~~
      |                                 |
      |                                 uint8_t (*)[100] {aka unsigned char (*)[100]}
In file included from ../Core/Inc/stm32f4xx_hal_conf.h:407,
                 from ../Drivers/STM32F4xx_HAL_Driver/Inc/stm32f4xx_hal.h:29,
                 from ../Core/Inc/main.h:11,
                 from ../Core/Src/main.c:8:
../Drivers/STM32F4xx_HAL_Driver/Inc/stm32f4xx_hal_uart.h:722:79: note: expected 'const uint8_t *' {aka 'const unsigned char *'} but argument is of type 'uint8_t (*)[100]' {aka 'unsigned char (*)[100]'}
  722 | HAL_StatusTypeDef HAL_UART_Transmit(UART_HandleTypeDef *huart, const uint8_t *pData, uint16_t Size, uint32_t Timeout);
      |                                                                ~~~~~~~~~~~~~~~^~~~~
arm-none-eabi-gcc -o "HeartbeatChecker.elf" @"objects.list"   -mcpu=cortex-m4 -T"C:\Users\ASUS\Desktop\Project1\HeartbeatChecker\STM32F407VGTX_FLASH.ld" --specs=nosys.specs -Wl,-Map="HeartbeatChecker.map" -Wl,--gc-sections -static --specs=nano.specs -mfloat-abi=soft -mthumb -Wl,--start-group -lc -lm -Wl,--end-group
Finished building target: HeartbeatChecker.elf
 
arm-none-eabi-size   HeartbeatChecker.elf 
arm-none-eabi-objdump -h -S  HeartbeatChecker.elf  > "HeartbeatChecker.list"
arm-none-eabi-objcopy  -O binary  HeartbeatChecker.elf  "HeartbeatChecker.bin"
   text	   data	    bss	    dec	    hex	filename
   9240	     28	   1812	  11080	   2b48	HeartbeatChecker.elf
Finished building: default.size.stdout
 
Finished building: HeartbeatChecker.bin
Finished building: HeartbeatChecker.list
 
 
14:12:20 **** Incremental Build of configuration Debug for project HeartbeatChecker ****
make -j8 all 
arm-none-eabi-size   HeartbeatChecker.elf 
   text	   data	    bss	    dec	    hex	filename
   9240	     28	   1812	  11080	   2b48	HeartbeatChecker.elf
Finished building: default.size.stdout
 
14:13:36 **** Incremental Build of configuration Debug for project HeartbeatChecker ****
make -j8 all 
arm-none-eabi-gcc "../Core/Src/main.c" -mcpu=cortex-m4 -std=gnu11 -g3 -DDEBUG -DUSE_HAL_DRIVER -DSTM32F407xx -c -I../USB_HOST/App -I../USB_HOST/Target -I../Core/Inc -I../Drivers/STM32F4xx_HAL_Driver/Inc -I../Drivers/STM32F4xx_HAL_Driver/Inc/Legacy -I../Middlewares/ST/STM32_USB_Host_Library/Core/Inc -I../Middlewares/ST/STM32_USB_Host_Library/Class/CDC/Inc -I../Drivers/CMSIS/Device/ST/STM32F4xx/Include -I../Drivers/CMSIS/Include -O0 -ffunction-sections -fdata-sections -Wall -fstack-usage -MMD -MP -MF"Core/Src/main.d" -MT"Core/Src/main.o" --specs=nano.specs -mfloat-abi=soft -mthumb -o "Core/Src/main.o"
../Core/Src/main.c: In function 'HAL_GPIO_EXTI_Callback':
../Core/Src/main.c:153:32: warning: cast to pointer from integer of different size [-Wint-to-pointer-cast]
  153 |   if(HAL_UART_Transmit(&huart2,(uint8_t*) data_buffer,count, HAL_MAX_DELAY) != HAL_OK)
      |                                ^
arm-none-eabi-gcc -o "HeartbeatChecker.elf" @"objects.list"   -mcpu=cortex-m4 -T"C:\Users\ASUS\Desktop\Project1\HeartbeatChecker\STM32F407VGTX_FLASH.ld" --specs=nosys.specs -Wl,-Map="HeartbeatChecker.map" -Wl,--gc-sections -static --specs=nano.specs -mfloat-abi=soft -mthumb -Wl,--start-group -lc -lm -Wl,--end-group
Finished building target: HeartbeatChecker.elf
 
arm-none-eabi-size   HeartbeatChecker.elf 
arm-none-eabi-objdump -h -S  HeartbeatChecker.elf  > "HeartbeatChecker.list"
arm-none-eabi-objcopy  -O binary  HeartbeatChecker.elf  "HeartbeatChecker.bin"
   text	   data	    bss	    dec	    hex	filename
   9228	     28	   1716	  10972	   2adc	HeartbeatChecker.elf
Finished building: default.size.stdout
 
Finished building: HeartbeatChecker.bin
Finished building: HeartbeatChecker.list
 
 
14:13:57 **** Incremental Build of configuration Debug for project HeartbeatChecker ****
make -j8 all 
arm-none-eabi-gcc "../Core/Src/main.c" -mcpu=cortex-m4 -std=gnu11 -g3 -DDEBUG -DUSE_HAL_DRIVER -DSTM32F407xx -c -I../USB_HOST/App -I../USB_HOST/Target -I../Core/Inc -I../Drivers/STM32F4xx_HAL_Driver/Inc -I../Drivers/STM32F4xx_HAL_Driver/Inc/Legacy -I../Middlewares/ST/STM32_USB_Host_Library/Core/Inc -I../Middlewares/ST/STM32_USB_Host_Library/Class/CDC/Inc -I../Drivers/CMSIS/Device/ST/STM32F4xx/Include -I../Drivers/CMSIS/Include -O0 -ffunction-sections -fdata-sections -Wall -fstack-usage -MMD -MP -MF"Core/Src/main.d" -MT"Core/Src/main.o" --specs=nano.specs -mfloat-abi=soft -mthumb -o "Core/Src/main.o"
../Core/Src/main.c: In function 'HAL_GPIO_EXTI_Callback':
../Core/Src/main.c:153:32: warning: cast to pointer from integer of different size [-Wint-to-pointer-cast]
  153 |   if(HAL_UART_Transmit(&huart2,(uint8_t*)data_buffer,count, HAL_MAX_DELAY) != HAL_OK)
      |                                ^
arm-none-eabi-gcc -o "HeartbeatChecker.elf" @"objects.list"   -mcpu=cortex-m4 -T"C:\Users\ASUS\Desktop\Project1\HeartbeatChecker\STM32F407VGTX_FLASH.ld" --specs=nosys.specs -Wl,-Map="HeartbeatChecker.map" -Wl,--gc-sections -static --specs=nano.specs -mfloat-abi=soft -mthumb -Wl,--start-group -lc -lm -Wl,--end-group
Finished building target: HeartbeatChecker.elf
 
arm-none-eabi-size   HeartbeatChecker.elf 
arm-none-eabi-objdump -h -S  HeartbeatChecker.elf  > "HeartbeatChecker.list"
arm-none-eabi-objcopy  -O binary  HeartbeatChecker.elf  "HeartbeatChecker.bin"
   text	   data	    bss	    dec	    hex	filename
   9228	     28	   1716	  10972	   2adc	HeartbeatChecker.elf
Finished building: default.size.stdout
 
Finished building: HeartbeatChecker.bin
Finished building: HeartbeatChecker.list
 
 
14:14:20 **** Incremental Build of configuration Debug for project HeartbeatChecker ****
make -j8 all 
arm-none-eabi-gcc "../Core/Src/main.c" -mcpu=cortex-m4 -std=gnu11 -g3 -DDEBUG -DUSE_HAL_DRIVER -DSTM32F407xx -c -I../USB_HOST/App -I../USB_HOST/Target -I../Core/Inc -I../Drivers/STM32F4xx_HAL_Driver/Inc -I../Drivers/STM32F4xx_HAL_Driver/Inc/Legacy -I../Middlewares/ST/STM32_USB_Host_Library/Core/Inc -I../Middlewares/ST/STM32_USB_Host_Library/Class/CDC/Inc -I../Drivers/CMSIS/Device/ST/STM32F4xx/Include -I../Drivers/CMSIS/Include -O0 -ffunction-sections -fdata-sections -Wall -fstack-usage -MMD -MP -MF"Core/Src/main.d" -MT"Core/Src/main.o" --specs=nano.specs -mfloat-abi=soft -mthumb -o "Core/Src/main.o"
../Core/Src/main.c: In function 'HAL_GPIO_EXTI_Callback':
../Core/Src/main.c:148:14: warning: assignment to 'uint8_t *' {aka 'unsigned char *'} from 'uint32_t' {aka 'long unsigned int'} makes pointer from integer without a cast [-Wint-conversion]
  148 |  data_buffer = HAL_ADC_GetValue(&adc);
      |              ^
arm-none-eabi-gcc -o "HeartbeatChecker.elf" @"objects.list"   -mcpu=cortex-m4 -T"C:\Users\ASUS\Desktop\Project1\HeartbeatChecker\STM32F407VGTX_FLASH.ld" --specs=nosys.specs -Wl,-Map="HeartbeatChecker.map" -Wl,--gc-sections -static --specs=nano.specs -mfloat-abi=soft -mthumb -Wl,--start-group -lc -lm -Wl,--end-group
[...]
Finished building target: HeartbeatChecker.elf
 
arm-none-eabi-size   HeartbeatChecker.elf 
arm-none-eabi-objdump -h -S  HeartbeatChecker.elf  > "HeartbeatChecker.list"
arm-none-eabi-objcopy  -O binary  HeartbeatChecker.elf  "HeartbeatChecker.bin"
   text	   data	    bss	    dec	    hex	filename
  26672	    488	   1880	  29040	   7170	HeartbeatChecker.elf
Finished building: default.size.stdout
 
Finished building: HeartbeatChecker.bin
 
Finished building: HeartbeatChecker.list
 
19:42:20 **** Incremental Build of configuration Debug for project HeartbeatChecker ****
make -j8 all 
arm-none-eabi-gcc "../Core/Src/main.c" -mcpu=cortex-m4 -std=gnu11 -g3 -DDEBUG -DUSE_HAL_DRIVER -DSTM32F407xx -c -I../USB_HOST/App -I../USB_HOST/Target -I../Core/Inc -I../Drivers/STM32F4xx_HAL_Driver/Inc -I../Drivers/STM32F4xx_HAL_Driver/Inc/Legacy -I../Middlewares/ST/STM32_USB_Host_Library/Core/Inc -I../Middlewares/ST/STM32_USB_Host_Library/Class/CDC/Inc -I../Drivers/CMSIS/Device/ST/STM32F4xx/Include -I../Drivers/CMSIS/Include -O0 -ffunction-sections -fdata-sections -Wall -fstack-usage -MMD -MP -MF"Core/Src/main.d" -MT"Core/Src/main.o" --specs=nano.specs -mfpu=fpv4-sp-d16 -mfloat-abi=hard -mthumb -o "Core/Src/main.o"
arm-none-eabi-gcc -o "HeartbeatChecker.elf" @"objects.list"   -mcpu=cortex-m4 -T"C:\Users\ASUS\Desktop\Project1\HeartbeatChecker\STM32F407VGTX_FLASH.ld" --specs=nosys.specs -Wl,-Map="HeartbeatChecker.map" -Wl,--gc-sections -static --specs=nano.specs -mfpu=fpv4-sp-d16 -mfloat-abi=hard -mthumb -u _printf_float -Wl,--start-group -lc -lm -Wl,--end-group
Finished building target: HeartbeatChecker.elf
 
arm-none-eabi-size   HeartbeatChecker.elf 
arm-none-eabi-objdump -h -S  HeartbeatChecker.elf  > "HeartbeatChecker.list"
arm-none-eabi-objcopy  -O binary  HeartbeatChecker.elf  "HeartbeatChecker.bin"
   text	   data	    bss	    dec	    hex	filename
  26672	    488	   1880	  29040	   7170	HeartbeatChecker.elf
Finished building: default.size.stdout
 
Finished building: HeartbeatChecker.bin
 
Finished building: HeartbeatChecker.list
 
19:42:27 **** Incremental Build of configuration Debug for project HeartbeatChecker ****
make -j8 all 
arm-none-eabi-size   HeartbeatChecker.elf 
   text	   data	    bss	    dec	    hex	filename
  26672	    488	   1880	  29040	   7170	HeartbeatChecker.elf
Finished building: default.size.stdout
 
19:44:00 **** Incremental Build of configuration Debug for project HeartbeatChecker ****
make -j8 all 
arm-none-eabi-gcc "../Core/Src/main.c" -mcpu=cortex-m4 -std=gnu11 -g3 -DDEBUG -DUSE_HAL_DRIVER -DSTM32F407xx -c -I../USB_HOST/App -I../USB_HOST/Target -I../Core/Inc -I../Drivers/STM32F4xx_HAL_Driver/Inc -I../Drivers/STM32F4xx_HAL_Driver/Inc/Legacy -I../Middlewares/ST/STM32_USB_Host_Library/Core/Inc -I../Middlewares/ST/STM32_USB_Host_Library/Class/CDC/Inc -I../Drivers/CMSIS/Device/ST/STM32F4xx/Include -I../Drivers/CMSIS/Include -O0 -ffunction-sections -fdata-sections -Wall -fstack-usage -MMD -MP -MF"Core/Src/main.d" -MT"Core/Src/main.o" --specs=nano.specs -mfpu=fpv4-sp-d16 -mfloat-abi=hard -mthumb -o "Core/Src/main.o"
arm-none-eabi-gcc -o "HeartbeatChecker.elf" @"objects.list"   -mcpu=cortex-m4 -T"C:\Users\ASUS\Desktop\Project1\HeartbeatChecker\STM32F407VGTX_FLASH.ld" --specs=nosys.specs -Wl,-Map="HeartbeatChecker.map" -Wl,--gc-sections -static --specs=nano.specs -mfpu=fpv4-sp-d16 -mfloat-abi=hard -mthumb -u _printf_float -Wl,--start-group -lc -lm -Wl,--end-group
Finished building target: HeartbeatChecker.elf
 
arm-none-eabi-size   HeartbeatChecker.elf 
arm-none-eabi-objdump -h -S  HeartbeatChecker.elf  > "HeartbeatChecker.list"
arm-none-eabi-objcopy  -O binary  HeartbeatChecker.elf  "HeartbeatChecker.bin"
   text	   data	    bss	    dec	    hex	filename
  26664	    488	   1880	  29032	   7168	HeartbeatChecker.elf
Finished building: default.size.stdout
 
Finished building: HeartbeatChecker.bin
 
Finished building: HeartbeatChecker.list
 
19:44:10 **** Incremental Build of configuration Debug for project HeartbeatChecker ****
make -j8 all 
arm-none-eabi-size   HeartbeatChecker.elf 
   text	   data	    bss	    dec	    hex	filename
  26664	    488	   1880	  29032	   7168	HeartbeatChecker.elf
Finished building: default.size.stdout
 
19:47:28 **** Incremental Build of configuration Debug for project HeartbeatChecker ****
make -j8 all 
arm-none-eabi-gcc "../Core/Src/main.c" -mcpu=cortex-m4 -std=gnu11 -g3 -DDEBUG -DUSE_HAL_DRIVER -DSTM32F407xx -c -I../USB_HOST/App -I../USB_HOST/Target -I../Core/Inc -I../Drivers/STM32F4xx_HAL_Driver/Inc -I../Drivers/STM32F4xx_HAL_Driver/Inc/Legacy -I../Middlewares/ST/STM32_USB_Host_Library/Core/Inc -I../Middlewares/ST/STM32_USB_Host_Library/Class/CDC/Inc -I../Drivers/CMSIS/Device/ST/STM32F4xx/Include -I../Drivers/CMSIS/Include -O0 -ffunction-sections -fdata-sections -Wall -fstack-usage -MMD -MP -MF"Core/Src/main.d" -MT"Core/Src/main.o" --specs=nano.specs -mfpu=fpv4-sp-d16 -mfloat-abi=hard -mthumb -o "Core/Src/main.o"
../Core/Src/main.c: In function 'HAL_GPIO_EXTI_Callback':
../Core/Src/main.c:208:32: warning: format '%f' expects argument of type 'double', but argument 3 has type 'int' [-Wformat=]
  208 |   sprintf(data_buffer, "Beat: %f\r\n", pulse);
      |                               ~^       ~~~~~
      |                                |       |
      |                                double  int
      |                               %d
../Core/Src/main.c:183:8: warning: unused variable 'Vadc' [-Wunused-variable]
  183 |  float Vadc;
      |        ^~~~
arm-none-eabi-gcc -o "HeartbeatChecker.elf" @"objects.list"   -mcpu=cortex-m4 -T"C:\Users\ASUS\Desktop\Project1\HeartbeatChecker\STM32F407VGTX_FLASH.ld" --specs=nosys.specs -Wl,-Map="HeartbeatChecker.map" -Wl,--gc-sections -static --specs=nano.specs -mfpu=fpv4-sp-d16 -mfloat-abi=hard -mthumb -u _printf_float -Wl,--start-group -lc -lm -Wl,--end-group
Finished building target: HeartbeatChecker.elf
 
arm-none-eabi-size   HeartbeatChecker.elf 
arm-none-eabi-objdump -h -S  HeartbeatChecker.elf  > "HeartbeatChecker.list"
arm-none-eabi-objcopy  -O binary  HeartbeatChecker.elf  "HeartbeatChecker.bin"
   text	   data	    bss	    dec	    hex	filename
  26600	    488	   1872	  28960	   7120	HeartbeatChecker.elf
Finished building: default.size.stdout
 
Finished building: HeartbeatChecker.bin
 
Finished building: HeartbeatChecker.list
 
19:47:36 **** Incremental Build of configuration Debug for project HeartbeatChecker ****
make -j8 all 
arm-none-eabi-gcc "../Core/Src/main.c" -mcpu=cortex-m4 -std=gnu11 -g3 -DDEBUG -DUSE_HAL_DRIVER -DSTM32F407xx -c -I../USB_HOST/App -I../USB_HOST/Target -I../Core/Inc -I../Drivers/STM32F4xx_HAL_Driver/Inc -I../Drivers/STM32F4xx_HAL_Driver/Inc/Legacy -I../Middlewares/ST/STM32_USB_Host_Library/Core/Inc -I../Middlewares/ST/STM32_USB_Host_Library/Class/CDC/Inc -I../Drivers/CMSIS/Device/ST/STM32F4xx/Include -I../Drivers/CMSIS/Include -O0 -ffunction-sections -fdata-sections -Wall -fstack-usage -MMD -MP -MF"Core/Src/main.d" -MT"Core/Src/main.o" --specs=nano.specs -mfpu=fpv4-sp-d16 -mfloat-abi=hard -mthumb -o "Core/Src/main.o"
../Core/Src/main.c: In function 'HAL_GPIO_EXTI_Callback':
../Core/Src/main.c:183:8: warning: unused variable 'Vadc' [-Wunused-variable]
  183 |  float Vadc;
      |        ^~~~
arm-none-eabi-gcc -o "HeartbeatChecker.elf" @"objects.list"   -mcpu=cortex-m4 -T"C:\Users\ASUS\Desktop\Project1\HeartbeatChecker\STM32F407VGTX_FLASH.ld" --specs=nosys.specs -Wl,-Map="HeartbeatChecker.map" -Wl,--gc-sections -static --specs=nano.specs -mfpu=fpv4-sp-d16 -mfloat-abi=hard -mthumb -u _printf_float -Wl,--start-group -lc -lm -Wl,--end-group
Finished building target: HeartbeatChecker.elf
 
arm-none-eabi-size   HeartbeatChecker.elf 
arm-none-eabi-objdump -h -S  HeartbeatChecker.elf  > "HeartbeatChecker.list"
arm-none-eabi-objcopy  -O binary  HeartbeatChecker.elf  "HeartbeatChecker.bin"
   text	   data	    bss	    dec	    hex	filename
  26600	    488	   1872	  28960	   7120	HeartbeatChecker.elf
Finished building: default.size.stdout
 
Finished building: HeartbeatChecker.bin
 
Finished building: HeartbeatChecker.list
 
19:47:50 **** Incremental Build of configuration Debug for project HeartbeatChecker ****
make -j8 all 
arm-none-eabi-size   HeartbeatChecker.elf 
   text	   data	    bss	    dec	    hex	filename
  26600	    488	   1872	  28960	   7120	HeartbeatChecker.elf
Finished building: default.size.stdout
 
19:49:36 **** Incremental Build of configuration Debug for project HeartbeatChecker ****
make -j8 all 
arm-none-eabi-gcc "../Core/Src/main.c" -mcpu=cortex-m4 -std=gnu11 -g3 -DDEBUG -DUSE_HAL_DRIVER -DSTM32F407xx -c -I../USB_HOST/App -I../USB_HOST/Target -I../Core/Inc -I../Drivers/STM32F4xx_HAL_Driver/Inc -I../Drivers/STM32F4xx_HAL_Driver/Inc/Legacy -I../Middlewares/ST/STM32_USB_Host_Library/Core/Inc -I../Middlewares/ST/STM32_USB_Host_Library/Class/CDC/Inc -I../Drivers/CMSIS/Device/ST/STM32F4xx/Include -I../Drivers/CMSIS/Include -O0 -ffunction-sections -fdata-sections -Wall -fstack-usage -MMD -MP -MF"Core/Src/main.d" -MT"Core/Src/main.o" --specs=nano.specs -mfpu=fpv4-sp-d16 -mfloat-abi=hard -mthumb -o "Core/Src/main.o"
../Core/Src/main.c: In function 'HAL_GPIO_EXTI_Callback':
../Core/Src/main.c:183:8: warning: unused variable 'Vadc' [-Wunused-variable]
  183 |  float Vadc;
      |        ^~~~
arm-none-eabi-gcc -o "HeartbeatChecker.elf" @"objects.list"   -mcpu=cortex-m4 -T"C:\Users\ASUS\Desktop\Project1\HeartbeatChecker\STM32F407VGTX_FLASH.ld" --specs=nosys.specs -Wl,-Map="HeartbeatChecker.map" -Wl,--gc-sections -static --specs=nano.specs -mfpu=fpv4-sp-d16 -mfloat-abi=hard -mthumb -u _printf_float -Wl,--start-group -lc -lm -Wl,--end-group
Finished building target: HeartbeatChecker.elf
 
arm-none-eabi-size   HeartbeatChecker.elf 
arm-none-eabi-objdump -h -S  HeartbeatChecker.elf  > "HeartbeatChecker.list"
arm-none-eabi-objcopy  -O binary  HeartbeatChecker.elf  "HeartbeatChecker.bin"
   text	   data	    bss	    dec	    hex	filename
  26680	    488	   1872	  29040	   7170	HeartbeatChecker.elf
Finished building: default.size.stdout
 
Finished building: HeartbeatChecker.bin
 
Finished building: HeartbeatChecker.list
 
19:50:06 **** Incremental Build of configuration Debug for project HeartbeatChecker ****
make -j8 all 
arm-none-eabi-gcc "../Core/Src/main.c" -mcpu=cortex-m4 -std=gnu11 -g3 -DDEBUG -DUSE_HAL_DRIVER -DSTM32F407xx -c -I../USB_HOST/App -I../USB_HOST/Target -I../Core/Inc -I../Drivers/STM32F4xx_HAL_Driver/Inc -I../Drivers/STM32F4xx_HAL_Driver/Inc/Legacy -I../Middlewares/ST/STM32_USB_Host_Library/Core/Inc -I../Middlewares/ST/STM32_USB_Host_Library/Class/CDC/Inc -I../Drivers/CMSIS/Device/ST/STM32F4xx/Include -I../Drivers/CMSIS/Include -O0 -ffunction-sections -fdata-sections -Wall -fstack-usage -MMD -MP -MF"Core/Src/main.d" -MT"Core/Src/main.o" --specs=nano.specs -mfpu=fpv4-sp-d16 -mfloat-abi=hard -mthumb -o "Core/Src/main.o"
../Core/Src/main.c: In function 'HAL_GPIO_EXTI_Callback':
../Core/Src/main.c:183:8: warning: unused variable 'Vadc' [-Wunused-variable]
  183 |  float Vadc;
      |        ^~~~
arm-none-eabi-gcc -o "HeartbeatChecker.elf" @"objects.list"   -mcpu=cortex-m4 -T"C:\Users\ASUS\Desktop\Project1\HeartbeatChecker\STM32F407VGTX_FLASH.ld" --specs=nosys.specs -Wl,-Map="HeartbeatChecker.map" -Wl,--gc-sections -static --specs=nano.specs -mfpu=fpv4-sp-d16 -mfloat-abi=hard -mthumb -u _printf_float -Wl,--start-group -lc -lm -Wl,--end-group
Finished building target: HeartbeatChecker.elf
 
arm-none-eabi-size   HeartbeatChecker.elf 
arm-none-eabi-objdump -h -S  HeartbeatChecker.elf  > "HeartbeatChecker.list"
arm-none-eabi-objcopy  -O binary  HeartbeatChecker.elf  "HeartbeatChecker.bin"
   text	   data	    bss	    dec	    hex	filename
  26680	    488	   1872	  29040	   7170	HeartbeatChecker.elf
Finished building: default.size.stdout
 
Finished building: HeartbeatChecker.bin
 
Finished building: HeartbeatChecker.list
 
19:51:25 **** Incremental Build of configuration Debug for project HeartbeatChecker ****
make -j8 all 
arm-none-eabi-gcc "../Core/Src/main.c" -mcpu=cortex-m4 -std=gnu11 -g3 -DDEBUG -DUSE_HAL_DRIVER -DSTM32F407xx -c -I../USB_HOST/App -I../USB_HOST/Target -I../Core/Inc -I../Drivers/STM32F4xx_HAL_Driver/Inc -I../Drivers/STM32F4xx_HAL_Driver/Inc/Legacy -I../Middlewares/ST/STM32_USB_Host_Library/Core/Inc -I../Middlewares/ST/STM32_USB_Host_Library/Class/CDC/Inc -I../Drivers/CMSIS/Device/ST/STM32F4xx/Include -I../Drivers/CMSIS/Include -O0 -ffunction-sections -fdata-sections -Wall -fstack-usage -MMD -MP -MF"Core/Src/main.d" -MT"Core/Src/main.o" --specs=nano.specs -mfpu=fpv4-sp-d16 -mfloat-abi=hard -mthumb -o "Core/Src/main.o"
../Core/Src/main.c: In function 'HAL_GPIO_EXTI_Callback':
../Core/Src/main.c:183:8: warning: unused variable 'Vadc' [-Wunused-variable]
  183 |  float Vadc;
      |        ^~~~
arm-none-eabi-gcc -o "HeartbeatChecker.elf" @"objects.list"   -mcpu=cortex-m4 -T"C:\Users\ASUS\Desktop\Project1\HeartbeatChecker\STM32F407VGTX_FLASH.ld" --specs=nosys.specs -Wl,-Map="HeartbeatChecker.map" -Wl,--gc-sections -static --specs=nano.specs -mfpu=fpv4-sp-d16 -mfloat-abi=hard -mthumb -u _printf_float -Wl,--start-group -lc -lm -Wl,--end-group
Finished building target: HeartbeatChecker.elf
 
arm-none-eabi-size   HeartbeatChecker.elf 
arm-none-eabi-objdump -h -S  HeartbeatChecker.elf  > "HeartbeatChecker.list"
arm-none-eabi-objcopy  -O binary  HeartbeatChecker.elf  "HeartbeatChecker.bin"
   text	   data	    bss	    dec	    hex	filename
  26680	    488	   1872	  29040	   7170	HeartbeatChecker.elf
Finished building: default.size.stdout
 
Finished building: HeartbeatChecker.bin
 
Finished building: HeartbeatChecker.list
 
19:51:35 **** Incremental Build of configuration Debug for project HeartbeatChecker ****
make -j8 all 
arm-none-eabi-gcc "../Core/Src/main.c" -mcpu=cortex-m4 -std=gnu11 -g3 -DDEBUG -DUSE_HAL_DRIVER -DSTM32F407xx -c -I../USB_HOST/App -I../USB_HOST/Target -I../Core/Inc -I../Drivers/STM32F4xx_HAL_Driver/Inc -I../Drivers/STM32F4xx_HAL_Driver/Inc/Legacy -I../Middlewares/ST/STM32_USB_Host_Library/Core/Inc -I../Middlewares/ST/STM32_USB_Host_Library/Class/CDC/Inc -I../Drivers/CMSIS/Device/ST/STM32F4xx/Include -I../Drivers/CMSIS/Include -O0 -ffunction-sections -fdata-sections -Wall -fstack-usage -MMD -MP -MF"Core/Src/main.d" -MT"Core/Src/main.o" --specs=nano.specs -mfpu=fpv4-sp-d16 -mfloat-abi=hard -mthumb -o "Core/Src/main.o"
../Core/Src/main.c: In function 'HAL_GPIO_EXTI_Callback':
../Core/Src/main.c:183:8: warning: unused variable 'Vadc' [-Wunused-variable]
  183 |  float Vadc;
      |        ^~~~
arm-none-eabi-gcc -o "HeartbeatChecker.elf" @"objects.list"   -mcpu=cortex-m4 -T"C:\Users\ASUS\Desktop\Project1\HeartbeatChecker\STM32F407VGTX_FLASH.ld" --specs=nosys.specs -Wl,-Map="HeartbeatChecker.map" -Wl,--gc-sections -static --specs=nano.specs -mfpu=fpv4-sp-d16 -mfloat-abi=hard -mthumb -u _printf_float -Wl,--start-group -lc -lm -Wl,--end-group
Finished building target: HeartbeatChecker.elf
 
arm-none-eabi-size   HeartbeatChecker.elf 
arm-none-eabi-objdump -h -S  HeartbeatChecker.elf  > "HeartbeatChecker.list"
arm-none-eabi-objcopy  -O binary  HeartbeatChecker.elf  "HeartbeatChecker.bin"
   text	   data	    bss	    dec	    hex	filename
  26680	    488	   1872	  29040	   7170	HeartbeatChecker.elf
Finished building: default.size.stdout
 
Finished building: HeartbeatChecker.bin
 
Finished building: HeartbeatChecker.list
 
19:51:41 **** Incremental Build of configuration Debug for project HeartbeatChecker ****
make -j8 all 
arm-none-eabi-size   HeartbeatChecker.elf 
   text	   data	    bss	    dec	    hex	filename
  26680	    488	   1872	  29040	   7170	HeartbeatChecker.elf
Finished building: default.size.stdout
 
19:52:58 **** Incremental Build of configuration Debug for project HeartbeatChecker ****
make -j8 all 
arm-none-eabi-gcc "../Core/Src/main.c" -mcpu=cortex-m4 -std=gnu11 -g3 -DDEBUG -DUSE_HAL_DRIVER -DSTM32F407xx -c -I../USB_HOST/App -I../USB_HOST/Target -I../Core/Inc -I../Drivers/STM32F4xx_HAL_Driver/Inc -I../Drivers/STM32F4xx_HAL_Driver/Inc/Legacy -I../Middlewares/ST/STM32_USB_Host_Library/Core/Inc -I../Middlewares/ST/STM32_USB_Host_Library/Class/CDC/Inc -I../Drivers/CMSIS/Device/ST/STM32F4xx/Include -I../Drivers/CMSIS/Include -O0 -ffunction-sections -fdata-sections -Wall -fstack-usage -MMD -MP -MF"Core/Src/main.d" -MT"Core/Src/main.o" --specs=nano.specs -mfpu=fpv4-sp-d16 -mfloat-abi=hard -mthumb -o "Core/Src/main.o"
../Core/Src/main.c: In function 'HAL_GPIO_EXTI_Callback':
../Core/Src/main.c:183:8: warning: unused variable 'Vadc' [-Wunused-variable]
  183 |  float Vadc;
      |        ^~~~
arm-none-eabi-gcc -o "HeartbeatChecker.elf" @"objects.list"   -mcpu=cortex-m4 -T"C:\Users\ASUS\Desktop\Project1\HeartbeatChecker\STM32F407VGTX_FLASH.ld" --specs=nosys.specs -Wl,-Map="HeartbeatChecker.map" -Wl,--gc-sections -static --specs=nano.specs -mfpu=fpv4-sp-d16 -mfloat-abi=hard -mthumb -u _printf_float -Wl,--start-group -lc -lm -Wl,--end-group
Finished building target: HeartbeatChecker.elf
 
arm-none-eabi-size   HeartbeatChecker.elf 
arm-none-eabi-objdump -h -S  HeartbeatChecker.elf  > "HeartbeatChecker.list"
arm-none-eabi-objcopy  -O binary  HeartbeatChecker.elf  "HeartbeatChecker.bin"
   text	   data	    bss	    dec	    hex	filename
  26680	    488	   1872	  29040	   7170	HeartbeatChecker.elf
Finished building: default.size.stdout
 
Finished building: HeartbeatChecker.bin
 
Finished building: HeartbeatChecker.list
 
19:53:12 **** Incremental Build of configuration Debug for project HeartbeatChecker ****
make -j8 all 
arm-none-eabi-size   HeartbeatChecker.elf 
   text	   data	    bss	    dec	    hex	filename
  26680	    488	   1872	  29040	   7170	HeartbeatChecker.elf
Finished building: default.size.stdout
 
19:56:24 **** Incremental Build of configuration Debug for project HeartbeatChecker ****
make -j8 all 
arm-none-eabi-gcc "../Core/Src/main.c" -mcpu=cortex-m4 -std=gnu11 -g3 -DDEBUG -DUSE_HAL_DRIVER -DSTM32F407xx -c -I../USB_HOST/App -I../USB_HOST/Target -I../Core/Inc -I../Drivers/STM32F4xx_HAL_Driver/Inc -I../Drivers/STM32F4xx_HAL_Driver/Inc/Legacy -I../Middlewares/ST/STM32_USB_Host_Library/Core/Inc -I../Middlewares/ST/STM32_USB_Host_Library/Class/CDC/Inc -I../Drivers/CMSIS/Device/ST/STM32F4xx/Include -I../Drivers/CMSIS/Include -O0 -ffunction-sections -fdata-sections -Wall -fstack-usage -MMD -MP -MF"Core/Src/main.d" -MT"Core/Src/main.o" --specs=nano.specs -mfpu=fpv4-sp-d16 -mfloat-abi=hard -mthumb -o "Core/Src/main.o"
../Core/Src/main.c: In function 'HAL_GPIO_EXTI_Callback':
../Core/Src/main.c:183:8: warning: unused variable 'Vadc' [-Wunused-variable]
  183 |  float Vadc;
      |        ^~~~
arm-none-eabi-gcc -o "HeartbeatChecker.elf" @"objects.list"   -mcpu=cortex-m4 -T"C:\Users\ASUS\Desktop\Project1\HeartbeatChecker\STM32F407VGTX_FLASH.ld" --specs=nosys.specs -Wl,-Map="HeartbeatChecker.map" -Wl,--gc-sections -static --specs=nano.specs -mfpu=fpv4-sp-d16 -mfloat-abi=hard -mthumb -u _printf_float -Wl,--start-group -lc -lm -Wl,--end-group
Finished building target: HeartbeatChecker.elf
 
arm-none-eabi-size   HeartbeatChecker.elf 
arm-none-eabi-objdump -h -S  HeartbeatChecker.elf  > "HeartbeatChecker.list"
arm-none-eabi-objcopy  -O binary  HeartbeatChecker.elf  "HeartbeatChecker.bin"
   text	   data	    bss	    dec	    hex	filename
  26680	    488	   1872	  29040	   7170	HeartbeatChecker.elf
Finished building: default.size.stdout
 
Finished building: HeartbeatChecker.bin
 
Finished building: HeartbeatChecker.list
 
19:56:34 **** Incremental Build of configuration Debug for project HeartbeatChecker ****
make -j8 all 
arm-none-eabi-size   HeartbeatChecker.elf 
   text	   data	    bss	    dec	    hex	filename
  26680	    488	   1872	  29040	   7170	HeartbeatChecker.elf
Finished building: default.size.stdout
 
19:58:33 **** Incremental Build of configuration Debug for project HeartbeatChecker ****
make -j8 all 
arm-none-eabi-size   HeartbeatChecker.elf 
   text	   data	    bss	    dec	    hex	filename
  26680	    488	   1872	  29040	   7170	HeartbeatChecker.elf
Finished building: default.size.stdout
 
